Archive member included to satisfy reference by file (symbol)

c:/users/pjparisien/documents/codex/2026-08-31/referenced-chatgpt-conversation-this-is-an/work/toolchains/gcc731/bin/../lib/gcc/arm-none-eabi/7.3.1/thumb/v7-m\libgcc.a(_arm_addsubdf3.o)
                              _build/../../common/src/state.o (__aeabi_dadd)
c:/users/pjparisien/documents/codex/2026-08-31/referenced-chatgpt-conversation-this-is-an/work/toolchains/gcc731/bin/../lib/gcc/arm-none-eabi/7.3.1/thumb/v7-m\libgcc.a(_arm_muldivdf3.o)
                              _build/../../common/src/state.o (__aeabi_dmul)
c:/users/pjparisien/documents/codex/2026-08-31/referenced-chatgpt-conversation-this-is-an/work/toolchains/gcc731/bin/../lib/gcc/arm-none-eabi/7.3.1/thumb/v7-m\libgcc.a(_arm_fixunsdfsi.o)
                              _build/../../common/src/state.o (__aeabi_d2uiz)
c:/users/pjparisien/documents/codex/2026-08-31/referenced-chatgpt-conversation-this-is-an/work/toolchains/gcc731/bin/../lib/gcc/arm-none-eabi/7.3.1/thumb/v7-m\libgcc.a(_arm_addsubsf3.o)
                              _build/mainscreen-850.o (__aeabi_fadd)
c:/users/pjparisien/documents/codex/2026-08-31/referenced-chatgpt-conversation-this-is-an/work/toolchains/gcc731/bin/../lib/gcc/arm-none-eabi/7.3.1/thumb/v7-m\libgcc.a(_arm_muldivsf3.o)
                              _build/mainscreen-850.o (__aeabi_fmul)
c:/users/pjparisien/documents/codex/2026-08-31/referenced-chatgpt-conversation-this-is-an/work/toolchains/gcc731/bin/../lib/gcc/arm-none-eabi/7.3.1/thumb/v7-m\libgcc.a(_arm_cmpsf2.o)
                              _build/mainscreen-850.o (__aeabi_fcmpgt)
c:/users/pjparisien/documents/codex/2026-08-31/referenced-chatgpt-conversation-this-is-an/work/toolchains/gcc731/bin/../lib/gcc/arm-none-eabi/7.3.1/thumb/v7-m\libgcc.a(_arm_fixsfsi.o)
                              _build/mainscreen-850.o (__aeabi_f2iz)
c:/users/pjparisien/documents/codex/2026-08-31/referenced-chatgpt-conversation-this-is-an/work/toolchains/gcc731/bin/../lib/gcc/arm-none-eabi/7.3.1/../../../../arm-none-eabi/lib/thumb/v7-m\libm.a(lib_a-sf_cos.o)
                              _build/mainscreen-850.o (cosf)
c:/users/pjparisien/documents/codex/2026-08-31/referenced-chatgpt-conversation-this-is-an/work/toolchains/gcc731/bin/../lib/gcc/arm-none-eabi/7.3.1/../../../../arm-none-eabi/lib/thumb/v7-m\libm.a(lib_a-sf_sin.o)
                              _build/mainscreen-850.o (sinf)
c:/users/pjparisien/documents/codex/2026-08-31/referenced-chatgpt-conversation-this-is-an/work/toolchains/gcc731/bin/../lib/gcc/arm-none-eabi/7.3.1/../../../../arm-none-eabi/lib/thumb/v7-m\libm.a(lib_a-ef_rem_pio2.o)
                              c:/users/pjparisien/documents/codex/2026-08-31/referenced-chatgpt-conversation-this-is-an/work/toolchains/gcc731/bin/../lib/gcc/arm-none-eabi/7.3.1/../../../../arm-none-eabi/lib/thumb/v7-m\libm.a(lib_a-sf_cos.o) (__ieee754_rem_pio2f)
c:/users/pjparisien/documents/codex/2026-08-31/referenced-chatgpt-conversation-this-is-an/work/toolchains/gcc731/bin/../lib/gcc/arm-none-eabi/7.3.1/../../../../arm-none-eabi/lib/thumb/v7-m\libm.a(lib_a-kf_cos.o)
                              c:/users/pjparisien/documents/codex/2026-08-31/referenced-chatgpt-conversation-this-is-an/work/toolchains/gcc731/bin/../lib/gcc/arm-none-eabi/7.3.1/../../../../arm-none-eabi/lib/thumb/v7-m\libm.a(lib_a-sf_cos.o) (__kernel_cosf)
c:/users/pjparisien/documents/codex/2026-08-31/referenced-chatgpt-conversation-this-is-an/work/toolchains/gcc731/bin/../lib/gcc/arm-none-eabi/7.3.1/../../../../arm-none-eabi/lib/thumb/v7-m\libm.a(lib_a-kf_rem_pio2.o)
                              c:/users/pjparisien/documents/codex/2026-08-31/referenced-chatgpt-conversation-this-is-an/work/toolchains/gcc731/bin/../lib/gcc/arm-none-eabi/7.3.1/../../../../arm-none-eabi/lib/thumb/v7-m\libm.a(lib_a-ef_rem_pio2.o) (__kernel_rem_pio2f)
c:/users/pjparisien/documents/codex/2026-08-31/referenced-chatgpt-conversation-this-is-an/work/toolchains/gcc731/bin/../lib/gcc/arm-none-eabi/7.3.1/../../../../arm-none-eabi/lib/thumb/v7-m\libm.a(lib_a-kf_sin.o)
                              c:/users/pjparisien/documents/codex/2026-08-31/referenced-chatgpt-conversation-this-is-an/work/toolchains/gcc731/bin/../lib/gcc/arm-none-eabi/7.3.1/../../../../arm-none-eabi/lib/thumb/v7-m\libm.a(lib_a-sf_cos.o) (__kernel_sinf)
c:/users/pjparisien/documents/codex/2026-08-31/referenced-chatgpt-conversation-this-is-an/work/toolchains/gcc731/bin/../lib/gcc/arm-none-eabi/7.3.1/../../../../arm-none-eabi/lib/thumb/v7-m\libm.a(lib_a-sf_fabs.o)
                              c:/users/pjparisien/documents/codex/2026-08-31/referenced-chatgpt-conversation-this-is-an/work/toolchains/gcc731/bin/../lib/gcc/arm-none-eabi/7.3.1/../../../../arm-none-eabi/lib/thumb/v7-m\libm.a(lib_a-ef_rem_pio2.o) (fabsf)
[...]
Memory Configuration

Name             Origin             Length             Attributes
FLASH            0x0000000008000000 0x0000000000080000 xr
RAM              0x0000000020000000 0x0000000000010000 xrw
MEMORY_B1        0x0000000060000000 0x0000000000000000 xr
*default*        0x0000000000000000 0xffffffffffffffff

Linker script and memory map

LOAD _build/spl/CMSIS/core_cm3.o
LOAD _build/spl/CMSIS/system_stm32f10x.o
LOAD _build/spl/src/misc.o
LOAD _build/spl/src/stm32f10x_adc.o
LOAD _build/spl/src/stm32f10x_bkp.o
LOAD _build/spl/src/stm32f10x_can.o
LOAD _build/spl/src/stm32f10x_cec.o
LOAD _build/spl/src/stm32f10x_crc.o
LOAD _build/spl/src/stm32f10x_dac.o
LOAD _build/spl/src/stm32f10x_dbgmcu.o
LOAD _build/spl/src/stm32f10x_dma.o
LOAD _build/spl/src/stm32f10x_exti.o
LOAD _build/spl/src/stm32f10x_flash.o
LOAD _build/spl/src/stm32f10x_fsmc.o
LOAD _build/spl/src/stm32f10x_gpio.o
LOAD _build/spl/src/stm32f10x_i2c.o
LOAD _build/spl/src/stm32f10x_iwdg.o
LOAD _build/spl/src/stm32f10x_pwr.o
LOAD _build/spl/src/stm32f10x_rcc.o
LOAD _build/spl/src/stm32f10x_rtc.o
LOAD _build/spl/src/stm32f10x_sdio.o
LOAD _build/spl/src/stm32f10x_spi.o
LOAD _build/spl/src/stm32f10x_tim.o
LOAD _build/spl/src/stm32f10x_usart.o
LOAD _build/spl/src/stm32f10x_wwdg.o
LOAD _build/ugui_driver/ugui_display_8x0c.o
LOAD _build/adc.o
LOAD _build/battery_gui.o
LOAD _build/eeprom-hw.o
LOAD _build/fault.o
LOAD _build/lcd.o
LOAD _build/main.o
LOAD _build/mainscreen-850.o
LOAD _build/pins.o
LOAD _build/rtc.o
LOAD _build/timers.o
LOAD _build/uart.o
LOAD _build/usart1.o
LOAD _build/../../common/src/fault.o
LOAD _build/../../common/src/buttons.o
LOAD _build/../../common/src/utils.o
LOAD _build/../../common/src/ugui.o
LOAD _build/../../common/src/fonts.o
LOAD _build/../../common/src/state.o
LOAD _build/../../common/src/screen.o
LOAD _build/../../common/src/mainscreen.o
LOAD _build/../../common/src/configscreen.o
LOAD _build/../../common/src/eeprom.o
LOAD _build/../../common/protocol/protocol.o
LOAD _build/../../common/protocol/tsdz2_protocol.o
LOAD _build/../../common/protocol/bafang_protocol.o
LOAD _build/../../common/protocol/range_estimator.o
LOAD _build/../../common/protocol/instrumentation.o
LOAD startup_stm32f10x_md.o
LOAD c:/users/pjparisien/documents/codex/2026-08-31/referenced-chatgpt-conversation-this-is-an/work/toolchains/gcc731/bin/../lib/gcc/arm-none-eabi/7.3.1/thumb/v7-m\libgcc.a
LOAD c:/users/pjparisien/documents/codex/2026-08-31/referenced-chatgpt-conversation-this-is-an/work/toolchains/gcc731/bin/../lib/gcc/arm-none-eabi/7.3.1/../../../../arm-none-eabi/lib/thumb/v7-m\libm.a
LOAD c:/users/pjparisien/documents/codex/2026-08-31/referenced-chatgpt-conversation-this-is-an/work/toolchains/gcc731/bin/../lib/gcc/arm-none-eabi/7.3.1/../../../../arm-none-eabi/lib/thumb/v7-m\libnosys.a
START GROUP
LOAD c:/users/pjparisien/documents/codex/2026-08-31/referenced-chatgpt-conversation-this-is-an/work/toolchains/gcc731/bin/../lib/gcc/arm-none-eabi/7.3.1/thumb/v7-m\libgcc.a
LOAD c:/users/pjparisien/documents/codex/2026-08-31/referenced-chatgpt-conversation-this-is-an/work/toolchains/gcc731/bin/../lib/gcc/arm-none-eabi/7.3.1/../../../../arm-none-eabi/lib/thumb/v7-m\libc_nano.a
END GROUP
START GROUP
LOAD c:/users/pjparisien/documents/codex/2026-08-31/referenced-chatgpt-conversation-this-is-an/work/toolchains/gcc731/bin/../lib/gcc/arm-none-eabi/7.3.1/thumb/v7-m\libgcc.a
LOAD c:/users/pjparisien/documents/codex/2026-08-31/referenced-chatgpt-conversation-this-is-an/work/toolchains/gcc731/bin/../lib/gcc/arm-none-eabi/7.3.1/../../../../arm-none-eabi/lib/thumb/v7-m\libc_nano.a
LOAD c:/users/pjparisien/documents/codex/2026-08-31/referenced-chatgpt-conversation-this-is-an/work/toolchains/gcc731/bin/../lib/gcc/arm-none-eabi/7.3.1/../../../../arm-none-eabi/lib/thumb/v7-m\libnosys.a
END GROUP
START GROUP
LOAD c:/users/pjparisien/documents/codex/2026-08-31/referenced-chatgpt-conversation-this-is-an/work/toolchains/gcc731/bin/../lib/gcc/arm-none-eabi/7.3.1/thumb/v7-m\libgcc.a
LOAD c:/users/pjparisien/documents/codex/2026-08-31/referenced-chatgpt-conversation-this-is-an/work/toolchains/gcc731/bin/../lib/gcc/arm-none-eabi/7.3.1/../../../../arm-none-eabi/lib/thumb/v7-m\libc_nano.a
LOAD c:/users/pjparisien/documents/codex/2026-08-31/referenced-chatgpt-conversation-this-is-an/work/toolchains/gcc731/bin/../lib/gcc/arm-none-eabi/7.3.1/../../../../arm-none-eabi/lib/thumb/v7-m\libnosys.a
END GROUP
                0x0000000020010000                _estack = 0x20010000
                0x0000000000000000                _Min_Heap_Size = 0x0
                0x0000000000000100                _Min_Stack_Size = 0x100
                0x0000000000000001                ASSERT ((ORIGIN (RAM) == 0x20000000), unexpected GD32F303RET6 SRAM origin)
                0x0000000000000001                ASSERT ((LENGTH (RAM) == 0x10000), unexpected GD32F303RET6 SRAM length)
                0x0000000000000001                ASSERT ((_estack == (ORIGIN (RAM) + LENGTH (RAM))), stack top is outside SRAM)
                0x0000000000000001                ASSERT (((DEFINED (USE_WITH_BOOTLOADER) && (ORIGIN (FLASH) == 0x8005000)) || (! (DEFINED (USE_WITH_BOOTLOADER)) && (ORIGIN (FLASH) == 0x8000000))), unexpected application origin)
                0x0000000000000001                ASSERT (((ORIGIN (FLASH) + LENGTH (FLASH)) == 0x8080000), flash region must end at physical 512 KiB boundary)

.isr_vector     0x0000000008000000      0x10c
                0x0000000008000000                . = ALIGN (0x4)
 *(.isr_vector)
 .isr_vector    0x0000000008000000      0x10c startup_stm32f10x_md.o
                0x0000000008000000                g_pfnVectors
                0x000000000800010c                . = ALIGN (0x4)

.text           0x0000000008000110    0x45018
                0x0000000008000110                . = ALIGN (0x4)
 *(.text)
 .text          0x0000000008000110      0x378 c:/users/pjparisien/documents/codex/2026-08-31/referenced-chatgpt-conversation-this-is-an/work/toolchains/gcc731/bin/../lib/gcc/arm-none-eabi/7.3.1/thumb/v7-m\libgcc.a(_arm_addsubdf3.o)
                0x0000000008000110                __aeabi_drsub
                0x0000000008000118                __aeabi_dsub
                0x0000000008000118                __subdf3
                0x000000000800011c                __aeabi_dadd
                0x000000000800011c                __adddf3
                0x0000000008000394                __floatunsidf
                0x0000000008000394                __aeabi_ui2d
                0x00000000080003b4                __floatsidf
                0x00000000080003b4                __aeabi_i2d
                0x00000000080003d8                __aeabi_f2d
                0x00000000080003d8                __extendsfdf2
                0x000000000800041c                __floatundidf
                0x000000000800041c                __aeabi_ul2d
                0x000000000800042c                __floatdidf
                0x000000000800042c                __aeabi_l2d
 .text          0x0000000008000488      0x424 c:/users/pjparisien/documents/codex/2026-08-31/referenced-chatgpt-conversation-this-is-an/work/toolchains/gcc731/bin/../lib/gcc/arm-none-eabi/7.3.1/thumb/v7-m\libgcc.a(_arm_muldivdf3.o)
                0x0000000008000488                __aeabi_dmul
                0x0000000008000488                __muldf3
                0x00000000080006dc                __divdf3
                0x00000000080006dc                __aeabi_ddiv
 .text          0x00000000080008ac       0x40 c:/users/pjparisien/documents/codex/2026-08-31/referenced-chatgpt-conversation-this-is-an/work/toolchains/gcc731/bin/../lib/gcc/arm-none-eabi/7.3.1/thumb/v7-m\libgcc.a(_arm_fixunsdfsi.o)
                0x00000000080008ac                __aeabi_d2uiz
                0x00000000080008ac                __fixunsdfsi
 .text          0x00000000080008ec      0x21c c:/users/pjparisien/documents/codex/2026-08-31/referenced-chatgpt-conversation-this-is-an/work/toolchains/gcc731/bin/../lib/gcc/arm-none-eabi/7.3.1/thumb/v7-m\libgcc.a(_arm_addsubsf3.o)
                0x00000000080008ec                __aeabi_frsub
                0x00000000080008f4                __subsf3
                0x00000000080008f4                __aeabi_fsub
                0x00000000080008f8                __aeabi_fadd
                0x00000000080008f8                __addsf3
                0x0000000008000a58                __aeabi_ui2f
                0x0000000008000a58                __floatunsisf
                0x0000000008000a60                __aeabi_i2f
                0x0000000008000a60                __floatsisf
                0x0000000008000a7c                __aeabi_ul2f
                0x0000000008000a7c                __floatundisf
                0x0000000008000a8c                __aeabi_l2f
                0x0000000008000a8c                __floatdisf
 .text          0x0000000008000b08      0x2a0 c:/users/pjparisien/documents/codex/2026-08-31/referenced-chatgpt-conversation-this-is-an/work/toolchains/gcc731/bin/../lib/gcc/arm-none-eabi/7.3.1/thumb/v7-m\libgcc.a(_arm_muldivsf3.o)
                0x0000000008000b08                __mulsf3
                0x0000000008000b08                __aeabi_fmul
                0x0000000008000c70                __aeabi_fdiv
                0x0000000008000c70                __divsf3
 .text          0x0000000008000da8       0xec c:/users/pjparisien/documents/codex/2026-08-31/referenced-chatgpt-conversation-this-is-an/work/toolchains/gcc731/bin/../lib/gcc/arm-none-eabi/7.3.1/thumb/v7-m\libgcc.a(_arm_cmpsf2.o)
                0x0000000008000da8                __gesf2
                0x0000000008000da8                __gtsf2
                0x0000000008000db0                __lesf2
                0x0000000008000db0                __ltsf2
                0x0000000008000db8                __nesf2
                0x0000000008000db8                __eqsf2
                0x0000000008000db8                __cmpsf2
                0x0000000008000e18                __aeabi_cfrcmple
                0x0000000008000e20                __aeabi_cfcmpeq
                0x0000000008000e20                __aeabi_cfcmple
                0x0000000008000e30                __aeabi_fcmpeq
                0x0000000008000e44                __aeabi_fcmplt
                0x0000000008000e58                __aeabi_fcmple
                0x0000000008000e6c                __aeabi_fcmpge
                0x0000000008000e80                __aeabi_fcmpgt
 .text          0x0000000008000e94       0x4c c:/users/pjparisien/documents/codex/2026-08-31/referenced-chatgpt-conversation-this-is-an/work/toolchains/gcc731/bin/../lib/gcc/arm-none-eabi/7.3.1/thumb/v7-m\libgcc.a(_arm_fixsfsi.o)
                0x0000000008000e94                __aeabi_f2iz
                0x0000000008000e94                __fixsfsi
 .text          0x0000000008000ee0       0x14 c:/users/pjparisien/documents/codex/2026-08-31/referenced-chatgpt-conversation-this-is-an/work/toolchains/gcc731/bin/../lib/gcc/arm-none-eabi/7.3.1/../../../../arm-none-eabi/lib/thumb/v7-m\libc_nano.a(lib_a-strcmp.o)
                0x0000000008000ee0                strcmp
 .text          0x0000000008000ef4       0x10 c:/users/pjparisien/documents/codex/2026-08-31/referenced-chatgpt-conversation-this-is-an/work/toolchains/gcc731/bin/../lib/gcc/arm-none-eabi/7.3.1/../../../../arm-none-eabi/lib/thumb/v7-m\libc_nano.a(lib_a-strlen.o)
                0x0000000008000ef4                strlen
 *(.text*)
 .text.SystemInit
                0x0000000008000f04       0x68 _build/spl/CMSIS/system_stm32f10x.o
                0x0000000008000f04                SystemInit
 .text.SetSysClock
                0x0000000008000f6c        0xc _build/spl/CMSIS/system_stm32f10x.o
 .text.NVIC_Init
                0x0000000008000f78      0x100 _build/spl/src/misc.o
                0x0000000008000f78                NVIC_Init
 .text.ADC_DeInit
                0x0000000008001078       0x98 _build/spl/src/stm32f10x_adc.o
                0x0000000008001078                ADC_DeInit
 .text.ADC_Init
                0x0000000008001110      0x22c _build/spl/src/stm32f10x_adc.o
                0x0000000008001110                ADC_Init
 .text.ADC_StructInit
                0x000000000800133c       0x36 _build/spl/src/stm32f10x_adc.o
                0x000000000800133c                ADC_StructInit
 *fill*         0x0000000008001372        0x2 
 .text.ADC_Cmd  0x0000000008001374       0x7c _build/spl/src/stm32f10x_adc.o
                0x0000000008001374                ADC_Cmd
 .text.ADC_SoftwareStartConvCmd
                0x00000000080013f0       0x7c _build/spl/src/stm32f10x_adc.o
                0x00000000080013f0                ADC_SoftwareStartConvCmd
 .text.ADC_RegularChannelConfig
                0x000000000800146c      0x288 _build/spl/src/stm32f10x_adc.o
                0x000000000800146c                ADC_RegularChannelConfig
 .text.ADC_GetConversionValue
                0x00000000080016f4       0x48 _build/spl/src/stm32f10x_adc.o
                0x00000000080016f4                ADC_GetConversionValue
 .text.ADC_GetFlagStatus
                0x000000000800173c       0x8c _build/spl/src/stm32f10x_adc.o
                0x000000000800173c                ADC_GetFlagStatus
 .text.BKP_DeInit
                0x00000000080017c8       0x14 _build/spl/src/stm32f10x_bkp.o
                0x00000000080017c8                BKP_DeInit
 .text.BKP_RTCOutputConfig
                0x00000000080017dc       0x60 _build/spl/src/stm32f10x_bkp.o
                0x00000000080017dc                BKP_RTCOutputConfig
 .text.BKP_WriteBackupRegister
                0x000000000800183c      0x13c _build/spl/src/stm32f10x_bkp.o
                0x000000000800183c                BKP_WriteBackupRegister
 .text.BKP_ReadBackupRegister
                0x0000000008001978      0x134 _build/spl/src/stm32f10x_bkp.o
                0x0000000008001978                BKP_ReadBackupRegister
 .text.DMA_DeInit
                0x0000000008001aac      0x1e0 _build/spl/src/stm32f10x_dma.o
                0x0000000008001aac                DMA_DeInit
 .text.DMA_Init
                0x0000000008001c8c      0x220 _build/spl/src/stm32f10x_dma.o
                0x0000000008001c8c                DMA_Init
 .text.DMA_Cmd  0x0000000008001eac       0xec _build/spl/src/stm32f10x_dma.o
                0x0000000008001eac                DMA_Cmd
 .text.DMA_SetCurrDataCounter
                0x0000000008001f98       0xb8 _build/spl/src/stm32f10x_dma.o
                0x0000000008001f98                DMA_SetCurrDataCounter
 .text.FLASH_SetLatency
                0x0000000008002050       0x54 _build/spl/src/stm32f10x_flash.o
                0x0000000008002050                FLASH_SetLatency
 .text.FLASH_PrefetchBufferCmd
                0x00000000080020a4       0x48 _build/spl/src/stm32f10x_flash.o
                0x00000000080020a4                FLASH_PrefetchBufferCmd
 .text.FLASH_Unlock
                0x00000000080020ec       0x24 _build/spl/src/stm32f10x_flash.o
                0x00000000080020ec                FLASH_Unlock
 .text.FLASH_Lock
                0x0000000008002110       0x1c _build/spl/src/stm32f10x_flash.o
                0x0000000008002110                FLASH_Lock
 .text.FLASH_ErasePage
                0x000000000800212c       0x88 _build/spl/src/stm32f10x_flash.o
                0x000000000800212c                FLASH_ErasePage
 .text.FLASH_ProgramHalfWord
                0x00000000080021b4       0x80 _build/spl/src/stm32f10x_flash.o
                0x00000000080021b4                FLASH_ProgramHalfWord
 .text.FLASH_ClearFlag
                0x0000000008002234       0x38 _build/spl/src/stm32f10x_flash.o
                0x0000000008002234                FLASH_ClearFlag
 .text.FLASH_GetBank1Status
                0x000000000800226c       0x54 _build/spl/src/stm32f10x_flash.o
                0x000000000800226c                FLASH_GetBank1Status
 .text.FLASH_WaitForLastOperation
                0x00000000080022c0       0x44 _build/spl/src/stm32f10x_flash.o
                0x00000000080022c0                FLASH_WaitForLastOperation
 .text.GPIO_Init
                0x0000000008002304      0x250 _build/spl/src/stm32f10x_gpio.o
                0x0000000008002304                GPIO_Init
 .text.GPIO_ReadInputDataBit
                0x0000000008002554      0x10c _build/spl/src/stm32f10x_gpio.o
                0x0000000008002554                GPIO_ReadInputDataBit
 .text.GPIO_SetBits
                0x0000000008002660       0x8c _build/spl/src/stm32f10x_gpio.o
                0x0000000008002660                GPIO_SetBits
 .text.GPIO_ResetBits
                0x00000000080026ec       0x8c _build/spl/src/stm32f10x_gpio.o
                0x00000000080026ec                GPIO_ResetBits
 .text.GPIO_PinRemapConfig
                0x0000000008002778      0x2fc _build/spl/src/stm32f10x_gpio.o
                0x0000000008002778                GPIO_PinRemapConfig
 .text.PWR_BackupAccessCmd
                0x0000000008002a74       0x34 _build/spl/src/stm32f10x_pwr.o
                0x0000000008002a74                PWR_BackupAccessCmd
 .text.RCC_DeInit
                0x0000000008002aa8       0x5c _build/spl/src/stm32f10x_rcc.o
                0x0000000008002aa8                RCC_DeInit
 .text.RCC_HSEConfig
                0x0000000008002b04       0x7c _build/spl/src/stm32f10x_rcc.o
                0x0000000008002b04                RCC_HSEConfig
 .text.RCC_WaitForHSEStartUp
                0x0000000008002b80       0x50 _build/spl/src/stm32f10x_rcc.o
                0x0000000008002b80                RCC_WaitForHSEStartUp
 .text.RCC_PLLConfig
                0x0000000008002bd0       0xe0 _build/spl/src/stm32f10x_rcc.o
                0x0000000008002bd0                RCC_PLLConfig
 .text.RCC_PLLCmd
                0x0000000008002cb0       0x38 _build/spl/src/stm32f10x_rcc.o
                0x0000000008002cb0                RCC_PLLCmd
 .text.RCC_SYSCLKConfig
                0x0000000008002ce8       0x54 _build/spl/src/stm32f10x_rcc.o
                0x0000000008002ce8                RCC_SYSCLKConfig
 .text.RCC_GetSYSCLKSource
                0x0000000008002d3c       0x1c _build/spl/src/stm32f10x_rcc.o
                0x0000000008002d3c                RCC_GetSYSCLKSource
 .text.RCC_HCLKConfig
                0x0000000008002d58       0x78 _build/spl/src/stm32f10x_rcc.o
                0x0000000008002d58                RCC_HCLKConfig
 .text.RCC_PCLK1Config
                0x0000000008002dd0       0x68 _build/spl/src/stm32f10x_rcc.o
                0x0000000008002dd0                RCC_PCLK1Config
 .text.RCC_PCLK2Config
                0x0000000008002e38       0x6c _build/spl/src/stm32f10x_rcc.o
                0x0000000008002e38                RCC_PCLK2Config
 .text.RCC_LSEConfig
                0x0000000008002ea4       0x60 _build/spl/src/stm32f10x_rcc.o
                0x0000000008002ea4                RCC_LSEConfig
 .text.RCC_RTCCLKConfig
                0x0000000008002f04       0x48 _build/spl/src/stm32f10x_rcc.o
                0x0000000008002f04                RCC_RTCCLKConfig
 .text.RCC_RTCCLKCmd
                0x0000000008002f4c       0x38 _build/spl/src/stm32f10x_rcc.o
                0x0000000008002f4c                RCC_RTCCLKCmd
 .text.RCC_GetClocksFreq
                0x0000000008002f84      0x160 _build/spl/src/stm32f10x_rcc.o
                0x0000000008002f84                RCC_GetClocksFreq
 .text.RCC_AHBPeriphClockCmd
                0x00000000080030e4       0x74 _build/spl/src/stm32f10x_rcc.o
                0x00000000080030e4                RCC_AHBPeriphClockCmd
 .text.RCC_APB2PeriphClockCmd
                0x0000000008003158       0x74 _build/spl/src/stm32f10x_rcc.o
                0x0000000008003158                RCC_APB2PeriphClockCmd
 .text.RCC_APB1PeriphClockCmd
                0x00000000080031cc       0x74 _build/spl/src/stm32f10x_rcc.o
                0x00000000080031cc                RCC_APB1PeriphClockCmd
 .text.RCC_APB2PeriphResetCmd
                0x0000000008003240       0x74 _build/spl/src/stm32f10x_rcc.o
                0x0000000008003240                RCC_APB2PeriphResetCmd
 .text.RCC_APB1PeriphResetCmd
                0x00000000080032b4       0x74 _build/spl/src/stm32f10x_rcc.o
                0x00000000080032b4                RCC_APB1PeriphResetCmd
 .text.RCC_BackupResetCmd
                0x0000000008003328       0x38 _build/spl/src/stm32f10x_rcc.o
                0x0000000008003328                RCC_BackupResetCmd
 .text.RCC_GetFlagStatus
                0x0000000008003360       0xc0 _build/spl/src/stm32f10x_rcc.o
                0x0000000008003360                RCC_GetFlagStatus
 .text.RTC_ITConfig
                0x0000000008003420       0x7c _build/spl/src/stm32f10x_rtc.o
                0x0000000008003420                RTC_ITConfig
 .text.RTC_EnterConfigMode
                0x000000000800349c       0x20 _build/spl/src/stm32f10x_rtc.o
                0x000000000800349c                RTC_EnterConfigMode
 .text.RTC_ExitConfigMode
                0x00000000080034bc       0x20 _build/spl/src/stm32f10x_rtc.o
                0x00000000080034bc                RTC_ExitConfigMode
 .text.RTC_GetCounter
                0x00000000080034dc       0x2c _build/spl/src/stm32f10x_rtc.o
                0x00000000080034dc                RTC_GetCounter
 .text.RTC_SetCounter
                0x0000000008003508       0x30 _build/spl/src/stm32f10x_rtc.o
                0x0000000008003508                RTC_SetCounter
 .text.RTC_SetPrescaler
                0x0000000008003538       0x48 _build/spl/src/stm32f10x_rtc.o
                0x0000000008003538                RTC_SetPrescaler
 .text.RTC_WaitForLastTask
                0x0000000008003580       0x20 _build/spl/src/stm32f10x_rtc.o
                0x0000000008003580                RTC_WaitForLastTask
 .text.RTC_WaitForSynchro
                0x00000000080035a0       0x30 _build/spl/src/stm32f10x_rtc.o
                0x00000000080035a0                RTC_WaitForSynchro
 .text.RTC_ClearITPendingBit
                0x00000000080035d0       0x4c _build/spl/src/stm32f10x_rtc.o
                0x00000000080035d0                RTC_ClearITPendingBit
 .text.TIM_DeInit
                0x000000000800361c      0x2c0 _build/spl/src/stm32f10x_tim.o
                0x000000000800361c                TIM_DeInit
 .text.TIM_TimeBaseInit
                0x00000000080038dc      0x1f8 _build/spl/src/stm32f10x_tim.o
                0x00000000080038dc                TIM_TimeBaseInit
 .text.TIM_OC2Init
                0x0000000008003ad4      0x254 _build/spl/src/stm32f10x_tim.o
                0x0000000008003ad4                TIM_OC2Init
 .text.TIM_Cmd  0x0000000008003d28      0x128 _build/spl/src/stm32f10x_tim.o
                0x0000000008003d28                TIM_Cmd
 .text.TIM_ITConfig
                0x0000000008003e50      0x14c _build/spl/src/stm32f10x_tim.o
                0x0000000008003e50                TIM_ITConfig
 .text.TIM_OC2PreloadConfig
                0x0000000008003f9c       0xc4 _build/spl/src/stm32f10x_tim.o
                0x0000000008003f9c                TIM_OC2PreloadConfig
 .text.TIM_SetCompare2
                0x0000000008004060       0x90 _build/spl/src/stm32f10x_tim.o
                0x0000000008004060                TIM_SetCompare2
 .text.TIM_GetITStatus
                0x00000000080040f0      0x160 _build/spl/src/stm32f10x_tim.o
                0x00000000080040f0                TIM_GetITStatus
 .text.TIM_ClearITPendingBit
                0x0000000008004250      0x110 _build/spl/src/stm32f10x_tim.o
                0x0000000008004250                TIM_ClearITPendingBit
 .text.USART_DeInit
                0x0000000008004360       0xec _build/spl/src/stm32f10x_usart.o
                0x0000000008004360                USART_DeInit
 .text.USART_Init
                0x000000000800444c      0x2b8 _build/spl/src/stm32f10x_usart.o
                0x000000000800444c                USART_Init
 .text.USART_Cmd
                0x0000000008004704       0x9c _build/spl/src/stm32f10x_usart.o
                0x0000000008004704                USART_Cmd
 .text.USART_ITConfig
                0x00000000080047a0      0x16c _build/spl/src/stm32f10x_usart.o
                0x00000000080047a0                USART_ITConfig
 .text.USART_DMACmd
                0x000000000800490c       0xc0 _build/spl/src/stm32f10x_usart.o
                0x000000000800490c                USART_DMACmd
 .text.USART_ReceiveData
                0x00000000080049cc       0x68 _build/spl/src/stm32f10x_usart.o
                0x00000000080049cc                USART_ReceiveData
 .text.USART_GetITStatus
                0x0000000008004a34      0x18c _build/spl/src/stm32f10x_usart.o
                0x0000000008004a34                USART_GetITStatus
 .text.USART_ClearITPendingBit
                0x0000000008004bc0       0xe0 _build/spl/src/stm32f10x_usart.o
                0x0000000008004bc0                USART_ClearITPendingBit
 .text.push_pixel_850
                0x0000000008004ca0       0x28 _build/ugui_driver/ugui_display_8x0c.o
 .text.HW_FillArea
                0x0000000008004cc8       0xa0 _build/ugui_driver/ugui_display_8x0c.o
                0x0000000008004cc8                HW_FillArea
 .text.detect_lcd_type
                0x0000000008004d68       0x4c _build/ugui_driver/ugui_display_8x0c.o
                0x0000000008004d68                detect_lcd_type
 .text.display_8x0C_lcd_init
                0x0000000008004db4      0x56c _build/ugui_driver/ugui_display_8x0c.o
                0x0000000008004db4                display_8x0C_lcd_init
 .text.lcd_pixel_set
                0x0000000008005320       0xb0 _build/ugui_driver/ugui_display_8x0c.o
                0x0000000008005320                lcd_pixel_set
 .text.wait_pulse
                0x00000000080053d0       0x30 _build/ugui_driver/ugui_display_8x0c.o
                0x00000000080053d0                wait_pulse
 .text.lcd_write_cycle
                0x0000000008005400       0x1c _build/ugui_driver/ugui_display_8x0c.o
                0x0000000008005400                lcd_write_cycle
 .text.HW_FillFrame
                0x000000000800541c      0x144 _build/ugui_driver/ugui_display_8x0c.o
                0x000000000800541c                HW_FillFrame
 .text.HW_DrawLine
                0x0000000008005560       0xc2 _build/ugui_driver/ugui_display_8x0c.o
                0x0000000008005560                HW_DrawLine
 *fill*         0x0000000008005622        0x2 
 .text.lcd_write_command
                0x0000000008005624       0x30 _build/ugui_driver/ugui_display_8x0c.o
                0x0000000008005624                lcd_write_command
 .text.lcd_write_data_8bits
                0x0000000008005654       0x20 _build/ugui_driver/ugui_display_8x0c.o
                0x0000000008005654                lcd_write_data_8bits
 .text.lcd_read_data_16bits
                0x0000000008005674       0x84 _build/ugui_driver/ugui_display_8x0c.o
                0x0000000008005674                lcd_read_data_16bits
 .text.adc_init
                0x00000000080056f8       0x68 _build/adc.o
                0x00000000080056f8                adc_init
 .text.battery_voltage_10x_get
                0x0000000008005760       0x94 _build/adc.o
                0x0000000008005760                battery_voltage_10x_get
 .text.battery_soc_bar_set
                0x00000000080057f4       0xd4 _build/battery_gui.o
                0x00000000080057f4                battery_soc_bar_set
 .text.renderBattery
                0x00000000080058c8      0x25c _build/battery_gui.o
                0x00000000080058c8                renderBattery
 .text.eeprom_hw_init
                0x0000000008005b24        0xc _build/eeprom-hw.o
                0x0000000008005b24                eeprom_hw_init
 .text.find_valid_page
                0x0000000008005b30       0xc0 _build/eeprom-hw.o
                0x0000000008005b30                find_valid_page
 .text.flash_read_words
                0x0000000008005bf0       0x5a _build/eeprom-hw.o
                0x0000000008005bf0                flash_read_words
 .text.eeprom_write_array
                0x0000000008005c4a       0x38 _build/eeprom-hw.o
 *fill*         0x0000000008005c82        0x2 
 .text.flash_write_words
                0x0000000008005c84       0x7c _build/eeprom-hw.o
                0x0000000008005c84                flash_write_words
 .text.eeprom_read
                0x0000000008005d00       0x30 _build/eeprom-hw.o
 .text.eeprom_read_from_page
                0x0000000008005d30       0x2c _build/eeprom-hw.o
 .text.eeprom_write
                0x0000000008005d5c       0x5c _build/eeprom-hw.o
                0x0000000008005d5c                eeprom_write
 .text.eeprom_erase_page
                0x0000000008005db8       0x28 _build/eeprom-hw.o
 .text.HardFault_Handler
                0x0000000008005de0       0x1a _build/fault.o
                0x0000000008005de0                HardFault_Handler
 .text.HardFault_HandlerC
                0x0000000008005dfa       0x22 _build/fault.o
                0x0000000008005dfa                HardFault_HandlerC
 .text.lcd_init
                0x0000000008005e1c       0x24 _build/lcd.o
                0x0000000008005e1c                lcd_init
 .text.lcd_set_backlight_intensity
                0x0000000008005e40       0x58 _build/lcd.o
                0x0000000008005e40                lcd_set_backlight_intensity
 .text.lcd_power_off
                0x0000000008005e98       0x30 _build/lcd.o
                0x0000000008005e98                lcd_power_off
 .text.main     0x0000000008005ec8       0x6c _build/main.o
                0x0000000008005ec8                main
 .text.SetSysClockTo128Mhz
                0x0000000008005f34       0x7c _build/main.o
                0x0000000008005f34                SetSysClockTo128Mhz
 .text.mainScreenOnEnter
                0x0000000008005fb0       0x30 _build/mainscreen-850.o
 .text.drawSpeedGaugeStatic
                0x0000000008005fe0      0x348 _build/mainscreen-850.o
 .text.mainScreenOnDirtyClean
                0x0000000008006328      0x1a8 _build/mainscreen-850.o
                0x0000000008006328                mainScreenOnDirtyClean
 .text.mainScreenOnPostUpdate
                0x00000000080064d0      0x1bc _build/mainscreen-850.o
                0x00000000080064d0                mainScreenOnPostUpdate
 .text.battery_display
                0x000000000800668c       0x38 _build/mainscreen-850.o
                0x000000000800668c                battery_display
 .text.clock_time
                0x00000000080066c4       0x50 _build/mainscreen-850.o
                0x00000000080066c4                clock_time
 .text.onSetConfigurationClockHours
                0x0000000008006714       0x30 _build/mainscreen-850.o
                0x0000000008006714                onSetConfigurationClockHours
 .text.onSetConfigurationClockMinutes
                0x0000000008006744       0x30 _build/mainscreen-850.o
                0x0000000008006744                onSetConfigurationClockMinutes
 .text.onSetConfigurationDisplayLcdBacklightOnBrightness
                0x0000000008006774       0x24 _build/mainscreen-850.o
                0x0000000008006774                onSetConfigurationDisplayLcdBacklightOnBrightness
 .text.onSetConfigurationDisplayLcdBacklightOffBrightness
                0x0000000008006798       0x24 _build/mainscreen-850.o
                0x0000000008006798                onSetConfigurationDisplayLcdBacklightOffBrightness
 .text.pins_init
                0x00000000080067bc       0xac _build/pins.o
                0x00000000080067bc                pins_init
 .text.system_power
                0x0000000008006868       0x40 _build/pins.o
                0x0000000008006868                system_power
 .text.NVIC_ClearPendingIRQ
                0x00000000080068a8       0x34 _build/rtc.o
 .text.RTC_IRQHandler
                0x00000000080068dc       0x64 _build/rtc.o
                0x00000000080068dc                RTC_IRQHandler
 .text.rtc_init
                0x0000000008006940      0x13c _build/rtc.o
                0x0000000008006940                rtc_init
 .text.rtc_set_time
                0x0000000008006a7c       0x3c _build/rtc.o
                0x0000000008006a7c                rtc_set_time
 .text.rtc_get_time
                0x0000000008006ab8       0x74 _build/rtc.o
                0x0000000008006ab8                rtc_get_time
 .text.rtc_get_time_since_startup
                0x0000000008006b2c       0x78 _build/rtc.o
                0x0000000008006b2c                rtc_get_time_since_startup
 .text.NVIC_SetPriority
                0x0000000008006ba4       0x54 _build/timers.o
 .text.SysTick_Config
                0x0000000008006bf8       0x44 _build/timers.o
 .text.delay_ms
                0x0000000008006c3c       0x28 _build/timers.o
                0x0000000008006c3c                delay_ms
 .text.SysTick_Handler
                0x0000000008006c64       0x28 _build/timers.o
                0x0000000008006c64                SysTick_Handler
 .text.systick_init
                0x0000000008006c8c       0x2c _build/timers.o
                0x0000000008006c8c                systick_init
 .text.get_time_base_counter_1ms
                0x0000000008006cb8       0x14 _build/timers.o
                0x0000000008006cb8                get_time_base_counter_1ms
 .text.timer3_init
                0x0000000008006ccc       0x68 _build/timers.o
                0x0000000008006ccc                timer3_init
 .text.TIM4_IRQHandler
                0x0000000008006d34       0x28 _build/timers.o
                0x0000000008006d34                TIM4_IRQHandler
 .text.timer4_init
                0x0000000008006d5c       0x68 _build/timers.o
                0x0000000008006d5c                timer4_init
 .text.Display850C_rt_processing_stop
                0x0000000008006dc4       0x20 _build/timers.o
                0x0000000008006dc4                Display850C_rt_processing_stop
 .text.Display850C_rt_processing_start
                0x0000000008006de4       0x20 _build/timers.o
                0x0000000008006de4                Display850C_rt_processing_start
 .text.uart_get_rx_buffer_rdy
                0x0000000008006e04       0x28 _build/uart.o
                0x0000000008006e04                uart_get_rx_buffer_rdy
 .text.uart_get_tx_buffer
                0x0000000008006e2c       0x14 _build/uart.o
                0x0000000008006e2c                uart_get_tx_buffer
 .text.uart_send_tx_buffer
                0x0000000008006e40       0x1c _build/uart.o
                0x0000000008006e40                uart_send_tx_buffer
 .text.usart1_init
                0x0000000008006e5c      0x144 _build/usart1.o
                0x0000000008006e5c                usart1_init
 .text.USART1_IRQHandler
                0x0000000008006fa0      0x148 _build/usart1.o
                0x0000000008006fa0                USART1_IRQHandler
 .text.usart1_start_dma_transfer
                0x00000000080070e8       0x34 _build/usart1.o
                0x00000000080070e8                usart1_start_dma_transfer
 .text.usart1_get_rx_buffer
                0x000000000800711c       0x14 _build/usart1.o
                0x000000000800711c                usart1_get_rx_buffer
 .text.usart1_received_package
                0x0000000008007130       0x18 _build/usart1.o
                0x0000000008007130                usart1_received_package
 .text.usart1_reset_received_package
                0x0000000008007148       0x18 _build/usart1.o
                0x0000000008007148                usart1_reset_received_package
 .text.debugger_break
                0x0000000008007160       0x10 _build/../../common/src/fault.o
 .text.app_error_fault_handler
                0x0000000008007170      0x108 _build/../../common/src/fault.o
                0x0000000008007170                app_error_fault_handler
 .text.__assert_func
                0x0000000008007278       0x2e _build/../../common/src/fault.o
                0x0000000008007278                __assert_func
 .text.assert_failed
                0x00000000080072a6       0x2e _build/../../common/src/fault.o
                0x00000000080072a6                assert_failed
 .text.buttons_get_up_state
                0x00000000080072d4       0x4c _build/../../common/src/buttons.o
                0x00000000080072d4                buttons_get_up_state
 .text.buttons_get_down_state
                0x0000000008007320       0x4c _build/../../common/src/buttons.o
                0x0000000008007320                buttons_get_down_state
 .text.buttons_get_onoff_state
                0x000000000800736c       0x24 _build/../../common/src/buttons.o
                0x000000000800736c                buttons_get_onoff_state
 .text.buttons_get_m_state
                0x0000000008007390        0xe _build/../../common/src/buttons.o
                0x0000000008007390                buttons_get_m_state
 *fill*         0x000000000800739e        0x2 
 .text.buttons_get_onoff_click_event
                0x00000000080073a0       0x18 _build/../../common/src/buttons.o
                0x00000000080073a0                buttons_get_onoff_click_event
 .text.buttons_clear_onoff_click_event
                0x00000000080073b8       0x20 _build/../../common/src/buttons.o
                0x00000000080073b8                buttons_clear_onoff_click_event
 .text.buttons_clear_onoff_click_long_click_event
                0x00000000080073d8       0x20 _build/../../common/src/buttons.o
                0x00000000080073d8                buttons_clear_onoff_click_long_click_event
 .text.buttons_clear_onoff_long_click_event
                0x00000000080073f8       0x20 _build/../../common/src/buttons.o
                0x00000000080073f8                buttons_clear_onoff_long_click_event
 .text.buttons_get_events
                0x0000000008007418       0x14 _build/../../common/src/buttons.o
                0x0000000008007418                buttons_get_events
 .text.buttons_set_events
                0x000000000800742c       0x28 _build/../../common/src/buttons.o
                0x000000000800742c                buttons_set_events
 .text.buttons_clear_all_events
                0x0000000008007454       0x48 _build/../../common/src/buttons.o
                0x0000000008007454                buttons_clear_all_events
 .text.buttons_clock
                0x000000000800749c      0x3f8 _build/../../common/src/buttons.o
                0x000000000800749c                buttons_clock
 .text.map      0x0000000008007894       0x82 _build/../../common/src/utils.o
                0x0000000008007894                map
 *fill*         0x0000000008007916        0x2 
 .text.crc16    0x0000000008007918       0x68 _build/../../common/src/utils.o
                0x0000000008007918                crc16
 .text.UG_Init  0x0000000008007980      0x12c _build/../../common/src/ugui.o
                0x0000000008007980                UG_Init
 .text.UG_FontSelect
                0x0000000008007aac       0x2c _build/../../common/src/ugui.o
                0x0000000008007aac                UG_FontSelect
 .text.UG_FillScreen
                0x0000000008007ad8       0x54 _build/../../common/src/ugui.o
                0x0000000008007ad8                UG_FillScreen
 .text.UG_FillFrame
                0x0000000008007b2c       0xfc _build/../../common/src/ugui.o
                0x0000000008007b2c                UG_FillFrame
 .text.UG_FillRoundFrame
                0x0000000008007c28      0x248 _build/../../common/src/ugui.o
                0x0000000008007c28                UG_FillRoundFrame
 .text.UG_DrawMesh
                0x0000000008007e70       0xa4 _build/../../common/src/ugui.o
                0x0000000008007e70                UG_DrawMesh
 .text.UG_DrawLine
                0x0000000008007f14      0x1d0 _build/../../common/src/ugui.o
                0x0000000008007f14                UG_DrawLine
 .text.UG_PutString_with_length
                0x00000000080080e4      0x144 _build/../../common/src/ugui.o
                0x00000000080080e4                UG_PutString_with_length
 .text.UG_PutString
                0x0000000008008228       0x2a _build/../../common/src/ugui.o
                0x0000000008008228                UG_PutString
 *fill*         0x0000000008008252        0x2 
 .text.UG_PutChar
                0x0000000008008254       0x64 _build/../../common/src/ugui.o
                0x0000000008008254                UG_PutChar
 .text.UG_SetForecolor
                0x00000000080082b8       0x24 _build/../../common/src/ugui.o
                0x00000000080082b8                UG_SetForecolor
 .text.UG_SetBackcolor
                0x00000000080082dc       0x24 _build/../../common/src/ugui.o
                0x00000000080082dc                UG_SetBackcolor
 .text._UG_PutChar
                0x0000000008008300      0x598 _build/../../common/src/ugui.o
                0x0000000008008300                _UG_PutChar
 .text.UG_DriverRegister
                0x0000000008008898       0x44 _build/../../common/src/ugui.o
                0x0000000008008898                UG_DriverRegister
 .text._UG_Refresh
                0x00000000080088dc       0x30 _build/../../common/src/ugui.o
                0x00000000080088dc                _UG_Refresh
 .text.get_ui_vars
                0x000000000800890c       0x14 _build/../../common/src/state.o
                0x000000000800890c                get_ui_vars
 .text.get_rt_vars
                0x0000000008008920       0x14 _build/../../common/src/state.o
                0x0000000008008920                get_rt_vars
 .text.set_lcd_backlight
                0x0000000008008934       0x2c _build/../../common/src/state.o
                0x0000000008008934                set_lcd_backlight
 .text.fake     0x0000000008008960       0x4c _build/../../common/src/state.o
 .text.fakeWave
                0x00000000080089ac       0x48 _build/../../common/src/state.o
 .text.fakeRandom
                0x00000000080089f4       0x78 _build/../../common/src/state.o
 *fill*         0x0000000008008a6c        0x4 
 .text.parse_simmotor
                0x0000000008008a70      0x210 _build/../../common/src/state.o
                0x0000000008008a70                parse_simmotor
 .text.rt_send_tx_package
                0x0000000008008c80      0x4ec _build/../../common/src/state.o
                0x0000000008008c80                rt_send_tx_package
 .text.rt_low_pass_filter_battery_voltage_current_power
                0x000000000800916c      0x140 _build/../../common/src/state.o
                0x000000000800916c                rt_low_pass_filter_battery_voltage_current_power
 .text.rt_low_pass_filter_pedal_power
                0x00000000080092ac       0x50 _build/../../common/src/state.o
                0x00000000080092ac                rt_low_pass_filter_pedal_power
 .text.rt_calc_battery_voltage_soc
                0x00000000080092fc       0x40 _build/../../common/src/state.o
                0x00000000080092fc                rt_calc_battery_voltage_soc
 .text.rt_calc_wh
                0x000000000800933c       0xc0 _build/../../common/src/state.o
                0x000000000800933c                rt_calc_wh
 .text.reset_wh
                0x00000000080093fc       0x2c _build/../../common/src/state.o
                0x00000000080093fc                reset_wh
 .text.rt_calc_odometer
                0x0000000008009428      0x118 _build/../../common/src/state.o
 .text.rt_calc_trips
                0x0000000008009540      0x268 _build/../../common/src/state.o
 .text.rt_low_pass_filter_pedal_cadence
                0x00000000080097a8       0x60 _build/../../common/src/state.o
 .text.rt_first_time_management
                0x0000000008009808       0xf4 _build/../../common/src/state.o
                0x0000000008009808                rt_first_time_management
 .text.rt_calc_battery_soc
                0x00000000080098fc       0x58 _build/../../common/src/state.o
                0x00000000080098fc                rt_calc_battery_soc
 .text.rt_processing_stop
                0x0000000008009954        0xc _build/../../common/src/state.o
                0x0000000008009954                rt_processing_stop
 .text.rt_processing_start
                0x0000000008009960        0xc _build/../../common/src/state.o
                0x0000000008009960                rt_processing_start
 .text.copy_rt_to_ui_vars
                0x000000000800996c      0x4ac _build/../../common/src/state.o
                0x000000000800996c                copy_rt_to_ui_vars
 .text.automatic_power_off_management
                0x0000000008009e18       0x78 _build/../../common/src/state.o
                0x0000000008009e18                automatic_power_off_management
 .text.communications
                0x0000000008009e90      0x2f8 _build/../../common/src/state.o
                0x0000000008009e90                communications
 .text.rt_processing
                0x000000000800a188      0x128 _build/../../common/src/state.o
                0x000000000800a188                rt_processing
 .text.prepare_torque_sensor_calibration_table
                0x000000000800a2b0      0x148 _build/../../common/src/state.o
                0x000000000800a2b0                prepare_torque_sensor_calibration_table
 .text.motor_init
                0x000000000800a3f8      0x290 _build/../../common/src/state.o
 .text.getBackColor
                0x000000000800a688       0x32 _build/../../common/src/screen.o
 .text.getForeColor
                0x000000000800a6ba       0x3c _build/../../common/src/screen.o
 *fill*         0x000000000800a6f6        0x2 
 .text.autoTextHeight
                0x000000000800a6f8       0x48 _build/../../common/src/screen.o
 .text.renderDrawTextCommon
                0x000000000800a740       0xdc _build/../../common/src/screen.o
                0x000000000800a740                renderDrawTextCommon
 .text.renderDrawTextRW
                0x000000000800a81c       0x22 _build/../../common/src/screen.o
 .text.renderDrawTextRO
                0x000000000800a83e       0x20 _build/../../common/src/screen.o
 *fill*         0x000000000800a85e        0x2 
 .text.renderFill
                0x000000000800a860       0xac _build/../../common/src/screen.o
 .text.renderMesh
                0x000000000800a90c       0xac _build/../../common/src/screen.o
 .text.drawSelectionMarkerForced
                0x000000000800a9b8       0xb4 _build/../../common/src/screen.o
 .text.drawSelectionMarker
                0x000000000800aa6c       0x8a _build/../../common/src/screen.o
 .text.drawBorder
                0x000000000800aaf6      0x190 _build/../../common/src/screen.o
 *fill*         0x000000000800ac86        0x2 
 .text.getField
                0x000000000800ac88       0x94 _build/../../common/src/screen.o
 .text.needsRender
                0x000000000800ad1c       0xac _build/../../common/src/screen.o
 .text.renderField
                0x000000000800adc8       0x30 _build/../../common/src/screen.o
 .text.renderLayouts
                0x000000000800adf8      0x21c _build/../../common/src/screen.o
                0x000000000800adf8                renderLayouts
 .text.getActiveScrollable
                0x000000000800b014       0x2c _build/../../common/src/screen.o
 .text.enterScrollable
                0x000000000800b040       0x7c _build/../../common/src/screen.o
 .text.exitScrollable
                0x000000000800b0bc       0x74 _build/../../common/src/screen.o
 .text.renderActiveScrollable
                0x000000000800b130      0x380 _build/../../common/src/screen.o
 .text.renderScrollable
                0x000000000800b4b0       0x48 _build/../../common/src/screen.o
 .text.getEditableNumber
                0x000000000800b4f8      0x150 _build/../../common/src/screen.o
 .text.convertUnits
                0x000000000800b648       0xec _build/../../common/src/screen.o
                0x000000000800b648                convertUnits
 .text.convertToImperialIfNeeded
                0x000000000800b734       0xa4 _build/../../common/src/screen.o
                0x000000000800b734                convertToImperialIfNeeded
 .text.setEditableNumber
                0x000000000800b7d8      0x10c _build/../../common/src/screen.o
 .text.countEnumOptions
                0x000000000800b8e4       0x32 _build/../../common/src/screen.o
 *fill*         0x000000000800b916        0x2 
 .text.changeEditable
                0x000000000800b918      0x118 _build/../../common/src/screen.o
 .text.getUnits
                0x000000000800ba30       0xa4 _build/../../common/src/screen.o
 .text.getEditableString
                0x000000000800bad4      0x110 _build/../../common/src/screen.o
 .text.putStringCentered
                0x000000000800bbe4       0xdc _build/../../common/src/screen.o
 .text.putStringRight
                0x000000000800bcc0       0x74 _build/../../common/src/screen.o
 .text.putStringLeft
                0x000000000800bd34       0x40 _build/../../common/src/screen.o
 .text.putAligned
                0x000000000800bd74      0x13c _build/../../common/src/screen.o
 .text.updateReadOnlyStr
                0x000000000800beb0       0x54 _build/../../common/src/screen.o
                0x000000000800beb0                updateReadOnlyStr
 .text.updateReadOnlyLabelStr
                0x000000000800bf04       0x2a _build/../../common/src/screen.o
                0x000000000800bf04                updateReadOnlyLabelStr
 .text.getEditableColor
                0x000000000800bf2e      0x226 _build/../../common/src/screen.o
                0x000000000800bf2e                getEditableColor
 .text.renderEditable
                0x000000000800c154      0x82c _build/../../common/src/screen.o
 .text.renderCustom
                0x000000000800c980       0x40 _build/../../common/src/screen.o
 .text.graphClear
                0x000000000800c9c0       0x80 _build/../../common/src/screen.o
 .text.graphLabelAxisCustomize
                0x000000000800ca40      0x280 _build/../../common/src/screen.o
 .text.graphLabelAxis
                0x000000000800ccc0      0x294 _build/../../common/src/screen.o
 .text.graphScaleY
                0x000000000800cf54       0x40 _build/../../common/src/screen.o
 .text.graphDrawPoints
                0x000000000800cf94      0x7e4 _build/../../common/src/screen.o
 .text.renderGraph
                0x000000000800d778      0x230 _build/../../common/src/screen.o
 .text.renderCustomizable
                0x000000000800d9a8       0x22 _build/../../common/src/screen.o
 *fill*         0x000000000800d9ca        0x2 
 .text.renderEnd
                0x000000000800d9cc       0x24 _build/../../common/src/screen.o
 .text.forceScrollableRender
                0x000000000800d9f0       0x38 _build/../../common/src/screen.o
 .text.setActiveEditable
                0x000000000800da28       0x90 _build/../../common/src/screen.o
 .text.onPressEditable
                0x000000000800dab8       0x84 _build/../../common/src/screen.o
 .text.countEntries
                0x000000000800db3c       0x40 _build/../../common/src/screen.o
                0x000000000800db3c                countEntries
 .text.onPressScrollable
                0x000000000800db7c      0x184 _build/../../common/src/screen.o
 .text.selectNextCustomizableField
                0x000000000800dd00       0xd8 _build/../../common/src/screen.o
 .text.changeCurrentCustomizableField
                0x000000000800ddd8       0xac _build/../../common/src/screen.o
 .text.changeXAxis
                0x000000000800de84       0xa0 _build/../../common/src/screen.o
 .text.onPressCustomizing
                0x000000000800df24      0x184 _build/../../common/src/screen.o
 .text.screenOnPress
                0x000000000800e0a8       0xd4 _build/../../common/src/screen.o
                0x000000000800e0a8                screenOnPress
 .text.panicScreenShow
                0x000000000800e17c       0x54 _build/../../common/src/screen.o
                0x000000000800e17c                panicScreenShow
 .text.screenShow
                0x000000000800e1d0       0x40 _build/../../common/src/screen.o
                0x000000000800e1d0                screenShow
 .text.screenUpdate
                0x000000000800e210      0x104 _build/../../common/src/screen.o
                0x000000000800e210                screenUpdate
 .text.fieldPrintf
                0x000000000800e314       0x8c _build/../../common/src/screen.o
                0x000000000800e314                fieldPrintf
 .text.updateGraphData
                0x000000000800e3a0      0x320 _build/../../common/src/screen.o
                0x000000000800e3a0                updateGraphData
 .text.rt_graph_process
                0x000000000800e6c0      0x268 _build/../../common/src/screen.o
                0x000000000800e6c0                rt_graph_process
 .text.graph_init
                0x000000000800e928       0xc4 _build/../../common/src/screen.o
                0x000000000800e928                graph_init
 .text.update_battery_power_usage_label
                0x000000000800e9ec       0x48 _build/../../common/src/screen.o
                0x000000000800e9ec                update_battery_power_usage_label
 .text.screen_init
                0x000000000800ea34      0x2ec _build/../../common/src/screen.o
                0x000000000800ea34                screen_init
 .text.bootScreenOnPreUpdate
                0x000000000800ed20       0x78 _build/../../common/src/mainscreen.o
 .text.bootScreenOnExit
                0x000000000800ed98       0x18 _build/../../common/src/mainscreen.o
                0x000000000800ed98                bootScreenOnExit
 .text.anyscreen_onpress
                0x000000000800edb0       0x64 _build/../../common/src/mainscreen.o
                0x000000000800edb0                anyscreen_onpress
 .text.onPressAlternateField
                0x000000000800ee14      0x2cc _build/../../common/src/mainscreen.o
 .text.onPressStreetMode
                0x000000000800f0e0       0x60 _build/../../common/src/mainscreen.o
 .text.mainScreenOnPress
                0x000000000800f140       0xec _build/../../common/src/mainscreen.o
                0x000000000800f140                mainScreenOnPress
 .text.set_conversions
                0x000000000800f22c       0x40 _build/../../common/src/mainscreen.o
                0x000000000800f22c                set_conversions
 .text.lcd_main_screen
                0x000000000800f26c       0x28 _build/../../common/src/mainscreen.o
                0x000000000800f26c                lcd_main_screen
 .text.wheel_speed
                0x000000000800f294       0x68 _build/../../common/src/mainscreen.o
                0x000000000800f294                wheel_speed
 .text.alternatField
                0x000000000800f2fc      0x118 _build/../../common/src/mainscreen.o
                0x000000000800f2fc                alternatField
 .text.streetMode
                0x000000000800f414       0x38 _build/../../common/src/mainscreen.o
                0x000000000800f414                streetMode
 .text.screen_clock
                0x000000000800f44c       0x78 _build/../../common/src/mainscreen.o
                0x000000000800f44c                screen_clock
 .text.thresholds
                0x000000000800f4c4      0x634 _build/../../common/src/mainscreen.o
                0x000000000800f4c4                thresholds
 .text.up_time  0x000000000800faf8       0x54 _build/../../common/src/mainscreen.o
                0x000000000800faf8                up_time
 .text.trip_time
                0x000000000800fb4c       0x30 _build/../../common/src/mainscreen.o
                0x000000000800fb4c                trip_time
 .text.updateTripTime
                0x000000000800fb7c       0xdc _build/../../common/src/mainscreen.o
                0x000000000800fb7c                updateTripTime
 .text.renderWarning
                0x000000000800fc58       0x38 _build/../../common/src/mainscreen.o
 .text.setWarning
                0x000000000800fc90       0x74 _build/../../common/src/mainscreen.o
                0x000000000800fc90                setWarning
 .text.warnings
                0x000000000800fd04      0x1d0 _build/../../common/src/mainscreen.o
                0x000000000800fd04                warnings
 .text.battery_soc
                0x000000000800fed4       0x80 _build/../../common/src/mainscreen.o
                0x000000000800fed4                battery_soc
 .text.time     0x000000000800ff54       0xc8 _build/../../common/src/mainscreen.o
                0x000000000800ff54                time
 .text.walk_assist_state
                0x000000000801001c       0x68 _build/../../common/src/mainscreen.o
                0x000000000801001c                walk_assist_state
 .text.showNextScreen
                0x0000000008010084       0x50 _build/../../common/src/mainscreen.o
                0x0000000008010084                showNextScreen
 .text.appwide_onpress
                0x00000000080100d4       0x6c _build/../../common/src/mainscreen.o
 .text.handle_buttons
                0x0000000008010140      0x108 _build/../../common/src/mainscreen.o
 .text.main_idle
                0x0000000008010248       0x3c _build/../../common/src/mainscreen.o
                0x0000000008010248                main_idle
 .text.batteryTotalWh
                0x0000000008010284       0x28 _build/../../common/src/mainscreen.o
                0x0000000008010284                batteryTotalWh
 .text.DisplayResetToDefaults
                0x00000000080102ac       0x20 _build/../../common/src/mainscreen.o
                0x00000000080102ac                DisplayResetToDefaults
 .text.TripMemoriesReset
                0x00000000080102cc       0x98 _build/../../common/src/mainscreen.o
                0x00000000080102cc                TripMemoriesReset
 .text.DisplayResetBluetoothPeers
                0x0000000008010364        0xc _build/../../common/src/mainscreen.o
                0x0000000008010364                DisplayResetBluetoothPeers
 .text.batteryCurrent
                0x0000000008010370       0x20 _build/../../common/src/mainscreen.o
                0x0000000008010370                batteryCurrent
 .text.batteryResistance
                0x0000000008010390      0x114 _build/../../common/src/mainscreen.o
                0x0000000008010390                batteryResistance
 .text.motorCurrent
                0x00000000080104a4       0x20 _build/../../common/src/mainscreen.o
                0x00000000080104a4                motorCurrent
 .text.onSetConfigurationWheelOdometer
                0x00000000080104c4       0x20 _build/../../common/src/mainscreen.o
                0x00000000080104c4                onSetConfigurationWheelOdometer
 .text.batteryPower
                0x00000000080104e4       0x7c _build/../../common/src/mainscreen.o
                0x00000000080104e4                batteryPower
 .text.pedalPower
                0x0000000008010560       0xa8 _build/../../common/src/mainscreen.o
                0x0000000008010560                pedalPower
 .text.onSetConfigurationBatterySOCUsedWh
                0x0000000008010608       0x20 _build/../../common/src/mainscreen.o
                0x0000000008010608                onSetConfigurationBatterySOCUsedWh
 .text.configScreenOnEnter
                0x0000000008010628       0x30 _build/../../common/src/configscreen.o
 .text.configExit
                0x0000000008010658       0x2c _build/../../common/src/configscreen.o
 .text.configPreUpdate
                0x0000000008010684        0xc _build/../../common/src/configscreen.o
 .text.eeprom_init
                0x0000000008010690       0x5c _build/../../common/src/eeprom.o
                0x0000000008010690                eeprom_init
 .text.eeprom_init_variables
                0x00000000080106ec      0x9f8 _build/../../common/src/eeprom.o
                0x00000000080106ec                eeprom_init_variables
 .text.eeprom_write_variables
                0x00000000080110e4      0x768 _build/../../common/src/eeprom.o
                0x00000000080110e4                eeprom_write_variables
 .text.eeprom_init_defaults
                0x000000000801184c       0x14 _build/../../common/src/eeprom.o
                0x000000000801184c                eeprom_init_defaults
 .text.protocol_telemetry_tick_100ms
                0x0000000008011860       0x44 _build/../../common/protocol/protocol.o
                0x0000000008011860                protocol_telemetry_tick_100ms
 .text.protocol_telemetry_note_valid_rx
                0x00000000080118a4       0x1c _build/../../common/protocol/protocol.o
                0x00000000080118a4                protocol_telemetry_note_valid_rx
 .text.protocol_telemetry_publish
                0x00000000080118c0       0x44 _build/../../common/protocol/protocol.o
                0x00000000080118c0                protocol_telemetry_publish
 .text.protocol_telemetry_is_fresh
                0x0000000008011904       0x20 _build/../../common/protocol/protocol.o
                0x0000000008011904                protocol_telemetry_is_fresh
 .text.tsdz2_protocol_publish_telemetry
                0x0000000008011924       0x9a _build/../../common/protocol/tsdz2_protocol.o
                0x0000000008011924                tsdz2_protocol_publish_telemetry
 .text.range_x10
                0x00000000080119be       0x38 _build/../../common/protocol/range_estimator.o
 .text.range_estimate_calculate
                0x00000000080119f6       0x9e _build/../../common/protocol/range_estimator.o
                0x00000000080119f6                range_estimate_calculate
 .text.instrumentation_reset
                0x0000000008011a94       0x2c _build/../../common/protocol/instrumentation.o
                0x0000000008011a94                instrumentation_reset
 .text.instrumentation_update_100ms
                0x0000000008011ac0      0x160 _build/../../common/protocol/instrumentation.o
                0x0000000008011ac0                instrumentation_update_100ms
 .text.Reset_Handler
                0x0000000008011c20       0x44 startup_stm32f10x_md.o
                0x0000000008011c20                Reset_Handler
 .text.Default_Handler
                0x0000000008011c64        0x2 startup_stm32f10x_md.o
                0x0000000008011c64                EXTI2_IRQHandler
                0x0000000008011c64                DebugMon_Handler
                0x0000000008011c64                TIM1_CC_IRQHandler
                0x0000000008011c64                PVD_IRQHandler
                0x0000000008011c64                PendSV_Handler
                0x0000000008011c64                NMI_Handler
                0x0000000008011c64                EXTI3_IRQHandler
                0x0000000008011c64                EXTI0_IRQHandler
                0x0000000008011c64                I2C2_EV_IRQHandler
                0x0000000008011c64                UsageFault_Handler
                0x0000000008011c64                ADC1_2_IRQHandler
                0x0000000008011c64                SPI1_IRQHandler
                0x0000000008011c64                TAMPER_IRQHandler
                0x0000000008011c64                DMA1_Channel4_IRQHandler
                0x0000000008011c64                USART3_IRQHandler
                0x0000000008011c64                DMA1_Channel7_IRQHandler
                0x0000000008011c64                CAN1_RX1_IRQHandler
                0x0000000008011c64                I2C1_EV_IRQHandler
                0x0000000008011c64                DMA1_Channel6_IRQHandler
                0x0000000008011c64                TIM3_IRQHandler
                0x0000000008011c64                RCC_IRQHandler
                0x0000000008011c64                TIM1_TRG_COM_IRQHandler
                0x0000000008011c64                DMA1_Channel1_IRQHandler
                0x0000000008011c64                Default_Handler
                0x0000000008011c64                EXTI15_10_IRQHandler
                0x0000000008011c64                EXTI9_5_IRQHandler
                0x0000000008011c64                SPI2_IRQHandler
                0x0000000008011c64                MemManage_Handler
                0x0000000008011c64                SVC_Handler
                0x0000000008011c64                DMA1_Channel5_IRQHandler
                0x0000000008011c64                EXTI4_IRQHandler
                0x0000000008011c64                USB_LP_CAN1_RX0_IRQHandler
                0x0000000008011c64                USB_HP_CAN1_TX_IRQHandler
                0x0000000008011c64                DMA1_Channel3_IRQHandler
                0x0000000008011c64                TIM1_UP_IRQHandler
                0x0000000008011c64                WWDG_IRQHandler
                0x0000000008011c64                TIM2_IRQHandler
                0x0000000008011c64                TIM1_BRK_IRQHandler
                0x0000000008011c64                EXTI1_IRQHandler
                0x0000000008011c64                RTCAlarm_IRQHandler
                0x0000000008011c64                USART2_IRQHandler
                0x0000000008011c64                I2C2_ER_IRQHandler
                0x0000000008011c64                DMA1_Channel2_IRQHandler
                0x0000000008011c64                CAN1_SCE_IRQHandler
                0x0000000008011c64                FLASH_IRQHandler
                0x0000000008011c64                BusFault_Handler
                0x0000000008011c64                I2C1_ER_IRQHandler
                0x0000000008011c64                USBWakeUp_IRQHandler
 *fill*         0x0000000008011c66        0x2 
 .text.cosf     0x0000000008011c68       0x78 c:/users/pjparisien/documents/codex/2026-08-31/referenced-chatgpt-conversation-this-is-an/work/toolchains/gcc731/bin/../lib/gcc/arm-none-eabi/7.3.1/../../../../arm-none-eabi/lib/thumb/v7-m\libm.a(lib_a-sf_cos.o)
                0x0000000008011c68                cosf
 .text.sinf     0x0000000008011ce0       0x7c c:/users/pjparisien/documents/codex/2026-08-31/referenced-chatgpt-conversation-this-is-an/work/toolchains/gcc731/bin/../lib/gcc/arm-none-eabi/7.3.1/../../../../arm-none-eabi/lib/thumb/v7-m\libm.a(lib_a-sf_sin.o)
                0x0000000008011ce0                sinf
 .text.__ieee754_rem_pio2f
                0x0000000008011d5c      0x2e4 c:/users/pjparisien/documents/codex/2026-08-31/referenced-chatgpt-conversation-this-is-an/work/toolchains/gcc731/bin/../lib/gcc/arm-none-eabi/7.3.1/../../../../arm-none-eabi/lib/thumb/v7-m\libm.a(lib_a-ef_rem_pio2.o)
                0x0000000008011d5c                __ieee754_rem_pio2f
 .text.__kernel_cosf
                0x0000000008012040      0x188 c:/users/pjparisien/documents/codex/2026-08-31/referenced-chatgpt-conversation-this-is-an/work/toolchains/gcc731/bin/../lib/gcc/arm-none-eabi/7.3.1/../../../../arm-none-eabi/lib/thumb/v7-m\libm.a(lib_a-kf_cos.o)
                0x0000000008012040                __kernel_cosf
 .text.__kernel_rem_pio2f
                0x00000000080121c8      0x6c4 c:/users/pjparisien/documents/codex/2026-08-31/referenced-chatgpt-conversation-this-is-an/work/toolchains/gcc731/bin/../lib/gcc/arm-none-eabi/7.3.1/../../../../arm-none-eabi/lib/thumb/v7-m\libm.a(lib_a-kf_rem_pio2.o)
                0x00000000080121c8                __kernel_rem_pio2f
 .text.__kernel_sinf
                0x000000000801288c       0xec c:/users/pjparisien/documents/codex/2026-08-31/referenced-chatgpt-conversation-this-is-an/work/toolchains/gcc731/bin/../lib/gcc/arm-none-eabi/7.3.1/../../../../arm-none-eabi/lib/thumb/v7-m\libm.a(lib_a-kf_sin.o)
                0x000000000801288c                __kernel_sinf
 .text.fabsf    0x0000000008012978        0x8 c:/users/pjparisien/documents/codex/2026-08-31/referenced-chatgpt-conversation-this-is-an/work/toolchains/gcc731/bin/../lib/gcc/arm-none-eabi/7.3.1/../../../../arm-none-eabi/lib/thumb/v7-m\libm.a(lib_a-sf_fabs.o)
                0x0000000008012978                fabsf
 .text.floorf   0x0000000008012980       0x88 c:/users/pjparisien/documents/codex/2026-08-31/referenced-chatgpt-conversation-this-is-an/work/toolchains/gcc731/bin/../lib/gcc/arm-none-eabi/7.3.1/../../../../arm-none-eabi/lib/thumb/v7-m\libm.a(lib_a-sf_floor.o)
                0x0000000008012980                floorf
 .text.scalbnf  0x0000000008012a08       0xb0 c:/users/pjparisien/documents/codex/2026-08-31/referenced-chatgpt-conversation-this-is-an/work/toolchains/gcc731/bin/../lib/gcc/arm-none-eabi/7.3.1/../../../../arm-none-eabi/lib/thumb/v7-m\libm.a(lib_a-sf_scalbn.o)
                0x0000000008012a08                scalbnf
 .text.copysignf
                0x0000000008012ab8        0xc c:/users/pjparisien/documents/codex/2026-08-31/referenced-chatgpt-conversation-this-is-an/work/toolchains/gcc731/bin/../lib/gcc/arm-none-eabi/7.3.1/../../../../arm-none-eabi/lib/thumb/v7-m\libm.a(lib_a-sf_copysign.o)
                0x0000000008012ab8                copysignf
 .text.abort    0x0000000008012ac4        0xe c:/users/pjparisien/documents/codex/2026-08-31/referenced-chatgpt-conversation-this-is-an/work/toolchains/gcc731/bin/../lib/gcc/arm-none-eabi/7.3.1/../../../../arm-none-eabi/lib/thumb/v7-m\libc_nano.a(lib_a-abort.o)
                0x0000000008012ac4                abort
 .text.atoi     0x0000000008012ad2        0x8 c:/users/pjparisien/documents/codex/2026-08-31/referenced-chatgpt-conversation-this-is-an/work/toolchains/gcc731/bin/../lib/gcc/arm-none-eabi/7.3.1/../../../../arm-none-eabi/lib/thumb/v7-m\libc_nano.a(lib_a-atoi.o)
                0x0000000008012ad2                atoi
 .text.memcpy   0x0000000008012ada       0x16 c:/users/pjparisien/documents/codex/2026-08-31/referenced-chatgpt-conversation-this-is-an/work/toolchains/gcc731/bin/../lib/gcc/arm-none-eabi/7.3.1/../../../../arm-none-eabi/lib/thumb/v7-m\libc_nano.a(lib_a-memcpy-stub.o)
                0x0000000008012ada                memcpy
 .text.memset   0x0000000008012af0       0x10 c:/users/pjparisien/documents/codex/2026-08-31/referenced-chatgpt-conversation-this-is-an/work/toolchains/gcc731/bin/../lib/gcc/arm-none-eabi/7.3.1/../../../../arm-none-eabi/lib/thumb/v7-m\libc_nano.a(lib_a-memset.o)
                0x0000000008012af0                memset
 .text.rand     0x0000000008012b00       0x68 c:/users/pjparisien/documents/codex/2026-08-31/referenced-chatgpt-conversation-this-is-an/work/toolchains/gcc731/bin/../lib/gcc/arm-none-eabi/7.3.1/../../../../arm-none-eabi/lib/thumb/v7-m\libc_nano.a(lib_a-rand.o)
                0x0000000008012b00                rand
 .text._raise_r
                0x0000000008012b68       0x50 c:/users/pjparisien/documents/codex/2026-08-31/referenced-chatgpt-conversation-this-is-an/work/toolchains/gcc731/bin/../lib/gcc/arm-none-eabi/7.3.1/../../../../arm-none-eabi/lib/thumb/v7-m\libc_nano.a(lib_a-signal.o)
                0x0000000008012b68                _raise_r
 .text.raise    0x0000000008012bb8       0x10 c:/users/pjparisien/documents/codex/2026-08-31/referenced-chatgpt-conversation-this-is-an/work/toolchains/gcc731/bin/../lib/gcc/arm-none-eabi/7.3.1/../../../../arm-none-eabi/lib/thumb/v7-m\libc_nano.a(lib_a-signal.o)
                0x0000000008012bb8                raise
 .text._kill_r  0x0000000008012bc8       0x24 c:/users/pjparisien/documents/codex/2026-08-31/referenced-chatgpt-conversation-this-is-an/work/toolchains/gcc731/bin/../lib/gcc/arm-none-eabi/7.3.1/../../../../arm-none-eabi/lib/thumb/v7-m\libc_nano.a(lib_a-signalr.o)
                0x0000000008012bc8                _kill_r
 .text._getpid_r
                0x0000000008012bec        0x4 c:/users/pjparisien/documents/codex/2026-08-31/referenced-chatgpt-conversation-this-is-an/work/toolchains/gcc731/bin/../lib/gcc/arm-none-eabi/7.3.1/../../../../arm-none-eabi/lib/thumb/v7-m\libc_nano.a(lib_a-signalr.o)
                0x0000000008012bec                _getpid_r
 .text.snprintf
                0x0000000008012bf0       0x68 c:/users/pjparisien/documents/codex/2026-08-31/referenced-chatgpt-conversation-this-is-an/work/toolchains/gcc731/bin/../lib/gcc/arm-none-eabi/7.3.1/../../../../arm-none-eabi/lib/thumb/v7-m\libc_nano.a(lib_a-snprintf.o)
                0x0000000008012bf0                sniprintf
                0x0000000008012bf0                snprintf
 .text.sprintf  0x0000000008012c58       0x40 c:/users/pjparisien/documents/codex/2026-08-31/referenced-chatgpt-conversation-this-is-an/work/toolchains/gcc731/bin/../lib/gcc/arm-none-eabi/7.3.1/../../../../arm-none-eabi/lib/thumb/v7-m\libc_nano.a(lib_a-sprintf.o)
                0x0000000008012c58                siprintf
                0x0000000008012c58                sprintf
 .text.strcasecmp
                0x0000000008012c98       0x3c c:/users/pjparisien/documents/codex/2026-08-31/referenced-chatgpt-conversation-this-is-an/work/toolchains/gcc731/bin/../lib/gcc/arm-none-eabi/7.3.1/../../../../arm-none-eabi/lib/thumb/v7-m\libc_nano.a(lib_a-strcasecmp.o)
                0x0000000008012c98                strcasecmp
 .text.strcpy   0x0000000008012cd4       0x10 c:/users/pjparisien/documents/codex/2026-08-31/referenced-chatgpt-conversation-this-is-an/work/toolchains/gcc731/bin/../lib/gcc/arm-none-eabi/7.3.1/../../../../arm-none-eabi/lib/thumb/v7-m\libc_nano.a(lib_a-strcpy.o)
                0x0000000008012cd4                strcpy
 .text.strncmp  0x0000000008012ce4       0x24 c:/users/pjparisien/documents/codex/2026-08-31/referenced-chatgpt-conversation-this-is-an/work/toolchains/gcc731/bin/../lib/gcc/arm-none-eabi/7.3.1/../../../../arm-none-eabi/lib/thumb/v7-m\libc_nano.a(lib_a-strncmp.o)
                0x0000000008012ce4                strncmp
 .text.strncpy  0x0000000008012d08       0x2a c:/users/pjparisien/documents/codex/2026-08-31/referenced-chatgpt-conversation-this-is-an/work/toolchains/gcc731/bin/../lib/gcc/arm-none-eabi/7.3.1/../../../../arm-none-eabi/lib/thumb/v7-m\libc_nano.a(lib_a-strncpy.o)
                0x0000000008012d08                strncpy
 .text._strtol_l.isra.0
                0x0000000008012d32       0xf6 c:/users/pjparisien/documents/codex/2026-08-31/referenced-chatgpt-conversation-this-is-an/work/toolchains/gcc731/bin/../lib/gcc/arm-none-eabi/7.3.1/../../../../arm-none-eabi/lib/thumb/v7-m\libc_nano.a(lib_a-strtol.o)
 .text.strtol   0x0000000008012e28       0x2c c:/users/pjparisien/documents/codex/2026-08-31/referenced-chatgpt-conversation-this-is-an/work/toolchains/gcc731/bin/../lib/gcc/arm-none-eabi/7.3.1/../../../../arm-none-eabi/lib/thumb/v7-m\libc_nano.a(lib_a-strtol.o)
                0x0000000008012e28                strtol
 .text._vsnprintf_r
                0x0000000008012e54       0x58 c:/users/pjparisien/documents/codex/2026-08-31/referenced-chatgpt-conversation-this-is-an/work/toolchains/gcc731/bin/../lib/gcc/arm-none-eabi/7.3.1/../../../../arm-none-eabi/lib/thumb/v7-m\libc_nano.a(lib_a-vsnprintf.o)
                0x0000000008012e54                _vsniprintf_r
                0x0000000008012e54                _vsnprintf_r
 .text.vsnprintf
                0x0000000008012eac       0x1c c:/users/pjparisien/documents/codex/2026-08-31/referenced-chatgpt-conversation-this-is-an/work/toolchains/gcc731/bin/../lib/gcc/arm-none-eabi/7.3.1/../../../../arm-none-eabi/lib/thumb/v7-m\libc_nano.a(lib_a-vsnprintf.o)
                0x0000000008012eac                vsniprintf
                0x0000000008012eac                vsnprintf
 .text.__locale_ctype_ptr_l
                0x0000000008012ec8        0x6 c:/users/pjparisien/documents/codex/2026-08-31/referenced-chatgpt-conversation-this-is-an/work/toolchains/gcc731/bin/../lib/gcc/arm-none-eabi/7.3.1/../../../../arm-none-eabi/lib/thumb/v7-m\libc_nano.a(lib_a-locale.o)
                0x0000000008012ec8                __locale_ctype_ptr_l
 *fill*         0x0000000008012ece        0x2 
 .text.__locale_ctype_ptr
                0x0000000008012ed0       0x1c c:/users/pjparisien/documents/codex/2026-08-31/referenced-chatgpt-conversation-this-is-an/work/toolchains/gcc731/bin/../lib/gcc/arm-none-eabi/7.3.1/../../../../arm-none-eabi/lib/thumb/v7-m\libc_nano.a(lib_a-locale.o)
                0x0000000008012ed0                __locale_ctype_ptr
 .text.malloc   0x0000000008012eec       0x10 c:/users/pjparisien/documents/codex/2026-08-31/referenced-chatgpt-conversation-this-is-an/work/toolchains/gcc731/bin/../lib/gcc/arm-none-eabi/7.3.1/../../../../arm-none-eabi/lib/thumb/v7-m\libc_nano.a(lib_a-malloc.o)
                0x0000000008012eec                malloc
 .text.__ascii_mbtowc
                0x0000000008012efc       0x24 c:/users/pjparisien/documents/codex/2026-08-31/referenced-chatgpt-conversation-this-is-an/work/toolchains/gcc731/bin/../lib/gcc/arm-none-eabi/7.3.1/../../../../arm-none-eabi/lib/thumb/v7-m\libc_nano.a(lib_a-mbtowc_r.o)
                0x0000000008012efc                __ascii_mbtowc
 .text._free_r  0x0000000008012f20       0x98 c:/users/pjparisien/documents/codex/2026-08-31/referenced-chatgpt-conversation-this-is-an/work/toolchains/gcc731/bin/../lib/gcc/arm-none-eabi/7.3.1/../../../../arm-none-eabi/lib/thumb/v7-m\libc_nano.a(lib_a-nano-freer.o)
                0x0000000008012f20                _free_r
 .text._malloc_r
                0x0000000008012fb8       0xb4 c:/users/pjparisien/documents/codex/2026-08-31/referenced-chatgpt-conversation-this-is-an/work/toolchains/gcc731/bin/../lib/gcc/arm-none-eabi/7.3.1/../../../../arm-none-eabi/lib/thumb/v7-m\libc_nano.a(lib_a-nano-mallocr.o)
                0x0000000008012fb8                _malloc_r
 .text.__ssputs_r
                0x000000000801306c       0xb4 c:/users/pjparisien/documents/codex/2026-08-31/referenced-chatgpt-conversation-this-is-an/work/toolchains/gcc731/bin/../lib/gcc/arm-none-eabi/7.3.1/../../../../arm-none-eabi/lib/thumb/v7-m\libc_nano.a(lib_a-nano-svfprintf.o)
                0x000000000801306c                __ssputs_r
 .text._svfprintf_r
                0x0000000008013120      0x1f0 c:/users/pjparisien/documents/codex/2026-08-31/referenced-chatgpt-conversation-this-is-an/work/toolchains/gcc731/bin/../lib/gcc/arm-none-eabi/7.3.1/../../../../arm-none-eabi/lib/thumb/v7-m\libc_nano.a(lib_a-nano-svfprintf.o)
                0x0000000008013120                _svfiprintf_r
                0x0000000008013120                _svfprintf_r
 .text._printf_common
                0x0000000008013310       0xec c:/users/pjparisien/documents/codex/2026-08-31/referenced-chatgpt-conversation-this-is-an/work/toolchains/gcc731/bin/../lib/gcc/arm-none-eabi/7.3.1/../../../../arm-none-eabi/lib/thumb/v7-m\libc_nano.a(lib_a-nano-vfprintf_i.o)
                0x0000000008013310                _printf_common
 .text._printf_i
                0x00000000080133fc      0x224 c:/users/pjparisien/documents/codex/2026-08-31/referenced-chatgpt-conversation-this-is-an/work/toolchains/gcc731/bin/../lib/gcc/arm-none-eabi/7.3.1/../../../../arm-none-eabi/lib/thumb/v7-m\libc_nano.a(lib_a-nano-vfprintf_i.o)
                0x00000000080133fc                _printf_i
 .text._sbrk_r  0x0000000008013620       0x20 c:/users/pjparisien/documents/codex/2026-08-31/referenced-chatgpt-conversation-this-is-an/work/toolchains/gcc731/bin/../lib/gcc/arm-none-eabi/7.3.1/../../../../arm-none-eabi/lib/thumb/v7-m\libc_nano.a(lib_a-sbrkr.o)
                0x0000000008013620                _sbrk_r
 .text.__ascii_wctomb
                0x0000000008013640       0x1a c:/users/pjparisien/documents/codex/2026-08-31/referenced-chatgpt-conversation-this-is-an/work/toolchains/gcc731/bin/../lib/gcc/arm-none-eabi/7.3.1/../../../../arm-none-eabi/lib/thumb/v7-m\libc_nano.a(lib_a-wctomb_r.o)
                0x0000000008013640                __ascii_wctomb
 .text.memchr   0x000000000801365a       0x1c c:/users/pjparisien/documents/codex/2026-08-31/referenced-chatgpt-conversation-this-is-an/work/toolchains/gcc731/bin/../lib/gcc/arm-none-eabi/7.3.1/../../../../arm-none-eabi/lib/thumb/v7-m\libc_nano.a(lib_a-memchr-stub.o)
                0x000000000801365a                memchr
 .text.memmove  0x0000000008013676       0x32 c:/users/pjparisien/documents/codex/2026-08-31/referenced-chatgpt-conversation-this-is-an/work/toolchains/gcc731/bin/../lib/gcc/arm-none-eabi/7.3.1/../../../../arm-none-eabi/lib/thumb/v7-m\libc_nano.a(lib_a-memmove.o)
                0x0000000008013676                memmove
 .text.__malloc_lock
                0x00000000080136a8        0x2 c:/users/pjparisien/documents/codex/2026-08-31/referenced-chatgpt-conversation-this-is-an/work/toolchains/gcc731/bin/../lib/gcc/arm-none-eabi/7.3.1/../../../../arm-none-eabi/lib/thumb/v7-m\libc_nano.a(lib_a-mlock.o)
                0x00000000080136a8                __malloc_lock
 .text.__malloc_unlock
                0x00000000080136aa        0x2 c:/users/pjparisien/documents/codex/2026-08-31/referenced-chatgpt-conversation-this-is-an/work/toolchains/gcc731/bin/../lib/gcc/arm-none-eabi/7.3.1/../../../../arm-none-eabi/lib/thumb/v7-m\libc_nano.a(lib_a-mlock.o)
                0x00000000080136aa                __malloc_unlock
 .text._realloc_r
                0x00000000080136ac       0x4c c:/users/pjparisien/documents/codex/2026-08-31/referenced-chatgpt-conversation-this-is-an/work/toolchains/gcc731/bin/../lib/gcc/arm-none-eabi/7.3.1/../../../../arm-none-eabi/lib/thumb/v7-m\libc_nano.a(lib_a-nano-reallocr.o)
                0x00000000080136ac                _realloc_r
 .text._malloc_usable_size_r
                0x00000000080136f8       0x10 c:/users/pjparisien/documents/codex/2026-08-31/referenced-chatgpt-conversation-this-is-an/work/toolchains/gcc731/bin/../lib/gcc/arm-none-eabi/7.3.1/../../../../arm-none-eabi/lib/thumb/v7-m\libc_nano.a(lib_a-nano-msizer.o)
                0x00000000080136f8                _malloc_usable_size_r
 .text._getpid  0x0000000008013708       0x10 c:/users/pjparisien/documents/codex/2026-08-31/referenced-chatgpt-conversation-this-is-an/work/toolchains/gcc731/bin/../lib/gcc/arm-none-eabi/7.3.1/../../../../arm-none-eabi/lib/thumb/v7-m\libnosys.a(getpid.o)
                0x0000000008013708                _getpid
 .text._kill    0x0000000008013718       0x10 c:/users/pjparisien/documents/codex/2026-08-31/referenced-chatgpt-conversation-this-is-an/work/toolchains/gcc731/bin/../lib/gcc/arm-none-eabi/7.3.1/../../../../arm-none-eabi/lib/thumb/v7-m\libnosys.a(kill.o)
                0x0000000008013718                _kill
 .text._sbrk    0x0000000008013728       0x1c c:/users/pjparisien/documents/codex/2026-08-31/referenced-chatgpt-conversation-this-is-an/work/toolchains/gcc731/bin/../lib/gcc/arm-none-eabi/7.3.1/../../../../arm-none-eabi/lib/thumb/v7-m\libnosys.a(sbrk.o)
                0x0000000008013728                _sbrk
 .text._exit    0x0000000008013744        0x4 c:/users/pjparisien/documents/codex/2026-08-31/referenced-chatgpt-conversation-this-is-an/work/toolchains/gcc731/bin/../lib/gcc/arm-none-eabi/7.3.1/../../../../arm-none-eabi/lib/thumb/v7-m\libnosys.a(_exit.o)
                0x0000000008013744                _exit
 *(.rodata)
 .rodata        0x0000000008013748        0xf _build/spl/src/misc.o
 *fill*         0x0000000008013757        0x1 
 .rodata        0x0000000008013758       0x18 _build/spl/src/stm32f10x_adc.o
 .rodata        0x0000000008013770       0x18 _build/spl/src/stm32f10x_bkp.o
 .rodata        0x0000000008013788       0x18 _build/spl/src/stm32f10x_dma.o
 .rodata        0x00000000080137a0       0x1a _build/spl/src/stm32f10x_flash.o
 *fill*         0x00000000080137ba        0x2 
 .rodata        0x00000000080137bc       0x19 _build/spl/src/stm32f10x_gpio.o
 *fill*         0x00000000080137d5        0x3 
 .rodata        0x00000000080137d8       0x18 _build/spl/src/stm32f10x_pwr.o
 .rodata        0x00000000080137f0       0x18 _build/spl/src/stm32f10x_rcc.o
 .rodata        0x0000000008013808       0x18 _build/spl/src/stm32f10x_rtc.o
 .rodata        0x0000000008013820       0x18 _build/spl/src/stm32f10x_tim.o
 .rodata        0x0000000008013838       0x1a _build/spl/src/stm32f10x_usart.o
 *fill*         0x0000000008013852        0x2 
 .rodata        0x0000000008013854       0x1b _build/mainscreen-850.o
 *fill*         0x000000000801386f        0x1 
 .rodata        0x0000000008013870       0x4e _build/../../common/src/fault.o
 *fill*         0x00000000080138be        0x2 
 .rodata        0x00000000080138c0       0x6d _build/../../common/src/state.o
 *fill*         0x000000000801392d        0x3 
 .rodata        0x0000000008013930      0x255 _build/../../common/src/screen.o
 *fill*         0x0000000008013b85        0x3 
 .rodata        0x0000000008013b88      0x314 _build/../../common/src/mainscreen.o
 .rodata        0x0000000008013e9c      0x9ef _build/../../common/src/configscreen.o
 *(.rodata*)
 *fill*         0x000000000801488b        0x1 
 .rodata.batteryField
                0x000000000801488c       0x2c _build/mainscreen-850.o
                0x000000000801488c                batteryField
 .rodata.faultHeading
                0x00000000080148b8       0x2c _build/../../common/src/fault.o
                0x00000000080148b8                faultHeading
 .rodata.faultCode
                0x00000000080148e4       0x2c _build/../../common/src/fault.o
                0x00000000080148e4                faultCode
 .rodata.addrHeading
                0x0000000008014910       0x2c _build/../../common/src/fault.o
                0x0000000008014910                addrHeading
 .rodata.addrCode
                0x000000000801493c       0x2c _build/../../common/src/fault.o
                0x000000000801493c                addrCode
 .rodata.infoHeading
                0x0000000008014968       0x2c _build/../../common/src/fault.o
                0x0000000008014968                infoHeading
 .rodata.infoCode
                0x0000000008014994       0x2c _build/../../common/src/fault.o
                0x0000000008014994                infoCode
 .rodata.font_10x16
                0x00000000080149c0     0x2000 _build/../../common/src/ugui.o
                0x00000000080149c0                font_10x16
 .rodata.font_12x20
                0x00000000080169c0     0x2800 _build/../../common/src/ugui.o
                0x00000000080169c0                font_12x20
 .rodata.font_16x26
                0x00000000080191c0     0x3400 _build/../../common/src/ugui.o
                0x00000000080191c0                font_16x26
 .rodata.font_24x40
                0x000000000801c5c0     0x7800 _build/../../common/src/ugui.o
                0x000000000801c5c0                font_24x40
 .rodata.FONT_10X16
                0x0000000008023dc0       0x14 _build/../../common/src/ugui.o
                0x0000000008023dc0                FONT_10X16
 .rodata.FONT_12X20
                0x0000000008023dd4       0x14 _build/../../common/src/ugui.o
                0x0000000008023dd4                FONT_12X20
 .rodata.FONT_16X26
                0x0000000008023de8       0x14 _build/../../common/src/ugui.o
                0x0000000008023de8                FONT_16X26
 .rodata.FONT_24X40
                0x0000000008023dfc       0x14 _build/../../common/src/ugui.o
                0x0000000008023dfc                FONT_24X40
 .rodata.BITS_FONT_61X99
                0x0000000008023e10    0x125e8 _build/../../common/src/fonts.o
 .rodata.FONT_61X99
                0x00000000080363f8       0x14 _build/../../common/src/fonts.o
                0x00000000080363f8                FONT_61X99
 .rodata.BITS_FONT_45X72
                0x000000000803640c     0xa050 _build/../../common/src/fonts.o
 .rodata.FONT_45X72
                0x000000000804045c       0x14 _build/../../common/src/fonts.o
                0x000000000804045c                FONT_45X72
 .rodata.my_font_cursors
                0x0000000008040470       0x1a _build/../../common/src/fonts.o
                0x0000000008040470                my_font_cursors
 *fill*         0x000000000804048a        0x2 
 .rodata.FONT_CURSORS
                0x000000000804048c       0x14 _build/../../common/src/fonts.o
                0x000000000804048c                FONT_CURSORS
 .rodata.heading
                0x00000000080404a0       0x2c _build/../../common/src/screen.o
 .rodata.label  0x00000000080404cc       0x2c _build/../../common/src/screen.o
 .rodata.blankRow
                0x00000000080404f8       0x2c _build/../../common/src/screen.o
 .rodata.renderers
                0x0000000008040524       0x28 _build/../../common/src/screen.o
 .rodata.__func__.6244
                0x000000000804054c        0xf _build/../../common/src/screen.o
 *fill*         0x000000000804055b        0x1 
 .rodata.__func__.6260
                0x000000000804055c        0xb _build/../../common/src/screen.o
 *fill*         0x0000000008040567        0x1 
 .rodata.__func__.6264
                0x0000000008040568        0xb _build/../../common/src/screen.o
 *fill*         0x0000000008040573        0x1 
 .rodata.__func__.6287
                0x0000000008040574        0x9 _build/../../common/src/screen.o
 *fill*         0x000000000804057d        0x3 
 .rodata.__func__.6305
                0x0000000008040580        0xe _build/../../common/src/screen.o
 *fill*         0x000000000804058e        0x2 
 .rodata.__func__.6318
                0x0000000008040590       0x10 _build/../../common/src/screen.o
 .rodata.__func__.6321
                0x00000000080405a0        0xf _build/../../common/src/screen.o
 *fill*         0x00000000080405af        0x1 
 .rodata.__func__.6339
                0x00000000080405b0       0x17 _build/../../common/src/screen.o
 *fill*         0x00000000080405c7        0x1 
 .rodata.__func__.6362
                0x00000000080405c8       0x12 _build/../../common/src/screen.o
 *fill*         0x00000000080405da        0x2 
 .rodata.__func__.6402
                0x00000000080405dc       0x12 _build/../../common/src/screen.o
 *fill*         0x00000000080405ee        0x2 
 .rodata.__func__.6417
                0x00000000080405f0        0xf _build/../../common/src/screen.o
 *fill*         0x00000000080405ff        0x1 
 .rodata.__func__.6444
                0x0000000008040600       0x12 _build/../../common/src/screen.o
 *fill*         0x0000000008040612        0x2 
 .rodata.__func__.6456
                0x0000000008040614       0x12 _build/../../common/src/screen.o
 *fill*         0x0000000008040626        0x2 
 .rodata.__func__.6479
                0x0000000008040628        0xb _build/../../common/src/screen.o
 *fill*         0x0000000008040633        0x1 
 .rodata.__func__.6496
                0x0000000008040634       0x12 _build/../../common/src/screen.o
 *fill*         0x0000000008040646        0x2 
 .rodata.__func__.6557
                0x0000000008040648        0xd _build/../../common/src/screen.o
 *fill*         0x0000000008040655        0x3 
 .rodata.__func__.6655
                0x0000000008040658        0xc _build/../../common/src/screen.o
 .rodata.__func__.6665
                0x0000000008040664        0xa _build/../../common/src/screen.o
 *fill*         0x000000000804066e        0x2 
 .rodata.__func__.6717
                0x0000000008040670       0x1f _build/../../common/src/screen.o
 *fill*         0x000000000804068f        0x1 
 .rodata.__func__.6752
                0x0000000008040690        0xc _build/../../common/src/screen.o
 .rodata.__func__.6762
                0x000000000804069c       0x10 _build/../../common/src/screen.o
 .rodata.__func__.6795
                0x00000000080406ac       0x11 _build/../../common/src/screen.o
 *fill*         0x00000000080406bd        0x3 
 .rodata.str_km.6814
                0x00000000080406c0        0x6 _build/../../common/src/screen.o
 *fill*         0x00000000080406c6        0x2 
 .rodata.str_mi.6815
                0x00000000080406c8        0x6 _build/../../common/src/screen.o
 *fill*         0x00000000080406ce        0x2 
 .rodata.socField
                0x00000000080406d0       0x2c _build/../../common/src/mainscreen.o
                0x00000000080406d0                socField
 .rodata.timeField
                0x00000000080406fc       0x2c _build/../../common/src/mainscreen.o
                0x00000000080406fc                timeField
 .rodata.assistLevelField
                0x0000000008040728       0x2c _build/../../common/src/mainscreen.o
                0x0000000008040728                assistLevelField
 .rodata.wheelSpeedIntegerField
                0x0000000008040754       0x2c _build/../../common/src/mainscreen.o
                0x0000000008040754                wheelSpeedIntegerField
 .rodata.wheelSpeedDecimalField
                0x0000000008040780       0x2c _build/../../common/src/mainscreen.o
                0x0000000008040780                wheelSpeedDecimalField
 .rodata.wheelSpeedField
                0x00000000080407ac       0x2c _build/../../common/src/mainscreen.o
                0x00000000080407ac                wheelSpeedField
 .rodata.upTimeField
                0x00000000080407d8       0x2c _build/../../common/src/mainscreen.o
                0x00000000080407d8                upTimeField
 .rodata.tripADistanceField
                0x0000000008040804       0x2c _build/../../common/src/mainscreen.o
                0x0000000008040804                tripADistanceField
 .rodata.tripATimeField
                0x0000000008040830       0x2c _build/../../common/src/mainscreen.o
                0x0000000008040830                tripATimeField
 .rodata.tripAAvgSpeedField
                0x000000000804085c       0x2c _build/../../common/src/mainscreen.o
                0x000000000804085c                tripAAvgSpeedField
 .rodata.tripAMaxSpeedField
                0x0000000008040888       0x2c _build/../../common/src/mainscreen.o
                0x0000000008040888                tripAMaxSpeedField
 .rodata.tripBDistanceField
                0x00000000080408b4       0x2c _build/../../common/src/mainscreen.o
                0x00000000080408b4                tripBDistanceField
 .rodata.tripBTimeField
                0x00000000080408e0       0x2c _build/../../common/src/mainscreen.o
                0x00000000080408e0                tripBTimeField
 .rodata.tripBAvgSpeedField
                0x000000000804090c       0x2c _build/../../common/src/mainscreen.o
                0x000000000804090c                tripBAvgSpeedField
 .rodata.tripBMaxSpeedField
                0x0000000008040938       0x2c _build/../../common/src/mainscreen.o
                0x0000000008040938                tripBMaxSpeedField
 .rodata.odoField
                0x0000000008040964       0x2c _build/../../common/src/mainscreen.o
                0x0000000008040964                odoField
 .rodata.cadenceField
                0x0000000008040990       0x2c _build/../../common/src/mainscreen.o
                0x0000000008040990                cadenceField
 .rodata.humanPowerField