Archive member included to satisfy reference by file (symbol)

c:/users/pjparisien/documents/codex/2026-08-31/referenced-chatgpt-conversation-this-is-an/work/toolchains/gcc731/bin/../lib/gcc/arm-none-eabi/7.3.1/thumb/v7-m\libgcc.a(_arm_addsubdf3.o)
                              _build/../../common/src/state.o (__aeabi_dadd)
c:/users/pjparisien/documents/codex/2026-08-31/referenced-chatgpt-conversation-this-is-an/work/toolchains/gcc731/bin/../lib/gcc/arm-none-eabi/7.3.1/thumb/v7-m\libgcc.a(_arm_muldivdf3.o)
                              _build/../../common/src/state.o (__aeabi_dmul)
c:/users/pjparisien/documents/codex/2026-08-31/referenced-chatgpt-conversation-this-is-an/work/toolchains/gcc731/bin/../lib/gcc/arm-none-eabi/7.3.1/thumb/v7-m\libgcc.a(_arm_fixunsdfsi.o)
                              _build/../../common/src/state.o (__aeabi_d2uiz)
c:/users/pjparisien/documents/codex/2026-08-31/referenced-chatgpt-conversation-this-is-an/work/toolchains/gcc731/bin/../lib/gcc/arm-none-eabi/7.3.1/thumb/v7-m\libgcc.a(_arm_addsubsf3.o)
                              _build/mainscreen-850.o (__aeabi_fadd)
c:/users/pjparisien/documents/codex/2026-08-31/referenced-chatgpt-conversation-this-is-an/work/toolchains/gcc731/bin/../lib/gcc/arm-none-eabi/7.3.1/thumb/v7-m\libgcc.a(_arm_muldivsf3.o)
                              _build/mainscreen-850.o (__aeabi_fmul)
c:/users/pjparisien/documents/codex/2026-08-31/referenced-chatgpt-conversation-this-is-an/work/toolchains/gcc731/bin/../lib/gcc/arm-none-eabi/7.3.1/thumb/v7-m\libgcc.a(_arm_cmpsf2.o)
                              _build/mainscreen-850.o (__aeabi_fcmpgt)
c:/users/pjparisien/documents/codex/2026-08-31/referenced-chatgpt-conversation-this-is-an/work/toolchains/gcc731/bin/../lib/gcc/arm-none-eabi/7.3.1/thumb/v7-m\libgcc.a(_arm_fixsfsi.o)
                              _build/mainscreen-850.o (__aeabi_f2iz)
c:/users/pjparisien/documents/codex/2026-08-31/referenced-chatgpt-conversation-this-is-an/work/toolchains/gcc731/bin/../lib/gcc/arm-none-eabi/7.3.1/../../../../arm-none-eabi/lib/thumb/v7-m\libm.a(lib_a-sf_cos.o)
                              _build/mainscreen-850.o (cosf)
c:/users/pjparisien/documents/codex/2026-08-31/referenced-chatgpt-conversation-this-is-an/work/toolchains/gcc731/bin/../lib/gcc/arm-none-eabi/7.3.1/../../../../arm-none-eabi/lib/thumb/v7-m\libm.a(lib_a-sf_sin.o)
                              _build/mainscreen-850.o (sinf)
c:/users/pjparisien/documents/codex/2026-08-31/referenced-chatgpt-conversation-this-is-an/work/toolchains/gcc731/bin/../lib/gcc/arm-none-eabi/7.3.1/../../../../arm-none-eabi/lib/thumb/v7-m\libm.a(lib_a-ef_rem_pio2.o)
                              c:/users/pjparisien/documents/codex/2026-08-31/referenced-chatgpt-conversation-this-is-an/work/toolchains/gcc731/bin/../lib/gcc/arm-none-eabi/7.3.1/../../../../arm-none-eabi/lib/thumb/v7-m\libm.a(lib_a-sf_cos.o) (__ieee754_rem_pio2f)
c:/users/pjparisien/documents/codex/2026-08-31/referenced-chatgpt-conversation-this-is-an/work/toolchains/gcc731/bin/../lib/gcc/arm-none-eabi/7.3.1/../../../../arm-none-eabi/lib/thumb/v7-m\libm.a(lib_a-kf_cos.o)
                              c:/users/pjparisien/documents/codex/2026-08-31/referenced-chatgpt-conversation-this-is-an/work/toolchains/gcc731/bin/../lib/gcc/arm-none-eabi/7.3.1/../../../../arm-none-eabi/lib/thumb/v7-m\libm.a(lib_a-sf_cos.o) (__kernel_cosf)
c:/users/pjparisien/documents/codex/2026-08-31/referenced-chatgpt-conversation-this-is-an/work/toolchains/gcc731/bin/../lib/gcc/arm-none-eabi/7.3.1/../../../../arm-none-eabi/lib/thumb/v7-m\libm.a(lib_a-kf_rem_pio2.o)
                              c:/users/pjparisien/documents/codex/2026-08-31/referenced-chatgpt-conversation-this-is-an/work/toolchains/gcc731/bin/../lib/gcc/arm-none-eabi/7.3.1/../../../../arm-none-eabi/lib/thumb/v7-m\libm.a(lib_a-ef_rem_pio2.o) (__kernel_rem_pio2f)
c:/users/pjparisien/documents/codex/2026-08-31/referenced-chatgpt-conversation-this-is-an/work/toolchains/gcc731/bin/../lib/gcc/arm-none-eabi/7.3.1/../../../../arm-none-eabi/lib/thumb/v7-m\libm.a(lib_a-kf_sin.o)
                              c:/users/pjparisien/documents/codex/2026-08-31/referenced-chatgpt-conversation-this-is-an/work/toolchains/gcc731/bin/../lib/gcc/arm-none-eabi/7.3.1/../../../../arm-none-eabi/lib/thumb/v7-m\libm.a(lib_a-sf_cos.o) (__kernel_sinf)
c:/users/pjparisien/documents/codex/2026-08-31/referenced-chatgpt-conversation-this-is-an/work/toolchains/gcc731/bin/../lib/gcc/arm-none-eabi/7.3.1/../../../../arm-none-eabi/lib/thumb/v7-m\libm.a(lib_a-sf_fabs.o)
                              c:/users/pjparisien/documents/codex/2026-08-31/referenced-chatgpt-conversation-this-is-an/work/toolchains/gcc731/bin/../lib/gcc/arm-none-eabi/7.3.1/../../../../arm-none-eabi/lib/thumb/v7-m\libm.a(lib_a-ef_rem_pio2.o) (fabsf)
[...]
Memory Configuration

Name             Origin             Length             Attributes
FLASH            0x0000000008005000 0x000000000007b000 xr
RAM              0x0000000020000000 0x0000000000010000 xrw
MEMORY_B1        0x0000000060000000 0x0000000000000000 xr
*default*        0x0000000000000000 0xffffffffffffffff

Linker script and memory map

LOAD _build/spl/CMSIS/core_cm3.o
LOAD _build/spl/CMSIS/system_stm32f10x.o
LOAD _build/spl/src/misc.o
LOAD _build/spl/src/stm32f10x_adc.o
LOAD _build/spl/src/stm32f10x_bkp.o
LOAD _build/spl/src/stm32f10x_can.o
LOAD _build/spl/src/stm32f10x_cec.o
LOAD _build/spl/src/stm32f10x_crc.o
LOAD _build/spl/src/stm32f10x_dac.o
LOAD _build/spl/src/stm32f10x_dbgmcu.o
LOAD _build/spl/src/stm32f10x_dma.o
LOAD _build/spl/src/stm32f10x_exti.o
LOAD _build/spl/src/stm32f10x_flash.o
LOAD _build/spl/src/stm32f10x_fsmc.o
LOAD _build/spl/src/stm32f10x_gpio.o
LOAD _build/spl/src/stm32f10x_i2c.o
LOAD _build/spl/src/stm32f10x_iwdg.o
LOAD _build/spl/src/stm32f10x_pwr.o
LOAD _build/spl/src/stm32f10x_rcc.o
LOAD _build/spl/src/stm32f10x_rtc.o
LOAD _build/spl/src/stm32f10x_sdio.o
LOAD _build/spl/src/stm32f10x_spi.o
LOAD _build/spl/src/stm32f10x_tim.o
LOAD _build/spl/src/stm32f10x_usart.o
LOAD _build/spl/src/stm32f10x_wwdg.o
LOAD _build/ugui_driver/ugui_display_8x0c.o
LOAD _build/adc.o
LOAD _build/battery_gui.o
LOAD _build/eeprom-hw.o
LOAD _build/fault.o
LOAD _build/lcd.o
LOAD _build/main.o
LOAD _build/mainscreen-850.o
LOAD _build/pins.o
LOAD _build/rtc.o
LOAD _build/timers.o
LOAD _build/uart.o
LOAD _build/usart1.o
LOAD _build/../../common/src/fault.o
LOAD _build/../../common/src/buttons.o
LOAD _build/../../common/src/utils.o
LOAD _build/../../common/src/ugui.o
LOAD _build/../../common/src/fonts.o
LOAD _build/../../common/src/state.o
LOAD _build/../../common/src/screen.o
LOAD _build/../../common/src/mainscreen.o
LOAD _build/../../common/src/configscreen.o
LOAD _build/../../common/src/eeprom.o
LOAD _build/../../common/protocol/protocol.o
LOAD _build/../../common/protocol/tsdz2_protocol.o
LOAD _build/../../common/protocol/bafang_protocol.o
LOAD _build/../../common/protocol/range_estimator.o
LOAD _build/../../common/protocol/instrumentation.o
LOAD startup_stm32f10x_md.o
                0x0000000000000001                USE_WITH_BOOTLOADER = 0x1
LOAD c:/users/pjparisien/documents/codex/2026-08-31/referenced-chatgpt-conversation-this-is-an/work/toolchains/gcc731/bin/../lib/gcc/arm-none-eabi/7.3.1/thumb/v7-m\libgcc.a
LOAD c:/users/pjparisien/documents/codex/2026-08-31/referenced-chatgpt-conversation-this-is-an/work/toolchains/gcc731/bin/../lib/gcc/arm-none-eabi/7.3.1/../../../../arm-none-eabi/lib/thumb/v7-m\libm.a
LOAD c:/users/pjparisien/documents/codex/2026-08-31/referenced-chatgpt-conversation-this-is-an/work/toolchains/gcc731/bin/../lib/gcc/arm-none-eabi/7.3.1/../../../../arm-none-eabi/lib/thumb/v7-m\libnosys.a
START GROUP
LOAD c:/users/pjparisien/documents/codex/2026-08-31/referenced-chatgpt-conversation-this-is-an/work/toolchains/gcc731/bin/../lib/gcc/arm-none-eabi/7.3.1/thumb/v7-m\libgcc.a
LOAD c:/users/pjparisien/documents/codex/2026-08-31/referenced-chatgpt-conversation-this-is-an/work/toolchains/gcc731/bin/../lib/gcc/arm-none-eabi/7.3.1/../../../../arm-none-eabi/lib/thumb/v7-m\libc_nano.a
END GROUP
START GROUP
LOAD c:/users/pjparisien/documents/codex/2026-08-31/referenced-chatgpt-conversation-this-is-an/work/toolchains/gcc731/bin/../lib/gcc/arm-none-eabi/7.3.1/thumb/v7-m\libgcc.a
LOAD c:/users/pjparisien/documents/codex/2026-08-31/referenced-chatgpt-conversation-this-is-an/work/toolchains/gcc731/bin/../lib/gcc/arm-none-eabi/7.3.1/../../../../arm-none-eabi/lib/thumb/v7-m\libc_nano.a
LOAD c:/users/pjparisien/documents/codex/2026-08-31/referenced-chatgpt-conversation-this-is-an/work/toolchains/gcc731/bin/../lib/gcc/arm-none-eabi/7.3.1/../../../../arm-none-eabi/lib/thumb/v7-m\libnosys.a
END GROUP
START GROUP
LOAD c:/users/pjparisien/documents/codex/2026-08-31/referenced-chatgpt-conversation-this-is-an/work/toolchains/gcc731/bin/../lib/gcc/arm-none-eabi/7.3.1/thumb/v7-m\libgcc.a
LOAD c:/users/pjparisien/documents/codex/2026-08-31/referenced-chatgpt-conversation-this-is-an/work/toolchains/gcc731/bin/../lib/gcc/arm-none-eabi/7.3.1/../../../../arm-none-eabi/lib/thumb/v7-m\libc_nano.a
LOAD c:/users/pjparisien/documents/codex/2026-08-31/referenced-chatgpt-conversation-this-is-an/work/toolchains/gcc731/bin/../lib/gcc/arm-none-eabi/7.3.1/../../../../arm-none-eabi/lib/thumb/v7-m\libnosys.a
END GROUP
                0x0000000020010000                _estack = 0x20010000
                0x0000000000000000                _Min_Heap_Size = 0x0
                0x0000000000000100                _Min_Stack_Size = 0x100
                0x0000000000000001                ASSERT ((ORIGIN (RAM) == 0x20000000), unexpected GD32F303RET6 SRAM origin)
                0x0000000000000001                ASSERT ((LENGTH (RAM) == 0x10000), unexpected GD32F303RET6 SRAM length)
                0x0000000000000001                ASSERT ((_estack == (ORIGIN (RAM) + LENGTH (RAM))), stack top is outside SRAM)
                0x0000000000000000                ASSERT (((DEFINED (USE_WITH_BOOTLOADER) && (ORIGIN (FLASH) == 0x8005000)) || (! (DEFINED (USE_WITH_BOOTLOADER)) && (ORIGIN (FLASH) == 0x8000000))), unexpected application origin)
                0x0000000000000001                ASSERT (((ORIGIN (FLASH) + LENGTH (FLASH)) == 0x8080000), flash region must end at physical 512 KiB boundary)

.isr_vector     0x0000000008005000      0x10c
                0x0000000008005000                . = ALIGN (0x4)
 *(.isr_vector)
 .isr_vector    0x0000000008005000      0x10c startup_stm32f10x_md.o
                0x0000000008005000                g_pfnVectors
                0x000000000800510c                . = ALIGN (0x4)

.text           0x0000000008005110    0x45078
                0x0000000008005110                . = ALIGN (0x4)
 *(.text)
 .text          0x0000000008005110      0x378 c:/users/pjparisien/documents/codex/2026-08-31/referenced-chatgpt-conversation-this-is-an/work/toolchains/gcc731/bin/../lib/gcc/arm-none-eabi/7.3.1/thumb/v7-m\libgcc.a(_arm_addsubdf3.o)
                0x0000000008005110                __aeabi_drsub
                0x0000000008005118                __aeabi_dsub
                0x0000000008005118                __subdf3
                0x000000000800511c                __aeabi_dadd
                0x000000000800511c                __adddf3
                0x0000000008005394                __floatunsidf
                0x0000000008005394                __aeabi_ui2d
                0x00000000080053b4                __floatsidf
                0x00000000080053b4                __aeabi_i2d
                0x00000000080053d8                __aeabi_f2d
                0x00000000080053d8                __extendsfdf2
                0x000000000800541c                __floatundidf
                0x000000000800541c                __aeabi_ul2d
                0x000000000800542c                __floatdidf
                0x000000000800542c                __aeabi_l2d
 .text          0x0000000008005488      0x424 c:/users/pjparisien/documents/codex/2026-08-31/referenced-chatgpt-conversation-this-is-an/work/toolchains/gcc731/bin/../lib/gcc/arm-none-eabi/7.3.1/thumb/v7-m\libgcc.a(_arm_muldivdf3.o)
                0x0000000008005488                __aeabi_dmul
                0x0000000008005488                __muldf3
                0x00000000080056dc                __divdf3
                0x00000000080056dc                __aeabi_ddiv
 .text          0x00000000080058ac       0x40 c:/users/pjparisien/documents/codex/2026-08-31/referenced-chatgpt-conversation-this-is-an/work/toolchains/gcc731/bin/../lib/gcc/arm-none-eabi/7.3.1/thumb/v7-m\libgcc.a(_arm_fixunsdfsi.o)
                0x00000000080058ac                __aeabi_d2uiz
                0x00000000080058ac                __fixunsdfsi
 .text          0x00000000080058ec      0x21c c:/users/pjparisien/documents/codex/2026-08-31/referenced-chatgpt-conversation-this-is-an/work/toolchains/gcc731/bin/../lib/gcc/arm-none-eabi/7.3.1/thumb/v7-m\libgcc.a(_arm_addsubsf3.o)
                0x00000000080058ec                __aeabi_frsub
                0x00000000080058f4                __subsf3
                0x00000000080058f4                __aeabi_fsub
                0x00000000080058f8                __aeabi_fadd
                0x00000000080058f8                __addsf3
                0x0000000008005a58                __aeabi_ui2f
                0x0000000008005a58                __floatunsisf
                0x0000000008005a60                __aeabi_i2f
                0x0000000008005a60                __floatsisf
                0x0000000008005a7c                __aeabi_ul2f
                0x0000000008005a7c                __floatundisf
                0x0000000008005a8c                __aeabi_l2f
                0x0000000008005a8c                __floatdisf
 .text          0x0000000008005b08      0x2a0 c:/users/pjparisien/documents/codex/2026-08-31/referenced-chatgpt-conversation-this-is-an/work/toolchains/gcc731/bin/../lib/gcc/arm-none-eabi/7.3.1/thumb/v7-m\libgcc.a(_arm_muldivsf3.o)
                0x0000000008005b08                __mulsf3
                0x0000000008005b08                __aeabi_fmul
                0x0000000008005c70                __aeabi_fdiv
                0x0000000008005c70                __divsf3
 .text          0x0000000008005da8       0xec c:/users/pjparisien/documents/codex/2026-08-31/referenced-chatgpt-conversation-this-is-an/work/toolchains/gcc731/bin/../lib/gcc/arm-none-eabi/7.3.1/thumb/v7-m\libgcc.a(_arm_cmpsf2.o)
                0x0000000008005da8                __gesf2
                0x0000000008005da8                __gtsf2
                0x0000000008005db0                __lesf2
                0x0000000008005db0                __ltsf2
                0x0000000008005db8                __nesf2
                0x0000000008005db8                __eqsf2
                0x0000000008005db8                __cmpsf2
                0x0000000008005e18                __aeabi_cfrcmple
                0x0000000008005e20                __aeabi_cfcmpeq
                0x0000000008005e20                __aeabi_cfcmple
                0x0000000008005e30                __aeabi_fcmpeq
                0x0000000008005e44                __aeabi_fcmplt
                0x0000000008005e58                __aeabi_fcmple
                0x0000000008005e6c                __aeabi_fcmpge
                0x0000000008005e80                __aeabi_fcmpgt
 .text          0x0000000008005e94       0x4c c:/users/pjparisien/documents/codex/2026-08-31/referenced-chatgpt-conversation-this-is-an/work/toolchains/gcc731/bin/../lib/gcc/arm-none-eabi/7.3.1/thumb/v7-m\libgcc.a(_arm_fixsfsi.o)
                0x0000000008005e94                __aeabi_f2iz
                0x0000000008005e94                __fixsfsi
 .text          0x0000000008005ee0       0x14 c:/users/pjparisien/documents/codex/2026-08-31/referenced-chatgpt-conversation-this-is-an/work/toolchains/gcc731/bin/../lib/gcc/arm-none-eabi/7.3.1/../../../../arm-none-eabi/lib/thumb/v7-m\libc_nano.a(lib_a-strcmp.o)
                0x0000000008005ee0                strcmp
 .text          0x0000000008005ef4       0x10 c:/users/pjparisien/documents/codex/2026-08-31/referenced-chatgpt-conversation-this-is-an/work/toolchains/gcc731/bin/../lib/gcc/arm-none-eabi/7.3.1/../../../../arm-none-eabi/lib/thumb/v7-m\libc_nano.a(lib_a-strlen.o)
                0x0000000008005ef4                strlen
 *(.text*)
 .text.SystemInit
                0x0000000008005f04       0x68 _build/spl/CMSIS/system_stm32f10x.o
                0x0000000008005f04                SystemInit
 .text.SetSysClock
                0x0000000008005f6c        0xc _build/spl/CMSIS/system_stm32f10x.o
 .text.NVIC_Init
                0x0000000008005f78      0x100 _build/spl/src/misc.o
                0x0000000008005f78                NVIC_Init
 .text.NVIC_SetVectorTable
                0x0000000008006078       0x58 _build/spl/src/misc.o
                0x0000000008006078                NVIC_SetVectorTable
 .text.ADC_DeInit
                0x00000000080060d0       0x98 _build/spl/src/stm32f10x_adc.o
                0x00000000080060d0                ADC_DeInit
 .text.ADC_Init
                0x0000000008006168      0x22c _build/spl/src/stm32f10x_adc.o
                0x0000000008006168                ADC_Init
 .text.ADC_StructInit
                0x0000000008006394       0x36 _build/spl/src/stm32f10x_adc.o
                0x0000000008006394                ADC_StructInit
 *fill*         0x00000000080063ca        0x2 
 .text.ADC_Cmd  0x00000000080063cc       0x7c _build/spl/src/stm32f10x_adc.o
                0x00000000080063cc                ADC_Cmd
 .text.ADC_SoftwareStartConvCmd
                0x0000000008006448       0x7c _build/spl/src/stm32f10x_adc.o
                0x0000000008006448                ADC_SoftwareStartConvCmd
 .text.ADC_RegularChannelConfig
                0x00000000080064c4      0x288 _build/spl/src/stm32f10x_adc.o
                0x00000000080064c4                ADC_RegularChannelConfig
 .text.ADC_GetConversionValue
                0x000000000800674c       0x48 _build/spl/src/stm32f10x_adc.o
                0x000000000800674c                ADC_GetConversionValue
 .text.ADC_GetFlagStatus
                0x0000000008006794       0x8c _build/spl/src/stm32f10x_adc.o
                0x0000000008006794                ADC_GetFlagStatus
 .text.BKP_DeInit
                0x0000000008006820       0x14 _build/spl/src/stm32f10x_bkp.o
                0x0000000008006820                BKP_DeInit
 .text.BKP_RTCOutputConfig
                0x0000000008006834       0x60 _build/spl/src/stm32f10x_bkp.o
                0x0000000008006834                BKP_RTCOutputConfig
 .text.BKP_WriteBackupRegister
                0x0000000008006894      0x13c _build/spl/src/stm32f10x_bkp.o
                0x0000000008006894                BKP_WriteBackupRegister
 .text.BKP_ReadBackupRegister
                0x00000000080069d0      0x134 _build/spl/src/stm32f10x_bkp.o
                0x00000000080069d0                BKP_ReadBackupRegister
 .text.DMA_DeInit
                0x0000000008006b04      0x1e0 _build/spl/src/stm32f10x_dma.o
                0x0000000008006b04                DMA_DeInit
 .text.DMA_Init
                0x0000000008006ce4      0x220 _build/spl/src/stm32f10x_dma.o
                0x0000000008006ce4                DMA_Init
 .text.DMA_Cmd  0x0000000008006f04       0xec _build/spl/src/stm32f10x_dma.o
                0x0000000008006f04                DMA_Cmd
 .text.DMA_SetCurrDataCounter
                0x0000000008006ff0       0xb8 _build/spl/src/stm32f10x_dma.o
                0x0000000008006ff0                DMA_SetCurrDataCounter
 .text.FLASH_SetLatency
                0x00000000080070a8       0x54 _build/spl/src/stm32f10x_flash.o
                0x00000000080070a8                FLASH_SetLatency
 .text.FLASH_PrefetchBufferCmd
                0x00000000080070fc       0x48 _build/spl/src/stm32f10x_flash.o
                0x00000000080070fc                FLASH_PrefetchBufferCmd
 .text.FLASH_Unlock
                0x0000000008007144       0x24 _build/spl/src/stm32f10x_flash.o
                0x0000000008007144                FLASH_Unlock
 .text.FLASH_Lock
                0x0000000008007168       0x1c _build/spl/src/stm32f10x_flash.o
                0x0000000008007168                FLASH_Lock
 .text.FLASH_ErasePage
                0x0000000008007184       0x88 _build/spl/src/stm32f10x_flash.o
                0x0000000008007184                FLASH_ErasePage
 .text.FLASH_ProgramHalfWord
                0x000000000800720c       0x80 _build/spl/src/stm32f10x_flash.o
                0x000000000800720c                FLASH_ProgramHalfWord
 .text.FLASH_ClearFlag
                0x000000000800728c       0x38 _build/spl/src/stm32f10x_flash.o
                0x000000000800728c                FLASH_ClearFlag
 .text.FLASH_GetBank1Status
                0x00000000080072c4       0x54 _build/spl/src/stm32f10x_flash.o
                0x00000000080072c4                FLASH_GetBank1Status
 .text.FLASH_WaitForLastOperation
                0x0000000008007318       0x44 _build/spl/src/stm32f10x_flash.o
                0x0000000008007318                FLASH_WaitForLastOperation
 .text.GPIO_Init
                0x000000000800735c      0x250 _build/spl/src/stm32f10x_gpio.o
                0x000000000800735c                GPIO_Init
 .text.GPIO_ReadInputDataBit
                0x00000000080075ac      0x10c _build/spl/src/stm32f10x_gpio.o
                0x00000000080075ac                GPIO_ReadInputDataBit
 .text.GPIO_SetBits
                0x00000000080076b8       0x8c _build/spl/src/stm32f10x_gpio.o
                0x00000000080076b8                GPIO_SetBits
 .text.GPIO_ResetBits
                0x0000000008007744       0x8c _build/spl/src/stm32f10x_gpio.o
                0x0000000008007744                GPIO_ResetBits
 .text.GPIO_PinRemapConfig
                0x00000000080077d0      0x2fc _build/spl/src/stm32f10x_gpio.o
                0x00000000080077d0                GPIO_PinRemapConfig
 .text.PWR_BackupAccessCmd
                0x0000000008007acc       0x34 _build/spl/src/stm32f10x_pwr.o
                0x0000000008007acc                PWR_BackupAccessCmd
 .text.RCC_DeInit
                0x0000000008007b00       0x5c _build/spl/src/stm32f10x_rcc.o
                0x0000000008007b00                RCC_DeInit
 .text.RCC_HSEConfig
                0x0000000008007b5c       0x7c _build/spl/src/stm32f10x_rcc.o
                0x0000000008007b5c                RCC_HSEConfig
 .text.RCC_WaitForHSEStartUp
                0x0000000008007bd8       0x50 _build/spl/src/stm32f10x_rcc.o
                0x0000000008007bd8                RCC_WaitForHSEStartUp
 .text.RCC_PLLConfig
                0x0000000008007c28       0xe0 _build/spl/src/stm32f10x_rcc.o
                0x0000000008007c28                RCC_PLLConfig
 .text.RCC_PLLCmd
                0x0000000008007d08       0x38 _build/spl/src/stm32f10x_rcc.o
                0x0000000008007d08                RCC_PLLCmd
 .text.RCC_SYSCLKConfig
                0x0000000008007d40       0x54 _build/spl/src/stm32f10x_rcc.o
                0x0000000008007d40                RCC_SYSCLKConfig
 .text.RCC_GetSYSCLKSource
                0x0000000008007d94       0x1c _build/spl/src/stm32f10x_rcc.o
                0x0000000008007d94                RCC_GetSYSCLKSource
 .text.RCC_HCLKConfig
                0x0000000008007db0       0x78 _build/spl/src/stm32f10x_rcc.o
                0x0000000008007db0                RCC_HCLKConfig
 .text.RCC_PCLK1Config
                0x0000000008007e28       0x68 _build/spl/src/stm32f10x_rcc.o
                0x0000000008007e28                RCC_PCLK1Config
 .text.RCC_PCLK2Config
                0x0000000008007e90       0x6c _build/spl/src/stm32f10x_rcc.o
                0x0000000008007e90                RCC_PCLK2Config
 .text.RCC_LSEConfig
                0x0000000008007efc       0x60 _build/spl/src/stm32f10x_rcc.o
                0x0000000008007efc                RCC_LSEConfig
 .text.RCC_RTCCLKConfig
                0x0000000008007f5c       0x48 _build/spl/src/stm32f10x_rcc.o
                0x0000000008007f5c                RCC_RTCCLKConfig
 .text.RCC_RTCCLKCmd
                0x0000000008007fa4       0x38 _build/spl/src/stm32f10x_rcc.o
                0x0000000008007fa4                RCC_RTCCLKCmd
 .text.RCC_GetClocksFreq
                0x0000000008007fdc      0x160 _build/spl/src/stm32f10x_rcc.o
                0x0000000008007fdc                RCC_GetClocksFreq
 .text.RCC_AHBPeriphClockCmd
                0x000000000800813c       0x74 _build/spl/src/stm32f10x_rcc.o
                0x000000000800813c                RCC_AHBPeriphClockCmd
 .text.RCC_APB2PeriphClockCmd
                0x00000000080081b0       0x74 _build/spl/src/stm32f10x_rcc.o
                0x00000000080081b0                RCC_APB2PeriphClockCmd
 .text.RCC_APB1PeriphClockCmd
                0x0000000008008224       0x74 _build/spl/src/stm32f10x_rcc.o
                0x0000000008008224                RCC_APB1PeriphClockCmd
 .text.RCC_APB2PeriphResetCmd
                0x0000000008008298       0x74 _build/spl/src/stm32f10x_rcc.o
                0x0000000008008298                RCC_APB2PeriphResetCmd
 .text.RCC_APB1PeriphResetCmd
                0x000000000800830c       0x74 _build/spl/src/stm32f10x_rcc.o
                0x000000000800830c                RCC_APB1PeriphResetCmd
 .text.RCC_BackupResetCmd
                0x0000000008008380       0x38 _build/spl/src/stm32f10x_rcc.o
                0x0000000008008380                RCC_BackupResetCmd
 .text.RCC_GetFlagStatus
                0x00000000080083b8       0xc0 _build/spl/src/stm32f10x_rcc.o
                0x00000000080083b8                RCC_GetFlagStatus
 .text.RTC_ITConfig
                0x0000000008008478       0x7c _build/spl/src/stm32f10x_rtc.o
                0x0000000008008478                RTC_ITConfig
 .text.RTC_EnterConfigMode
                0x00000000080084f4       0x20 _build/spl/src/stm32f10x_rtc.o
                0x00000000080084f4                RTC_EnterConfigMode
 .text.RTC_ExitConfigMode
                0x0000000008008514       0x20 _build/spl/src/stm32f10x_rtc.o
                0x0000000008008514                RTC_ExitConfigMode
 .text.RTC_GetCounter
                0x0000000008008534       0x2c _build/spl/src/stm32f10x_rtc.o
                0x0000000008008534                RTC_GetCounter
 .text.RTC_SetCounter
                0x0000000008008560       0x30 _build/spl/src/stm32f10x_rtc.o
                0x0000000008008560                RTC_SetCounter
 .text.RTC_SetPrescaler
                0x0000000008008590       0x48 _build/spl/src/stm32f10x_rtc.o
                0x0000000008008590                RTC_SetPrescaler
 .text.RTC_WaitForLastTask
                0x00000000080085d8       0x20 _build/spl/src/stm32f10x_rtc.o
                0x00000000080085d8                RTC_WaitForLastTask
 .text.RTC_WaitForSynchro
                0x00000000080085f8       0x30 _build/spl/src/stm32f10x_rtc.o
                0x00000000080085f8                RTC_WaitForSynchro
 .text.RTC_ClearITPendingBit
                0x0000000008008628       0x4c _build/spl/src/stm32f10x_rtc.o
                0x0000000008008628                RTC_ClearITPendingBit
 .text.TIM_DeInit
                0x0000000008008674      0x2c0 _build/spl/src/stm32f10x_tim.o
                0x0000000008008674                TIM_DeInit
 .text.TIM_TimeBaseInit
                0x0000000008008934      0x1f8 _build/spl/src/stm32f10x_tim.o
                0x0000000008008934                TIM_TimeBaseInit
 .text.TIM_OC2Init
                0x0000000008008b2c      0x254 _build/spl/src/stm32f10x_tim.o
                0x0000000008008b2c                TIM_OC2Init
 .text.TIM_Cmd  0x0000000008008d80      0x128 _build/spl/src/stm32f10x_tim.o
                0x0000000008008d80                TIM_Cmd
 .text.TIM_ITConfig
                0x0000000008008ea8      0x14c _build/spl/src/stm32f10x_tim.o
                0x0000000008008ea8                TIM_ITConfig
 .text.TIM_OC2PreloadConfig
                0x0000000008008ff4       0xc4 _build/spl/src/stm32f10x_tim.o
                0x0000000008008ff4                TIM_OC2PreloadConfig
 .text.TIM_SetCompare2
                0x00000000080090b8       0x90 _build/spl/src/stm32f10x_tim.o
                0x00000000080090b8                TIM_SetCompare2
 .text.TIM_GetITStatus
                0x0000000008009148      0x160 _build/spl/src/stm32f10x_tim.o
                0x0000000008009148                TIM_GetITStatus
 .text.TIM_ClearITPendingBit
                0x00000000080092a8      0x110 _build/spl/src/stm32f10x_tim.o
                0x00000000080092a8                TIM_ClearITPendingBit
 .text.USART_DeInit
                0x00000000080093b8       0xec _build/spl/src/stm32f10x_usart.o
                0x00000000080093b8                USART_DeInit
 .text.USART_Init
                0x00000000080094a4      0x2b8 _build/spl/src/stm32f10x_usart.o
                0x00000000080094a4                USART_Init
 .text.USART_Cmd
                0x000000000800975c       0x9c _build/spl/src/stm32f10x_usart.o
                0x000000000800975c                USART_Cmd
 .text.USART_ITConfig
                0x00000000080097f8      0x16c _build/spl/src/stm32f10x_usart.o
                0x00000000080097f8                USART_ITConfig
 .text.USART_DMACmd
                0x0000000008009964       0xc0 _build/spl/src/stm32f10x_usart.o
                0x0000000008009964                USART_DMACmd
 .text.USART_ReceiveData
                0x0000000008009a24       0x68 _build/spl/src/stm32f10x_usart.o
                0x0000000008009a24                USART_ReceiveData
 .text.USART_GetITStatus
                0x0000000008009a8c      0x18c _build/spl/src/stm32f10x_usart.o
                0x0000000008009a8c                USART_GetITStatus
 .text.USART_ClearITPendingBit
                0x0000000008009c18       0xe0 _build/spl/src/stm32f10x_usart.o
                0x0000000008009c18                USART_ClearITPendingBit
 .text.push_pixel_850
                0x0000000008009cf8       0x28 _build/ugui_driver/ugui_display_8x0c.o
 .text.HW_FillArea
                0x0000000008009d20       0xa0 _build/ugui_driver/ugui_display_8x0c.o
                0x0000000008009d20                HW_FillArea
 .text.detect_lcd_type
                0x0000000008009dc0       0x4c _build/ugui_driver/ugui_display_8x0c.o
                0x0000000008009dc0                detect_lcd_type
 .text.display_8x0C_lcd_init
                0x0000000008009e0c      0x56c _build/ugui_driver/ugui_display_8x0c.o
                0x0000000008009e0c                display_8x0C_lcd_init
 .text.lcd_pixel_set
                0x000000000800a378       0xb0 _build/ugui_driver/ugui_display_8x0c.o
                0x000000000800a378                lcd_pixel_set
 .text.wait_pulse
                0x000000000800a428       0x30 _build/ugui_driver/ugui_display_8x0c.o
                0x000000000800a428                wait_pulse
 .text.lcd_write_cycle
                0x000000000800a458       0x1c _build/ugui_driver/ugui_display_8x0c.o
                0x000000000800a458                lcd_write_cycle
 .text.HW_FillFrame
                0x000000000800a474      0x144 _build/ugui_driver/ugui_display_8x0c.o
                0x000000000800a474                HW_FillFrame
 .text.HW_DrawLine
                0x000000000800a5b8       0xc2 _build/ugui_driver/ugui_display_8x0c.o
                0x000000000800a5b8                HW_DrawLine
 *fill*         0x000000000800a67a        0x2 
 .text.lcd_write_command
                0x000000000800a67c       0x30 _build/ugui_driver/ugui_display_8x0c.o
                0x000000000800a67c                lcd_write_command
 .text.lcd_write_data_8bits
                0x000000000800a6ac       0x20 _build/ugui_driver/ugui_display_8x0c.o
                0x000000000800a6ac                lcd_write_data_8bits
 .text.lcd_read_data_16bits
                0x000000000800a6cc       0x84 _build/ugui_driver/ugui_display_8x0c.o
                0x000000000800a6cc                lcd_read_data_16bits
 .text.adc_init
                0x000000000800a750       0x68 _build/adc.o
                0x000000000800a750                adc_init
 .text.battery_voltage_10x_get
                0x000000000800a7b8       0x94 _build/adc.o
                0x000000000800a7b8                battery_voltage_10x_get
 .text.battery_soc_bar_set
                0x000000000800a84c       0xd4 _build/battery_gui.o
                0x000000000800a84c                battery_soc_bar_set
 .text.renderBattery
                0x000000000800a920      0x25c _build/battery_gui.o
                0x000000000800a920                renderBattery
 .text.eeprom_hw_init
                0x000000000800ab7c        0xc _build/eeprom-hw.o
                0x000000000800ab7c                eeprom_hw_init
 .text.find_valid_page
                0x000000000800ab88       0xc0 _build/eeprom-hw.o
                0x000000000800ab88                find_valid_page
 .text.flash_read_words
                0x000000000800ac48       0x5a _build/eeprom-hw.o
                0x000000000800ac48                flash_read_words
 .text.eeprom_write_array
                0x000000000800aca2       0x38 _build/eeprom-hw.o
 *fill*         0x000000000800acda        0x2 
 .text.flash_write_words
                0x000000000800acdc       0x7c _build/eeprom-hw.o
                0x000000000800acdc                flash_write_words
 .text.eeprom_read
                0x000000000800ad58       0x30 _build/eeprom-hw.o
 .text.eeprom_read_from_page
                0x000000000800ad88       0x2c _build/eeprom-hw.o
 .text.eeprom_write
                0x000000000800adb4       0x5c _build/eeprom-hw.o
                0x000000000800adb4                eeprom_write
 .text.eeprom_erase_page
                0x000000000800ae10       0x28 _build/eeprom-hw.o
 .text.HardFault_Handler
                0x000000000800ae38       0x1a _build/fault.o
                0x000000000800ae38                HardFault_Handler
 .text.HardFault_HandlerC
                0x000000000800ae52       0x22 _build/fault.o
                0x000000000800ae52                HardFault_HandlerC
 .text.lcd_init
                0x000000000800ae74       0x24 _build/lcd.o
                0x000000000800ae74                lcd_init
 .text.lcd_set_backlight_intensity
                0x000000000800ae98       0x58 _build/lcd.o
                0x000000000800ae98                lcd_set_backlight_intensity
 .text.lcd_power_off
                0x000000000800aef0       0x30 _build/lcd.o
                0x000000000800aef0                lcd_power_off
 .text.main     0x000000000800af20       0x78 _build/main.o
                0x000000000800af20                main
 .text.SetSysClockTo128Mhz
                0x000000000800af98       0x7c _build/main.o
                0x000000000800af98                SetSysClockTo128Mhz
 .text.mainScreenOnEnter
                0x000000000800b014       0x30 _build/mainscreen-850.o
 .text.drawSpeedGaugeStatic
                0x000000000800b044      0x348 _build/mainscreen-850.o
 .text.mainScreenOnDirtyClean
                0x000000000800b38c      0x1a8 _build/mainscreen-850.o
                0x000000000800b38c                mainScreenOnDirtyClean
 .text.mainScreenOnPostUpdate
                0x000000000800b534      0x1bc _build/mainscreen-850.o
                0x000000000800b534                mainScreenOnPostUpdate
 .text.battery_display
                0x000000000800b6f0       0x38 _build/mainscreen-850.o
                0x000000000800b6f0                battery_display
 .text.clock_time
                0x000000000800b728       0x50 _build/mainscreen-850.o
                0x000000000800b728                clock_time
 .text.onSetConfigurationClockHours
                0x000000000800b778       0x30 _build/mainscreen-850.o
                0x000000000800b778                onSetConfigurationClockHours
 .text.onSetConfigurationClockMinutes
                0x000000000800b7a8       0x30 _build/mainscreen-850.o
                0x000000000800b7a8                onSetConfigurationClockMinutes
 .text.onSetConfigurationDisplayLcdBacklightOnBrightness
                0x000000000800b7d8       0x24 _build/mainscreen-850.o
                0x000000000800b7d8                onSetConfigurationDisplayLcdBacklightOnBrightness
 .text.onSetConfigurationDisplayLcdBacklightOffBrightness
                0x000000000800b7fc       0x24 _build/mainscreen-850.o
                0x000000000800b7fc                onSetConfigurationDisplayLcdBacklightOffBrightness
 .text.pins_init
                0x000000000800b820       0xac _build/pins.o
                0x000000000800b820                pins_init
 .text.system_power
                0x000000000800b8cc       0x40 _build/pins.o
                0x000000000800b8cc                system_power
 .text.NVIC_ClearPendingIRQ
                0x000000000800b90c       0x34 _build/rtc.o
 .text.RTC_IRQHandler
                0x000000000800b940       0x64 _build/rtc.o
                0x000000000800b940                RTC_IRQHandler
 .text.rtc_init
                0x000000000800b9a4      0x13c _build/rtc.o
                0x000000000800b9a4                rtc_init
 .text.rtc_set_time
                0x000000000800bae0       0x3c _build/rtc.o
                0x000000000800bae0                rtc_set_time
 .text.rtc_get_time
                0x000000000800bb1c       0x74 _build/rtc.o
                0x000000000800bb1c                rtc_get_time
 .text.rtc_get_time_since_startup
                0x000000000800bb90       0x78 _build/rtc.o
                0x000000000800bb90                rtc_get_time_since_startup
 .text.NVIC_SetPriority
                0x000000000800bc08       0x54 _build/timers.o
 .text.SysTick_Config
                0x000000000800bc5c       0x44 _build/timers.o
 .text.delay_ms
                0x000000000800bca0       0x28 _build/timers.o
                0x000000000800bca0                delay_ms
 .text.SysTick_Handler
                0x000000000800bcc8       0x28 _build/timers.o
                0x000000000800bcc8                SysTick_Handler
 .text.systick_init
                0x000000000800bcf0       0x2c _build/timers.o
                0x000000000800bcf0                systick_init
 .text.get_time_base_counter_1ms
                0x000000000800bd1c       0x14 _build/timers.o
                0x000000000800bd1c                get_time_base_counter_1ms
 .text.timer3_init
                0x000000000800bd30       0x68 _build/timers.o
                0x000000000800bd30                timer3_init
 .text.TIM4_IRQHandler
                0x000000000800bd98       0x28 _build/timers.o
                0x000000000800bd98                TIM4_IRQHandler
 .text.timer4_init
                0x000000000800bdc0       0x68 _build/timers.o
                0x000000000800bdc0                timer4_init
 .text.Display850C_rt_processing_stop
                0x000000000800be28       0x20 _build/timers.o
                0x000000000800be28                Display850C_rt_processing_stop
 .text.Display850C_rt_processing_start
                0x000000000800be48       0x20 _build/timers.o
                0x000000000800be48                Display850C_rt_processing_start
 .text.uart_get_rx_buffer_rdy
                0x000000000800be68       0x28 _build/uart.o
                0x000000000800be68                uart_get_rx_buffer_rdy
 .text.uart_get_tx_buffer
                0x000000000800be90       0x14 _build/uart.o
                0x000000000800be90                uart_get_tx_buffer
 .text.uart_send_tx_buffer
                0x000000000800bea4       0x1c _build/uart.o
                0x000000000800bea4                uart_send_tx_buffer
 .text.usart1_init
                0x000000000800bec0      0x144 _build/usart1.o
                0x000000000800bec0                usart1_init
 .text.USART1_IRQHandler
                0x000000000800c004      0x148 _build/usart1.o
                0x000000000800c004                USART1_IRQHandler
 .text.usart1_start_dma_transfer
                0x000000000800c14c       0x34 _build/usart1.o
                0x000000000800c14c                usart1_start_dma_transfer
 .text.usart1_get_rx_buffer
                0x000000000800c180       0x14 _build/usart1.o
                0x000000000800c180                usart1_get_rx_buffer
 .text.usart1_received_package
                0x000000000800c194       0x18 _build/usart1.o
                0x000000000800c194                usart1_received_package
 .text.usart1_reset_received_package
                0x000000000800c1ac       0x18 _build/usart1.o
                0x000000000800c1ac                usart1_reset_received_package
 .text.debugger_break
                0x000000000800c1c4       0x10 _build/../../common/src/fault.o
 .text.app_error_fault_handler
                0x000000000800c1d4      0x108 _build/../../common/src/fault.o
                0x000000000800c1d4                app_error_fault_handler
 .text.__assert_func
                0x000000000800c2dc       0x2e _build/../../common/src/fault.o
                0x000000000800c2dc                __assert_func
 .text.assert_failed
                0x000000000800c30a       0x2e _build/../../common/src/fault.o
                0x000000000800c30a                assert_failed
 .text.buttons_get_up_state
                0x000000000800c338       0x4c _build/../../common/src/buttons.o
                0x000000000800c338                buttons_get_up_state
 .text.buttons_get_down_state
                0x000000000800c384       0x4c _build/../../common/src/buttons.o
                0x000000000800c384                buttons_get_down_state
 .text.buttons_get_onoff_state
                0x000000000800c3d0       0x24 _build/../../common/src/buttons.o
                0x000000000800c3d0                buttons_get_onoff_state
 .text.buttons_get_m_state
                0x000000000800c3f4        0xe _build/../../common/src/buttons.o
                0x000000000800c3f4                buttons_get_m_state
 *fill*         0x000000000800c402        0x2 
 .text.buttons_get_onoff_click_event
                0x000000000800c404       0x18 _build/../../common/src/buttons.o
                0x000000000800c404                buttons_get_onoff_click_event
 .text.buttons_clear_onoff_click_event
                0x000000000800c41c       0x20 _build/../../common/src/buttons.o
                0x000000000800c41c                buttons_clear_onoff_click_event
 .text.buttons_clear_onoff_click_long_click_event
                0x000000000800c43c       0x20 _build/../../common/src/buttons.o
                0x000000000800c43c                buttons_clear_onoff_click_long_click_event
 .text.buttons_clear_onoff_long_click_event
                0x000000000800c45c       0x20 _build/../../common/src/buttons.o
                0x000000000800c45c                buttons_clear_onoff_long_click_event
 .text.buttons_get_events
                0x000000000800c47c       0x14 _build/../../common/src/buttons.o
                0x000000000800c47c                buttons_get_events
 .text.buttons_set_events
                0x000000000800c490       0x28 _build/../../common/src/buttons.o
                0x000000000800c490                buttons_set_events
 .text.buttons_clear_all_events
                0x000000000800c4b8       0x48 _build/../../common/src/buttons.o
                0x000000000800c4b8                buttons_clear_all_events
 .text.buttons_clock
                0x000000000800c500      0x3f8 _build/../../common/src/buttons.o
                0x000000000800c500                buttons_clock
 .text.map      0x000000000800c8f8       0x82 _build/../../common/src/utils.o
                0x000000000800c8f8                map
 *fill*         0x000000000800c97a        0x2 
 .text.crc16    0x000000000800c97c       0x68 _build/../../common/src/utils.o
                0x000000000800c97c                crc16
 .text.UG_Init  0x000000000800c9e4      0x12c _build/../../common/src/ugui.o
                0x000000000800c9e4                UG_Init
 .text.UG_FontSelect
                0x000000000800cb10       0x2c _build/../../common/src/ugui.o
                0x000000000800cb10                UG_FontSelect
 .text.UG_FillScreen
                0x000000000800cb3c       0x54 _build/../../common/src/ugui.o
                0x000000000800cb3c                UG_FillScreen
 .text.UG_FillFrame
                0x000000000800cb90       0xfc _build/../../common/src/ugui.o
                0x000000000800cb90                UG_FillFrame
 .text.UG_FillRoundFrame
                0x000000000800cc8c      0x248 _build/../../common/src/ugui.o
                0x000000000800cc8c                UG_FillRoundFrame
 .text.UG_DrawMesh
                0x000000000800ced4       0xa4 _build/../../common/src/ugui.o
                0x000000000800ced4                UG_DrawMesh
 .text.UG_DrawLine
                0x000000000800cf78      0x1d0 _build/../../common/src/ugui.o
                0x000000000800cf78                UG_DrawLine
 .text.UG_PutString_with_length
                0x000000000800d148      0x144 _build/../../common/src/ugui.o
                0x000000000800d148                UG_PutString_with_length
 .text.UG_PutString
                0x000000000800d28c       0x2a _build/../../common/src/ugui.o
                0x000000000800d28c                UG_PutString
 *fill*         0x000000000800d2b6        0x2 
 .text.UG_PutChar
                0x000000000800d2b8       0x64 _build/../../common/src/ugui.o
                0x000000000800d2b8                UG_PutChar
 .text.UG_SetForecolor
                0x000000000800d31c       0x24 _build/../../common/src/ugui.o
                0x000000000800d31c                UG_SetForecolor
 .text.UG_SetBackcolor
                0x000000000800d340       0x24 _build/../../common/src/ugui.o
                0x000000000800d340                UG_SetBackcolor
 .text._UG_PutChar
                0x000000000800d364      0x598 _build/../../common/src/ugui.o
                0x000000000800d364                _UG_PutChar
 .text.UG_DriverRegister
                0x000000000800d8fc       0x44 _build/../../common/src/ugui.o
                0x000000000800d8fc                UG_DriverRegister
 .text._UG_Refresh
                0x000000000800d940       0x30 _build/../../common/src/ugui.o
                0x000000000800d940                _UG_Refresh
 .text.get_ui_vars
                0x000000000800d970       0x14 _build/../../common/src/state.o
                0x000000000800d970                get_ui_vars
 .text.get_rt_vars
                0x000000000800d984       0x14 _build/../../common/src/state.o
                0x000000000800d984                get_rt_vars
 .text.set_lcd_backlight
                0x000000000800d998       0x2c _build/../../common/src/state.o
                0x000000000800d998                set_lcd_backlight
 .text.fake     0x000000000800d9c4       0x4c _build/../../common/src/state.o
 .text.fakeWave
                0x000000000800da10       0x48 _build/../../common/src/state.o
 .text.fakeRandom
                0x000000000800da58       0x78 _build/../../common/src/state.o
 .text.parse_simmotor
                0x000000000800dad0      0x210 _build/../../common/src/state.o
                0x000000000800dad0                parse_simmotor
 .text.rt_send_tx_package
                0x000000000800dce0      0x4ec _build/../../common/src/state.o
                0x000000000800dce0                rt_send_tx_package
 .text.rt_low_pass_filter_battery_voltage_current_power
                0x000000000800e1cc      0x140 _build/../../common/src/state.o
                0x000000000800e1cc                rt_low_pass_filter_battery_voltage_current_power
 .text.rt_low_pass_filter_pedal_power
                0x000000000800e30c       0x50 _build/../../common/src/state.o
                0x000000000800e30c                rt_low_pass_filter_pedal_power
 .text.rt_calc_battery_voltage_soc
                0x000000000800e35c       0x40 _build/../../common/src/state.o
                0x000000000800e35c                rt_calc_battery_voltage_soc
 .text.rt_calc_wh
                0x000000000800e39c       0xc0 _build/../../common/src/state.o
                0x000000000800e39c                rt_calc_wh
 .text.reset_wh
                0x000000000800e45c       0x2c _build/../../common/src/state.o
                0x000000000800e45c                reset_wh
 .text.rt_calc_odometer
                0x000000000800e488      0x118 _build/../../common/src/state.o
 .text.rt_calc_trips
                0x000000000800e5a0      0x268 _build/../../common/src/state.o
 .text.rt_low_pass_filter_pedal_cadence
                0x000000000800e808       0x60 _build/../../common/src/state.o
 .text.rt_first_time_management
                0x000000000800e868       0xf4 _build/../../common/src/state.o
                0x000000000800e868                rt_first_time_management
 .text.rt_calc_battery_soc
                0x000000000800e95c       0x58 _build/../../common/src/state.o
                0x000000000800e95c                rt_calc_battery_soc
 .text.rt_processing_stop
                0x000000000800e9b4        0xc _build/../../common/src/state.o
                0x000000000800e9b4                rt_processing_stop
 .text.rt_processing_start
                0x000000000800e9c0        0xc _build/../../common/src/state.o
                0x000000000800e9c0                rt_processing_start
 .text.copy_rt_to_ui_vars
                0x000000000800e9cc      0x4ac _build/../../common/src/state.o
                0x000000000800e9cc                copy_rt_to_ui_vars
 .text.automatic_power_off_management
                0x000000000800ee78       0x78 _build/../../common/src/state.o
                0x000000000800ee78                automatic_power_off_management
 .text.communications
                0x000000000800eef0      0x2f8 _build/../../common/src/state.o
                0x000000000800eef0                communications
 .text.rt_processing
                0x000000000800f1e8      0x128 _build/../../common/src/state.o
                0x000000000800f1e8                rt_processing
 .text.prepare_torque_sensor_calibration_table
                0x000000000800f310      0x148 _build/../../common/src/state.o
                0x000000000800f310                prepare_torque_sensor_calibration_table
 .text.motor_init
                0x000000000800f458      0x290 _build/../../common/src/state.o
 .text.getBackColor
                0x000000000800f6e8       0x32 _build/../../common/src/screen.o
 .text.getForeColor
                0x000000000800f71a       0x3c _build/../../common/src/screen.o
 *fill*         0x000000000800f756        0x2 
 .text.autoTextHeight
                0x000000000800f758       0x48 _build/../../common/src/screen.o
 .text.renderDrawTextCommon
                0x000000000800f7a0       0xdc _build/../../common/src/screen.o
                0x000000000800f7a0                renderDrawTextCommon
 .text.renderDrawTextRW
                0x000000000800f87c       0x22 _build/../../common/src/screen.o
 .text.renderDrawTextRO
                0x000000000800f89e       0x20 _build/../../common/src/screen.o
 *fill*         0x000000000800f8be        0x2 
 .text.renderFill
                0x000000000800f8c0       0xac _build/../../common/src/screen.o
 .text.renderMesh
                0x000000000800f96c       0xac _build/../../common/src/screen.o
 .text.drawSelectionMarkerForced
                0x000000000800fa18       0xb4 _build/../../common/src/screen.o
 .text.drawSelectionMarker
                0x000000000800facc       0x8a _build/../../common/src/screen.o
 .text.drawBorder
                0x000000000800fb56      0x190 _build/../../common/src/screen.o
 *fill*         0x000000000800fce6        0x2 
 .text.getField
                0x000000000800fce8       0x94 _build/../../common/src/screen.o
 .text.needsRender
                0x000000000800fd7c       0xac _build/../../common/src/screen.o
 .text.renderField
                0x000000000800fe28       0x30 _build/../../common/src/screen.o
 .text.renderLayouts
                0x000000000800fe58      0x21c _build/../../common/src/screen.o
                0x000000000800fe58                renderLayouts
 .text.getActiveScrollable
                0x0000000008010074       0x2c _build/../../common/src/screen.o
 .text.enterScrollable
                0x00000000080100a0       0x7c _build/../../common/src/screen.o
 .text.exitScrollable
                0x000000000801011c       0x74 _build/../../common/src/screen.o
 .text.renderActiveScrollable
                0x0000000008010190      0x380 _build/../../common/src/screen.o
 .text.renderScrollable
                0x0000000008010510       0x48 _build/../../common/src/screen.o
 .text.getEditableNumber
                0x0000000008010558      0x150 _build/../../common/src/screen.o
 .text.convertUnits
                0x00000000080106a8       0xec _build/../../common/src/screen.o
                0x00000000080106a8                convertUnits
 .text.convertToImperialIfNeeded
                0x0000000008010794       0xa4 _build/../../common/src/screen.o
                0x0000000008010794                convertToImperialIfNeeded
 .text.setEditableNumber
                0x0000000008010838      0x10c _build/../../common/src/screen.o
 .text.countEnumOptions
                0x0000000008010944       0x32 _build/../../common/src/screen.o
 *fill*         0x0000000008010976        0x2 
 .text.changeEditable
                0x0000000008010978      0x118 _build/../../common/src/screen.o
 .text.getUnits
                0x0000000008010a90       0xa4 _build/../../common/src/screen.o
 .text.getEditableString
                0x0000000008010b34      0x110 _build/../../common/src/screen.o
 .text.putStringCentered
                0x0000000008010c44       0xdc _build/../../common/src/screen.o
 .text.putStringRight
                0x0000000008010d20       0x74 _build/../../common/src/screen.o
 .text.putStringLeft
                0x0000000008010d94       0x40 _build/../../common/src/screen.o
 .text.putAligned
                0x0000000008010dd4      0x13c _build/../../common/src/screen.o
 .text.updateReadOnlyStr
                0x0000000008010f10       0x54 _build/../../common/src/screen.o
                0x0000000008010f10                updateReadOnlyStr
 .text.updateReadOnlyLabelStr
                0x0000000008010f64       0x2a _build/../../common/src/screen.o
                0x0000000008010f64                updateReadOnlyLabelStr
 .text.getEditableColor
                0x0000000008010f8e      0x226 _build/../../common/src/screen.o
                0x0000000008010f8e                getEditableColor
 .text.renderEditable
                0x00000000080111b4      0x82c _build/../../common/src/screen.o
 .text.renderCustom
                0x00000000080119e0       0x40 _build/../../common/src/screen.o
 .text.graphClear
                0x0000000008011a20       0x80 _build/../../common/src/screen.o
 .text.graphLabelAxisCustomize
                0x0000000008011aa0      0x280 _build/../../common/src/screen.o
 .text.graphLabelAxis
                0x0000000008011d20      0x294 _build/../../common/src/screen.o
 .text.graphScaleY
                0x0000000008011fb4       0x40 _build/../../common/src/screen.o
 .text.graphDrawPoints
                0x0000000008011ff4      0x7e4 _build/../../common/src/screen.o
 .text.renderGraph
                0x00000000080127d8      0x230 _build/../../common/src/screen.o
 .text.renderCustomizable
                0x0000000008012a08       0x22 _build/../../common/src/screen.o
 *fill*         0x0000000008012a2a        0x2 
 .text.renderEnd
                0x0000000008012a2c       0x24 _build/../../common/src/screen.o
 .text.forceScrollableRender
                0x0000000008012a50       0x38 _build/../../common/src/screen.o
 .text.setActiveEditable
                0x0000000008012a88       0x90 _build/../../common/src/screen.o
 .text.onPressEditable
                0x0000000008012b18       0x84 _build/../../common/src/screen.o
 .text.countEntries
                0x0000000008012b9c       0x40 _build/../../common/src/screen.o
                0x0000000008012b9c                countEntries
 .text.onPressScrollable
                0x0000000008012bdc      0x184 _build/../../common/src/screen.o
 .text.selectNextCustomizableField
                0x0000000008012d60       0xd8 _build/../../common/src/screen.o
 .text.changeCurrentCustomizableField
                0x0000000008012e38       0xac _build/../../common/src/screen.o
 .text.changeXAxis
                0x0000000008012ee4       0xa0 _build/../../common/src/screen.o
 .text.onPressCustomizing
                0x0000000008012f84      0x184 _build/../../common/src/screen.o
 .text.screenOnPress
                0x0000000008013108       0xd4 _build/../../common/src/screen.o
                0x0000000008013108                screenOnPress
 .text.panicScreenShow
                0x00000000080131dc       0x54 _build/../../common/src/screen.o
                0x00000000080131dc                panicScreenShow
 .text.screenShow
                0x0000000008013230       0x40 _build/../../common/src/screen.o
                0x0000000008013230                screenShow
 .text.screenUpdate
                0x0000000008013270      0x104 _build/../../common/src/screen.o
                0x0000000008013270                screenUpdate
 .text.fieldPrintf
                0x0000000008013374       0x8c _build/../../common/src/screen.o
                0x0000000008013374                fieldPrintf
 .text.updateGraphData
                0x0000000008013400      0x320 _build/../../common/src/screen.o
                0x0000000008013400                updateGraphData
 .text.rt_graph_process
                0x0000000008013720      0x268 _build/../../common/src/screen.o
                0x0000000008013720                rt_graph_process
 .text.graph_init
                0x0000000008013988       0xc4 _build/../../common/src/screen.o
                0x0000000008013988                graph_init
 .text.update_battery_power_usage_label
                0x0000000008013a4c       0x48 _build/../../common/src/screen.o
                0x0000000008013a4c                update_battery_power_usage_label
 .text.screen_init
                0x0000000008013a94      0x2ec _build/../../common/src/screen.o
                0x0000000008013a94                screen_init
 .text.bootScreenOnPreUpdate
                0x0000000008013d80       0x78 _build/../../common/src/mainscreen.o
 .text.bootScreenOnExit
                0x0000000008013df8       0x18 _build/../../common/src/mainscreen.o
                0x0000000008013df8                bootScreenOnExit
 .text.anyscreen_onpress
                0x0000000008013e10       0x64 _build/../../common/src/mainscreen.o
                0x0000000008013e10                anyscreen_onpress
 .text.onPressAlternateField
                0x0000000008013e74      0x2cc _build/../../common/src/mainscreen.o
 .text.onPressStreetMode
                0x0000000008014140       0x60 _build/../../common/src/mainscreen.o
 .text.mainScreenOnPress
                0x00000000080141a0       0xec _build/../../common/src/mainscreen.o
                0x00000000080141a0                mainScreenOnPress
 .text.set_conversions
                0x000000000801428c       0x40 _build/../../common/src/mainscreen.o
                0x000000000801428c                set_conversions
 .text.lcd_main_screen
                0x00000000080142cc       0x28 _build/../../common/src/mainscreen.o
                0x00000000080142cc                lcd_main_screen
 .text.wheel_speed
                0x00000000080142f4       0x68 _build/../../common/src/mainscreen.o
                0x00000000080142f4                wheel_speed
 .text.alternatField
                0x000000000801435c      0x118 _build/../../common/src/mainscreen.o
                0x000000000801435c                alternatField
 .text.streetMode
                0x0000000008014474       0x38 _build/../../common/src/mainscreen.o
                0x0000000008014474                streetMode
 .text.screen_clock
                0x00000000080144ac       0x78 _build/../../common/src/mainscreen.o
                0x00000000080144ac                screen_clock
 .text.thresholds
                0x0000000008014524      0x634 _build/../../common/src/mainscreen.o
                0x0000000008014524                thresholds
 .text.up_time  0x0000000008014b58       0x54 _build/../../common/src/mainscreen.o
                0x0000000008014b58                up_time
 .text.trip_time
                0x0000000008014bac       0x30 _build/../../common/src/mainscreen.o
                0x0000000008014bac                trip_time
 .text.updateTripTime
                0x0000000008014bdc       0xdc _build/../../common/src/mainscreen.o
                0x0000000008014bdc                updateTripTime
 .text.renderWarning
                0x0000000008014cb8       0x38 _build/../../common/src/mainscreen.o
 .text.setWarning
                0x0000000008014cf0       0x74 _build/../../common/src/mainscreen.o
                0x0000000008014cf0                setWarning
 .text.warnings
                0x0000000008014d64      0x1d0 _build/../../common/src/mainscreen.o
                0x0000000008014d64                warnings
 .text.battery_soc
                0x0000000008014f34       0x80 _build/../../common/src/mainscreen.o
                0x0000000008014f34                battery_soc
 .text.time     0x0000000008014fb4       0xc8 _build/../../common/src/mainscreen.o
                0x0000000008014fb4                time
 .text.walk_assist_state
                0x000000000801507c       0x68 _build/../../common/src/mainscreen.o
                0x000000000801507c                walk_assist_state
 .text.showNextScreen
                0x00000000080150e4       0x50 _build/../../common/src/mainscreen.o
                0x00000000080150e4                showNextScreen
 .text.appwide_onpress
                0x0000000008015134       0x6c _build/../../common/src/mainscreen.o
 .text.handle_buttons
                0x00000000080151a0      0x108 _build/../../common/src/mainscreen.o
 .text.main_idle
                0x00000000080152a8       0x3c _build/../../common/src/mainscreen.o
                0x00000000080152a8                main_idle
 .text.batteryTotalWh
                0x00000000080152e4       0x28 _build/../../common/src/mainscreen.o
                0x00000000080152e4                batteryTotalWh
 .text.DisplayResetToDefaults
                0x000000000801530c       0x20 _build/../../common/src/mainscreen.o
                0x000000000801530c                DisplayResetToDefaults
 .text.TripMemoriesReset
                0x000000000801532c       0x98 _build/../../common/src/mainscreen.o
                0x000000000801532c                TripMemoriesReset
 .text.DisplayResetBluetoothPeers
                0x00000000080153c4        0xc _build/../../common/src/mainscreen.o
                0x00000000080153c4                DisplayResetBluetoothPeers
 .text.batteryCurrent
                0x00000000080153d0       0x20 _build/../../common/src/mainscreen.o
                0x00000000080153d0                batteryCurrent
 .text.batteryResistance
                0x00000000080153f0      0x114 _build/../../common/src/mainscreen.o
                0x00000000080153f0                batteryResistance
 .text.motorCurrent
                0x0000000008015504       0x20 _build/../../common/src/mainscreen.o
                0x0000000008015504                motorCurrent
 .text.onSetConfigurationWheelOdometer
                0x0000000008015524       0x20 _build/../../common/src/mainscreen.o
                0x0000000008015524                onSetConfigurationWheelOdometer
 .text.batteryPower
                0x0000000008015544       0x7c _build/../../common/src/mainscreen.o
                0x0000000008015544                batteryPower
 .text.pedalPower
                0x00000000080155c0       0xa8 _build/../../common/src/mainscreen.o
                0x00000000080155c0                pedalPower
 .text.onSetConfigurationBatterySOCUsedWh
                0x0000000008015668       0x20 _build/../../common/src/mainscreen.o
                0x0000000008015668                onSetConfigurationBatterySOCUsedWh
 .text.configScreenOnEnter
                0x0000000008015688       0x30 _build/../../common/src/configscreen.o
 .text.configExit
                0x00000000080156b8       0x2c _build/../../common/src/configscreen.o
 .text.configPreUpdate
                0x00000000080156e4        0xc _build/../../common/src/configscreen.o
 .text.eeprom_init
                0x00000000080156f0       0x5c _build/../../common/src/eeprom.o
                0x00000000080156f0                eeprom_init
 .text.eeprom_init_variables
                0x000000000801574c      0x9f8 _build/../../common/src/eeprom.o
                0x000000000801574c                eeprom_init_variables
 .text.eeprom_write_variables
                0x0000000008016144      0x768 _build/../../common/src/eeprom.o
                0x0000000008016144                eeprom_write_variables
 .text.eeprom_init_defaults
                0x00000000080168ac       0x14 _build/../../common/src/eeprom.o
                0x00000000080168ac                eeprom_init_defaults
 .text.protocol_telemetry_tick_100ms
                0x00000000080168c0       0x44 _build/../../common/protocol/protocol.o
                0x00000000080168c0                protocol_telemetry_tick_100ms
 .text.protocol_telemetry_note_valid_rx
                0x0000000008016904       0x1c _build/../../common/protocol/protocol.o
                0x0000000008016904                protocol_telemetry_note_valid_rx
 .text.protocol_telemetry_publish
                0x0000000008016920       0x44 _build/../../common/protocol/protocol.o
                0x0000000008016920                protocol_telemetry_publish
 .text.protocol_telemetry_is_fresh
                0x0000000008016964       0x20 _build/../../common/protocol/protocol.o
                0x0000000008016964                protocol_telemetry_is_fresh
 .text.tsdz2_protocol_publish_telemetry
                0x0000000008016984       0x9a _build/../../common/protocol/tsdz2_protocol.o
                0x0000000008016984                tsdz2_protocol_publish_telemetry
 .text.range_x10
                0x0000000008016a1e       0x38 _build/../../common/protocol/range_estimator.o
 .text.range_estimate_calculate
                0x0000000008016a56       0x9e _build/../../common/protocol/range_estimator.o
                0x0000000008016a56                range_estimate_calculate
 .text.instrumentation_reset
                0x0000000008016af4       0x2c _build/../../common/protocol/instrumentation.o
                0x0000000008016af4                instrumentation_reset
 .text.instrumentation_update_100ms
                0x0000000008016b20      0x160 _build/../../common/protocol/instrumentation.o
                0x0000000008016b20                instrumentation_update_100ms
 .text.Reset_Handler
                0x0000000008016c80       0x44 startup_stm32f10x_md.o
                0x0000000008016c80                Reset_Handler
 .text.Default_Handler
                0x0000000008016cc4        0x2 startup_stm32f10x_md.o
                0x0000000008016cc4                EXTI2_IRQHandler
                0x0000000008016cc4                DebugMon_Handler
                0x0000000008016cc4                TIM1_CC_IRQHandler
                0x0000000008016cc4                PVD_IRQHandler
                0x0000000008016cc4                PendSV_Handler
                0x0000000008016cc4                NMI_Handler
                0x0000000008016cc4                EXTI3_IRQHandler
                0x0000000008016cc4                EXTI0_IRQHandler
                0x0000000008016cc4                I2C2_EV_IRQHandler
                0x0000000008016cc4                UsageFault_Handler
                0x0000000008016cc4                ADC1_2_IRQHandler
                0x0000000008016cc4                SPI1_IRQHandler
                0x0000000008016cc4                TAMPER_IRQHandler
                0x0000000008016cc4                DMA1_Channel4_IRQHandler
                0x0000000008016cc4                USART3_IRQHandler
                0x0000000008016cc4                DMA1_Channel7_IRQHandler
                0x0000000008016cc4                CAN1_RX1_IRQHandler
                0x0000000008016cc4                I2C1_EV_IRQHandler
                0x0000000008016cc4                DMA1_Channel6_IRQHandler
                0x0000000008016cc4                TIM3_IRQHandler
                0x0000000008016cc4                RCC_IRQHandler
                0x0000000008016cc4                TIM1_TRG_COM_IRQHandler
                0x0000000008016cc4                DMA1_Channel1_IRQHandler
                0x0000000008016cc4                Default_Handler
                0x0000000008016cc4                EXTI15_10_IRQHandler
                0x0000000008016cc4                EXTI9_5_IRQHandler
                0x0000000008016cc4                SPI2_IRQHandler
                0x0000000008016cc4                MemManage_Handler
                0x0000000008016cc4                SVC_Handler
                0x0000000008016cc4                DMA1_Channel5_IRQHandler
                0x0000000008016cc4                EXTI4_IRQHandler
                0x0000000008016cc4                USB_LP_CAN1_RX0_IRQHandler
                0x0000000008016cc4                USB_HP_CAN1_TX_IRQHandler
                0x0000000008016cc4                DMA1_Channel3_IRQHandler
                0x0000000008016cc4                TIM1_UP_IRQHandler
                0x0000000008016cc4                WWDG_IRQHandler
                0x0000000008016cc4                TIM2_IRQHandler
                0x0000000008016cc4                TIM1_BRK_IRQHandler
                0x0000000008016cc4                EXTI1_IRQHandler
                0x0000000008016cc4                RTCAlarm_IRQHandler
                0x0000000008016cc4                USART2_IRQHandler
                0x0000000008016cc4                I2C2_ER_IRQHandler
                0x0000000008016cc4                DMA1_Channel2_IRQHandler
                0x0000000008016cc4                CAN1_SCE_IRQHandler
                0x0000000008016cc4                FLASH_IRQHandler
                0x0000000008016cc4                BusFault_Handler
                0x0000000008016cc4                I2C1_ER_IRQHandler
                0x0000000008016cc4                USBWakeUp_IRQHandler
 *fill*         0x0000000008016cc6        0x2 
 .text.cosf     0x0000000008016cc8       0x78 c:/users/pjparisien/documents/codex/2026-08-31/referenced-chatgpt-conversation-this-is-an/work/toolchains/gcc731/bin/../lib/gcc/arm-none-eabi/7.3.1/../../../../arm-none-eabi/lib/thumb/v7-m\libm.a(lib_a-sf_cos.o)
                0x0000000008016cc8                cosf
 .text.sinf     0x0000000008016d40       0x7c c:/users/pjparisien/documents/codex/2026-08-31/referenced-chatgpt-conversation-this-is-an/work/toolchains/gcc731/bin/../lib/gcc/arm-none-eabi/7.3.1/../../../../arm-none-eabi/lib/thumb/v7-m\libm.a(lib_a-sf_sin.o)
                0x0000000008016d40                sinf
 .text.__ieee754_rem_pio2f
                0x0000000008016dbc      0x2e4 c:/users/pjparisien/documents/codex/2026-08-31/referenced-chatgpt-conversation-this-is-an/work/toolchains/gcc731/bin/../lib/gcc/arm-none-eabi/7.3.1/../../../../arm-none-eabi/lib/thumb/v7-m\libm.a(lib_a-ef_rem_pio2.o)
                0x0000000008016dbc                __ieee754_rem_pio2f
 .text.__kernel_cosf
                0x00000000080170a0      0x188 c:/users/pjparisien/documents/codex/2026-08-31/referenced-chatgpt-conversation-this-is-an/work/toolchains/gcc731/bin/../lib/gcc/arm-none-eabi/7.3.1/../../../../arm-none-eabi/lib/thumb/v7-m\libm.a(lib_a-kf_cos.o)
                0x00000000080170a0                __kernel_cosf
 .text.__kernel_rem_pio2f
                0x0000000008017228      0x6c4 c:/users/pjparisien/documents/codex/2026-08-31/referenced-chatgpt-conversation-this-is-an/work/toolchains/gcc731/bin/../lib/gcc/arm-none-eabi/7.3.1/../../../../arm-none-eabi/lib/thumb/v7-m\libm.a(lib_a-kf_rem_pio2.o)
                0x0000000008017228                __kernel_rem_pio2f
 .text.__kernel_sinf
                0x00000000080178ec       0xec c:/users/pjparisien/documents/codex/2026-08-31/referenced-chatgpt-conversation-this-is-an/work/toolchains/gcc731/bin/../lib/gcc/arm-none-eabi/7.3.1/../../../../arm-none-eabi/lib/thumb/v7-m\libm.a(lib_a-kf_sin.o)
                0x00000000080178ec                __kernel_sinf
 .text.fabsf    0x00000000080179d8        0x8 c:/users/pjparisien/documents/codex/2026-08-31/referenced-chatgpt-conversation-this-is-an/work/toolchains/gcc731/bin/../lib/gcc/arm-none-eabi/7.3.1/../../../../arm-none-eabi/lib/thumb/v7-m\libm.a(lib_a-sf_fabs.o)
                0x00000000080179d8                fabsf
 .text.floorf   0x00000000080179e0       0x88 c:/users/pjparisien/documents/codex/2026-08-31/referenced-chatgpt-conversation-this-is-an/work/toolchains/gcc731/bin/../lib/gcc/arm-none-eabi/7.3.1/../../../../arm-none-eabi/lib/thumb/v7-m\libm.a(lib_a-sf_floor.o)
                0x00000000080179e0                floorf
 .text.scalbnf  0x0000000008017a68       0xb0 c:/users/pjparisien/documents/codex/2026-08-31/referenced-chatgpt-conversation-this-is-an/work/toolchains/gcc731/bin/../lib/gcc/arm-none-eabi/7.3.1/../../../../arm-none-eabi/lib/thumb/v7-m\libm.a(lib_a-sf_scalbn.o)
                0x0000000008017a68                scalbnf
 .text.copysignf
                0x0000000008017b18        0xc c:/users/pjparisien/documents/codex/2026-08-31/referenced-chatgpt-conversation-this-is-an/work/toolchains/gcc731/bin/../lib/gcc/arm-none-eabi/7.3.1/../../../../arm-none-eabi/lib/thumb/v7-m\libm.a(lib_a-sf_copysign.o)
                0x0000000008017b18                copysignf
 .text.abort    0x0000000008017b24        0xe c:/users/pjparisien/documents/codex/2026-08-31/referenced-chatgpt-conversation-this-is-an/work/toolchains/gcc731/bin/../lib/gcc/arm-none-eabi/7.3.1/../../../../arm-none-eabi/lib/thumb/v7-m\libc_nano.a(lib_a-abort.o)
                0x0000000008017b24                abort
 .text.atoi     0x0000000008017b32        0x8 c:/users/pjparisien/documents/codex/2026-08-31/referenced-chatgpt-conversation-this-is-an/work/toolchains/gcc731/bin/../lib/gcc/arm-none-eabi/7.3.1/../../../../arm-none-eabi/lib/thumb/v7-m\libc_nano.a(lib_a-atoi.o)
                0x0000000008017b32                atoi
 .text.memcpy   0x0000000008017b3a       0x16 c:/users/pjparisien/documents/codex/2026-08-31/referenced-chatgpt-conversation-this-is-an/work/toolchains/gcc731/bin/../lib/gcc/arm-none-eabi/7.3.1/../../../../arm-none-eabi/lib/thumb/v7-m\libc_nano.a(lib_a-memcpy-stub.o)
                0x0000000008017b3a                memcpy
 .text.memset   0x0000000008017b50       0x10 c:/users/pjparisien/documents/codex/2026-08-31/referenced-chatgpt-conversation-this-is-an/work/toolchains/gcc731/bin/../lib/gcc/arm-none-eabi/7.3.1/../../../../arm-none-eabi/lib/thumb/v7-m\libc_nano.a(lib_a-memset.o)
                0x0000000008017b50                memset
 .text.rand     0x0000000008017b60       0x68 c:/users/pjparisien/documents/codex/2026-08-31/referenced-chatgpt-conversation-this-is-an/work/toolchains/gcc731/bin/../lib/gcc/arm-none-eabi/7.3.1/../../../../arm-none-eabi/lib/thumb/v7-m\libc_nano.a(lib_a-rand.o)
                0x0000000008017b60                rand
 .text._raise_r
                0x0000000008017bc8       0x50 c:/users/pjparisien/documents/codex/2026-08-31/referenced-chatgpt-conversation-this-is-an/work/toolchains/gcc731/bin/../lib/gcc/arm-none-eabi/7.3.1/../../../../arm-none-eabi/lib/thumb/v7-m\libc_nano.a(lib_a-signal.o)
                0x0000000008017bc8                _raise_r
 .text.raise    0x0000000008017c18       0x10 c:/users/pjparisien/documents/codex/2026-08-31/referenced-chatgpt-conversation-this-is-an/work/toolchains/gcc731/bin/../lib/gcc/arm-none-eabi/7.3.1/../../../../arm-none-eabi/lib/thumb/v7-m\libc_nano.a(lib_a-signal.o)
                0x0000000008017c18                raise
 .text._kill_r  0x0000000008017c28       0x24 c:/users/pjparisien/documents/codex/2026-08-31/referenced-chatgpt-conversation-this-is-an/work/toolchains/gcc731/bin/../lib/gcc/arm-none-eabi/7.3.1/../../../../arm-none-eabi/lib/thumb/v7-m\libc_nano.a(lib_a-signalr.o)
                0x0000000008017c28                _kill_r
 .text._getpid_r
                0x0000000008017c4c        0x4 c:/users/pjparisien/documents/codex/2026-08-31/referenced-chatgpt-conversation-this-is-an/work/toolchains/gcc731/bin/../lib/gcc/arm-none-eabi/7.3.1/../../../../arm-none-eabi/lib/thumb/v7-m\libc_nano.a(lib_a-signalr.o)
                0x0000000008017c4c                _getpid_r
 .text.snprintf
                0x0000000008017c50       0x68 c:/users/pjparisien/documents/codex/2026-08-31/referenced-chatgpt-conversation-this-is-an/work/toolchains/gcc731/bin/../lib/gcc/arm-none-eabi/7.3.1/../../../../arm-none-eabi/lib/thumb/v7-m\libc_nano.a(lib_a-snprintf.o)
                0x0000000008017c50                sniprintf
                0x0000000008017c50                snprintf
 .text.sprintf  0x0000000008017cb8       0x40 c:/users/pjparisien/documents/codex/2026-08-31/referenced-chatgpt-conversation-this-is-an/work/toolchains/gcc731/bin/../lib/gcc/arm-none-eabi/7.3.1/../../../../arm-none-eabi/lib/thumb/v7-m\libc_nano.a(lib_a-sprintf.o)
                0x0000000008017cb8                siprintf
                0x0000000008017cb8                sprintf
 .text.strcasecmp
                0x0000000008017cf8       0x3c c:/users/pjparisien/documents/codex/2026-08-31/referenced-chatgpt-conversation-this-is-an/work/toolchains/gcc731/bin/../lib/gcc/arm-none-eabi/7.3.1/../../../../arm-none-eabi/lib/thumb/v7-m\libc_nano.a(lib_a-strcasecmp.o)
                0x0000000008017cf8                strcasecmp
 .text.strcpy   0x0000000008017d34       0x10 c:/users/pjparisien/documents/codex/2026-08-31/referenced-chatgpt-conversation-this-is-an/work/toolchains/gcc731/bin/../lib/gcc/arm-none-eabi/7.3.1/../../../../arm-none-eabi/lib/thumb/v7-m\libc_nano.a(lib_a-strcpy.o)
                0x0000000008017d34                strcpy
 .text.strncmp  0x0000000008017d44       0x24 c:/users/pjparisien/documents/codex/2026-08-31/referenced-chatgpt-conversation-this-is-an/work/toolchains/gcc731/bin/../lib/gcc/arm-none-eabi/7.3.1/../../../../arm-none-eabi/lib/thumb/v7-m\libc_nano.a(lib_a-strncmp.o)
                0x0000000008017d44                strncmp
 .text.strncpy  0x0000000008017d68       0x2a c:/users/pjparisien/documents/codex/2026-08-31/referenced-chatgpt-conversation-this-is-an/work/toolchains/gcc731/bin/../lib/gcc/arm-none-eabi/7.3.1/../../../../arm-none-eabi/lib/thumb/v7-m\libc_nano.a(lib_a-strncpy.o)
                0x0000000008017d68                strncpy
 .text._strtol_l.isra.0
                0x0000000008017d92       0xf6 c:/users/pjparisien/documents/codex/2026-08-31/referenced-chatgpt-conversation-this-is-an/work/toolchains/gcc731/bin/../lib/gcc/arm-none-eabi/7.3.1/../../../../arm-none-eabi/lib/thumb/v7-m\libc_nano.a(lib_a-strtol.o)
 .text.strtol   0x0000000008017e88       0x2c c:/users/pjparisien/documents/codex/2026-08-31/referenced-chatgpt-conversation-this-is-an/work/toolchains/gcc731/bin/../lib/gcc/arm-none-eabi/7.3.1/../../../../arm-none-eabi/lib/thumb/v7-m\libc_nano.a(lib_a-strtol.o)
                0x0000000008017e88                strtol
 .text._vsnprintf_r
                0x0000000008017eb4       0x58 c:/users/pjparisien/documents/codex/2026-08-31/referenced-chatgpt-conversation-this-is-an/work/toolchains/gcc731/bin/../lib/gcc/arm-none-eabi/7.3.1/../../../../arm-none-eabi/lib/thumb/v7-m\libc_nano.a(lib_a-vsnprintf.o)
                0x0000000008017eb4                _vsniprintf_r
                0x0000000008017eb4                _vsnprintf_r
 .text.vsnprintf
                0x0000000008017f0c       0x1c c:/users/pjparisien/documents/codex/2026-08-31/referenced-chatgpt-conversation-this-is-an/work/toolchains/gcc731/bin/../lib/gcc/arm-none-eabi/7.3.1/../../../../arm-none-eabi/lib/thumb/v7-m\libc_nano.a(lib_a-vsnprintf.o)
                0x0000000008017f0c                vsniprintf
                0x0000000008017f0c                vsnprintf
 .text.__locale_ctype_ptr_l
                0x0000000008017f28        0x6 c:/users/pjparisien/documents/codex/2026-08-31/referenced-chatgpt-conversation-this-is-an/work/toolchains/gcc731/bin/../lib/gcc/arm-none-eabi/7.3.1/../../../../arm-none-eabi/lib/thumb/v7-m\libc_nano.a(lib_a-locale.o)
                0x0000000008017f28                __locale_ctype_ptr_l
 *fill*         0x0000000008017f2e        0x2 
 .text.__locale_ctype_ptr
                0x0000000008017f30       0x1c c:/users/pjparisien/documents/codex/2026-08-31/referenced-chatgpt-conversation-this-is-an/work/toolchains/gcc731/bin/../lib/gcc/arm-none-eabi/7.3.1/../../../../arm-none-eabi/lib/thumb/v7-m\libc_nano.a(lib_a-locale.o)
                0x0000000008017f30                __locale_ctype_ptr
 .text.malloc   0x0000000008017f4c       0x10 c:/users/pjparisien/documents/codex/2026-08-31/referenced-chatgpt-conversation-this-is-an/work/toolchains/gcc731/bin/../lib/gcc/arm-none-eabi/7.3.1/../../../../arm-none-eabi/lib/thumb/v7-m\libc_nano.a(lib_a-malloc.o)
                0x0000000008017f4c                malloc
 .text.__ascii_mbtowc
                0x0000000008017f5c       0x24 c:/users/pjparisien/documents/codex/2026-08-31/referenced-chatgpt-conversation-this-is-an/work/toolchains/gcc731/bin/../lib/gcc/arm-none-eabi/7.3.1/../../../../arm-none-eabi/lib/thumb/v7-m\libc_nano.a(lib_a-mbtowc_r.o)
                0x0000000008017f5c                __ascii_mbtowc
 .text._free_r  0x0000000008017f80       0x98 c:/users/pjparisien/documents/codex/2026-08-31/referenced-chatgpt-conversation-this-is-an/work/toolchains/gcc731/bin/../lib/gcc/arm-none-eabi/7.3.1/../../../../arm-none-eabi/lib/thumb/v7-m\libc_nano.a(lib_a-nano-freer.o)
                0x0000000008017f80                _free_r
 .text._malloc_r
                0x0000000008018018       0xb4 c:/users/pjparisien/documents/codex/2026-08-31/referenced-chatgpt-conversation-this-is-an/work/toolchains/gcc731/bin/../lib/gcc/arm-none-eabi/7.3.1/../../../../arm-none-eabi/lib/thumb/v7-m\libc_nano.a(lib_a-nano-mallocr.o)
                0x0000000008018018                _malloc_r
 .text.__ssputs_r
                0x00000000080180cc       0xb4 c:/users/pjparisien/documents/codex/2026-08-31/referenced-chatgpt-conversation-this-is-an/work/toolchains/gcc731/bin/../lib/gcc/arm-none-eabi/7.3.1/../../../../arm-none-eabi/lib/thumb/v7-m\libc_nano.a(lib_a-nano-svfprintf.o)
                0x00000000080180cc                __ssputs_r
 .text._svfprintf_r
                0x0000000008018180      0x1f0 c:/users/pjparisien/documents/codex/2026-08-31/referenced-chatgpt-conversation-this-is-an/work/toolchains/gcc731/bin/../lib/gcc/arm-none-eabi/7.3.1/../../../../arm-none-eabi/lib/thumb/v7-m\libc_nano.a(lib_a-nano-svfprintf.o)
                0x0000000008018180                _svfiprintf_r
                0x0000000008018180                _svfprintf_r
 .text._printf_common
                0x0000000008018370       0xec c:/users/pjparisien/documents/codex/2026-08-31/referenced-chatgpt-conversation-this-is-an/work/toolchains/gcc731/bin/../lib/gcc/arm-none-eabi/7.3.1/../../../../arm-none-eabi/lib/thumb/v7-m\libc_nano.a(lib_a-nano-vfprintf_i.o)
                0x0000000008018370                _printf_common
 .text._printf_i
                0x000000000801845c      0x224 c:/users/pjparisien/documents/codex/2026-08-31/referenced-chatgpt-conversation-this-is-an/work/toolchains/gcc731/bin/../lib/gcc/arm-none-eabi/7.3.1/../../../../arm-none-eabi/lib/thumb/v7-m\libc_nano.a(lib_a-nano-vfprintf_i.o)
                0x000000000801845c                _printf_i
 .text._sbrk_r  0x0000000008018680       0x20 c:/users/pjparisien/documents/codex/2026-08-31/referenced-chatgpt-conversation-this-is-an/work/toolchains/gcc731/bin/../lib/gcc/arm-none-eabi/7.3.1/../../../../arm-none-eabi/lib/thumb/v7-m\libc_nano.a(lib_a-sbrkr.o)
                0x0000000008018680                _sbrk_r
 .text.__ascii_wctomb
                0x00000000080186a0       0x1a c:/users/pjparisien/documents/codex/2026-08-31/referenced-chatgpt-conversation-this-is-an/work/toolchains/gcc731/bin/../lib/gcc/arm-none-eabi/7.3.1/../../../../arm-none-eabi/lib/thumb/v7-m\libc_nano.a(lib_a-wctomb_r.o)
                0x00000000080186a0                __ascii_wctomb
 .text.memchr   0x00000000080186ba       0x1c c:/users/pjparisien/documents/codex/2026-08-31/referenced-chatgpt-conversation-this-is-an/work/toolchains/gcc731/bin/../lib/gcc/arm-none-eabi/7.3.1/../../../../arm-none-eabi/lib/thumb/v7-m\libc_nano.a(lib_a-memchr-stub.o)
                0x00000000080186ba                memchr
 .text.memmove  0x00000000080186d6       0x32 c:/users/pjparisien/documents/codex/2026-08-31/referenced-chatgpt-conversation-this-is-an/work/toolchains/gcc731/bin/../lib/gcc/arm-none-eabi/7.3.1/../../../../arm-none-eabi/lib/thumb/v7-m\libc_nano.a(lib_a-memmove.o)
                0x00000000080186d6                memmove
 .text.__malloc_lock
                0x0000000008018708        0x2 c:/users/pjparisien/documents/codex/2026-08-31/referenced-chatgpt-conversation-this-is-an/work/toolchains/gcc731/bin/../lib/gcc/arm-none-eabi/7.3.1/../../../../arm-none-eabi/lib/thumb/v7-m\libc_nano.a(lib_a-mlock.o)
                0x0000000008018708                __malloc_lock
 .text.__malloc_unlock
                0x000000000801870a        0x2 c:/users/pjparisien/documents/codex/2026-08-31/referenced-chatgpt-conversation-this-is-an/work/toolchains/gcc731/bin/../lib/gcc/arm-none-eabi/7.3.1/../../../../arm-none-eabi/lib/thumb/v7-m\libc_nano.a(lib_a-mlock.o)
                0x000000000801870a                __malloc_unlock
 .text._realloc_r
                0x000000000801870c       0x4c c:/users/pjparisien/documents/codex/2026-08-31/referenced-chatgpt-conversation-this-is-an/work/toolchains/gcc731/bin/../lib/gcc/arm-none-eabi/7.3.1/../../../../arm-none-eabi/lib/thumb/v7-m\libc_nano.a(lib_a-nano-reallocr.o)
                0x000000000801870c                _realloc_r
 .text._malloc_usable_size_r
                0x0000000008018758       0x10 c:/users/pjparisien/documents/codex/2026-08-31/referenced-chatgpt-conversation-this-is-an/work/toolchains/gcc731/bin/../lib/gcc/arm-none-eabi/7.3.1/../../../../arm-none-eabi/lib/thumb/v7-m\libc_nano.a(lib_a-nano-msizer.o)
                0x0000000008018758                _malloc_usable_size_r
 .text._getpid  0x0000000008018768       0x10 c:/users/pjparisien/documents/codex/2026-08-31/referenced-chatgpt-conversation-this-is-an/work/toolchains/gcc731/bin/../lib/gcc/arm-none-eabi/7.3.1/../../../../arm-none-eabi/lib/thumb/v7-m\libnosys.a(getpid.o)
                0x0000000008018768                _getpid
 .text._kill    0x0000000008018778       0x10 c:/users/pjparisien/documents/codex/2026-08-31/referenced-chatgpt-conversation-this-is-an/work/toolchains/gcc731/bin/../lib/gcc/arm-none-eabi/7.3.1/../../../../arm-none-eabi/lib/thumb/v7-m\libnosys.a(kill.o)
                0x0000000008018778                _kill
 .text._sbrk    0x0000000008018788       0x1c c:/users/pjparisien/documents/codex/2026-08-31/referenced-chatgpt-conversation-this-is-an/work/toolchains/gcc731/bin/../lib/gcc/arm-none-eabi/7.3.1/../../../../arm-none-eabi/lib/thumb/v7-m\libnosys.a(sbrk.o)
                0x0000000008018788                _sbrk
 .text._exit    0x00000000080187a4        0x4 c:/users/pjparisien/documents/codex/2026-08-31/referenced-chatgpt-conversation-this-is-an/work/toolchains/gcc731/bin/../lib/gcc/arm-none-eabi/7.3.1/../../../../arm-none-eabi/lib/thumb/v7-m\libnosys.a(_exit.o)
                0x00000000080187a4                _exit
 *(.rodata)
 .rodata        0x00000000080187a8        0xf _build/spl/src/misc.o
 *fill*         0x00000000080187b7        0x1 
 .rodata        0x00000000080187b8       0x18 _build/spl/src/stm32f10x_adc.o
 .rodata        0x00000000080187d0       0x18 _build/spl/src/stm32f10x_bkp.o
 .rodata        0x00000000080187e8       0x18 _build/spl/src/stm32f10x_dma.o
 .rodata        0x0000000008018800       0x1a _build/spl/src/stm32f10x_flash.o
 *fill*         0x000000000801881a        0x2 
 .rodata        0x000000000801881c       0x19 _build/spl/src/stm32f10x_gpio.o
 *fill*         0x0000000008018835        0x3 
 .rodata        0x0000000008018838       0x18 _build/spl/src/stm32f10x_pwr.o
 .rodata        0x0000000008018850       0x18 _build/spl/src/stm32f10x_rcc.o
 .rodata        0x0000000008018868       0x18 _build/spl/src/stm32f10x_rtc.o
 .rodata        0x0000000008018880       0x18 _build/spl/src/stm32f10x_tim.o
 .rodata        0x0000000008018898       0x1a _build/spl/src/stm32f10x_usart.o
 *fill*         0x00000000080188b2        0x2 
 .rodata        0x00000000080188b4       0x1b _build/mainscreen-850.o
 *fill*         0x00000000080188cf        0x1 
 .rodata        0x00000000080188d0       0x4e _build/../../common/src/fault.o
 *fill*         0x000000000801891e        0x2 
 .rodata        0x0000000008018920       0x6d _build/../../common/src/state.o
 *fill*         0x000000000801898d        0x3 
 .rodata        0x0000000008018990      0x255 _build/../../common/src/screen.o
 *fill*         0x0000000008018be5        0x3 
 .rodata        0x0000000008018be8      0x314 _build/../../common/src/mainscreen.o
 .rodata        0x0000000008018efc      0x9ef _build/../../common/src/configscreen.o
 *(.rodata*)
 *fill*         0x00000000080198eb        0x1 
 .rodata.batteryField
                0x00000000080198ec       0x2c _build/mainscreen-850.o
                0x00000000080198ec                batteryField
 .rodata.faultHeading
                0x0000000008019918       0x2c _build/../../common/src/fault.o
                0x0000000008019918                faultHeading
 .rodata.faultCode
                0x0000000008019944       0x2c _build/../../common/src/fault.o
                0x0000000008019944                faultCode
 .rodata.addrHeading
                0x0000000008019970       0x2c _build/../../common/src/fault.o
                0x0000000008019970                addrHeading
 .rodata.addrCode
                0x000000000801999c       0x2c _build/../../common/src/fault.o
                0x000000000801999c                addrCode
 .rodata.infoHeading
                0x00000000080199c8       0x2c _build/../../common/src/fault.o
                0x00000000080199c8                infoHeading
 .rodata.infoCode
                0x00000000080199f4       0x2c _build/../../common/src/fault.o
                0x00000000080199f4                infoCode
 .rodata.font_10x16
                0x0000000008019a20     0x2000 _build/../../common/src/ugui.o
                0x0000000008019a20                font_10x16
 .rodata.font_12x20
                0x000000000801ba20     0x2800 _build/../../common/src/ugui.o
                0x000000000801ba20                font_12x20
 .rodata.font_16x26
                0x000000000801e220     0x3400 _build/../../common/src/ugui.o
                0x000000000801e220                font_16x26
 .rodata.font_24x40
                0x0000000008021620     0x7800 _build/../../common/src/ugui.o
                0x0000000008021620                font_24x40
 .rodata.FONT_10X16
                0x0000000008028e20       0x14 _build/../../common/src/ugui.o
                0x0000000008028e20                FONT_10X16
 .rodata.FONT_12X20
                0x0000000008028e34       0x14 _build/../../common/src/ugui.o
                0x0000000008028e34                FONT_12X20
 .rodata.FONT_16X26
                0x0000000008028e48       0x14 _build/../../common/src/ugui.o
                0x0000000008028e48                FONT_16X26
 .rodata.FONT_24X40
                0x0000000008028e5c       0x14 _build/../../common/src/ugui.o
                0x0000000008028e5c                FONT_24X40
 .rodata.BITS_FONT_61X99
                0x0000000008028e70    0x125e8 _build/../../common/src/fonts.o
 .rodata.FONT_61X99
                0x000000000803b458       0x14 _build/../../common/src/fonts.o
                0x000000000803b458                FONT_61X99
 .rodata.BITS_FONT_45X72
                0x000000000803b46c     0xa050 _build/../../common/src/fonts.o
 .rodata.FONT_45X72
                0x00000000080454bc       0x14 _build/../../common/src/fonts.o
                0x00000000080454bc                FONT_45X72
 .rodata.my_font_cursors
                0x00000000080454d0       0x1a _build/../../common/src/fonts.o
                0x00000000080454d0                my_font_cursors
 *fill*         0x00000000080454ea        0x2 
 .rodata.FONT_CURSORS
                0x00000000080454ec       0x14 _build/../../common/src/fonts.o
                0x00000000080454ec                FONT_CURSORS
 .rodata.heading
                0x0000000008045500       0x2c _build/../../common/src/screen.o
 .rodata.label  0x000000000804552c       0x2c _build/../../common/src/screen.o
 .rodata.blankRow
                0x0000000008045558       0x2c _build/../../common/src/screen.o
 .rodata.renderers
                0x0000000008045584       0x28 _build/../../common/src/screen.o
 .rodata.__func__.6244
                0x00000000080455ac        0xf _build/../../common/src/screen.o
 *fill*         0x00000000080455bb        0x1 
 .rodata.__func__.6260
                0x00000000080455bc        0xb _build/../../common/src/screen.o
 *fill*         0x00000000080455c7        0x1 
 .rodata.__func__.6264
                0x00000000080455c8        0xb _build/../../common/src/screen.o
 *fill*         0x00000000080455d3        0x1 
 .rodata.__func__.6287
                0x00000000080455d4        0x9 _build/../../common/src/screen.o
 *fill*         0x00000000080455dd        0x3 
 .rodata.__func__.6305
                0x00000000080455e0        0xe _build/../../common/src/screen.o
 *fill*         0x00000000080455ee        0x2 
 .rodata.__func__.6318
                0x00000000080455f0       0x10 _build/../../common/src/screen.o
 .rodata.__func__.6321
                0x0000000008045600        0xf _build/../../common/src/screen.o
 *fill*         0x000000000804560f        0x1 
 .rodata.__func__.6339
                0x0000000008045610       0x17 _build/../../common/src/screen.o
 *fill*         0x0000000008045627        0x1 
 .rodata.__func__.6362
                0x0000000008045628       0x12 _build/../../common/src/screen.o
 *fill*         0x000000000804563a        0x2 
 .rodata.__func__.6402
                0x000000000804563c       0x12 _build/../../common/src/screen.o
 *fill*         0x000000000804564e        0x2 
 .rodata.__func__.6417
                0x0000000008045650        0xf _build/../../common/src/screen.o
 *fill*         0x000000000804565f        0x1 
 .rodata.__func__.6444
                0x0000000008045660       0x12 _build/../../common/src/screen.o
 *fill*         0x0000000008045672        0x2 
 .rodata.__func__.6456
                0x0000000008045674       0x12 _build/../../common/src/screen.o
 *fill*         0x0000000008045686        0x2 
 .rodata.__func__.6479
                0x0000000008045688        0xb _build/../../common/src/screen.o
 *fill*         0x0000000008045693        0x1 
 .rodata.__func__.6496
                0x0000000008045694       0x12 _build/../../common/src/screen.o
 *fill*         0x00000000080456a6        0x2 
 .rodata.__func__.6557
                0x00000000080456a8        0xd _build/../../common/src/screen.o
 *fill*         0x00000000080456b5        0x3 
 .rodata.__func__.6655
                0x00000000080456b8        0xc _build/../../common/src/screen.o
 .rodata.__func__.6665
                0x00000000080456c4        0xa _build/../../common/src/screen.o
 *fill*         0x00000000080456ce        0x2 
 .rodata.__func__.6717
                0x00000000080456d0       0x1f _build/../../common/src/screen.o
 *fill*         0x00000000080456ef        0x1 
 .rodata.__func__.6752
                0x00000000080456f0        0xc _build/../../common/src/screen.o
 .rodata.__func__.6762
                0x00000000080456fc       0x10 _build/../../common/src/screen.o
 .rodata.__func__.6795
                0x000000000804570c       0x11 _build/../../common/src/screen.o
 *fill*         0x000000000804571d        0x3 
 .rodata.str_km.6814
                0x0000000008045720        0x6 _build/../../common/src/screen.o
 *fill*         0x0000000008045726        0x2 
 .rodata.str_mi.6815
                0x0000000008045728        0x6 _build/../../common/src/screen.o
 *fill*         0x000000000804572e        0x2 
 .rodata.socField
                0x0000000008045730       0x2c _build/../../common/src/mainscreen.o
                0x0000000008045730                socField
 .rodata.timeField
                0x000000000804575c       0x2c _build/../../common/src/mainscreen.o
                0x000000000804575c                timeField
 .rodata.assistLevelField
                0x0000000008045788       0x2c _build/../../common/src/mainscreen.o
                0x0000000008045788                assistLevelField
 .rodata.wheelSpeedIntegerField
                0x00000000080457b4       0x2c _build/../../common/src/mainscreen.o
                0x00000000080457b4                wheelSpeedIntegerField
 .rodata.wheelSpeedDecimalField
                0x00000000080457e0       0x2c _build/../../common/src/mainscreen.o
                0x00000000080457e0                wheelSpeedDecimalField
 .rodata.wheelSpeedField
                0x000000000804580c       0x2c _build/../../common/src/mainscreen.o
                0x000000000804580c                wheelSpeedField
 .rodata.upTimeField
                0x0000000008045838       0x2c _build/../../common/src/mainscreen.o
                0x0000000008045838                upTimeField
 .rodata.tripADistanceField
                0x0000000008045864       0x2c _build/../../common/src/mainscreen.o
                0x0000000008045864                tripADistanceField
 .rodata.tripATimeField
                0x0000000008045890       0x2c _build/../../common/src/mainscreen.o
                0x0000000008045890                tripATimeField
 .rodata.tripAAvgSpeedField
                0x00000000080458bc       0x2c _build/../../common/src/mainscreen.o
                0x00000000080458bc                tripAAvgSpeedField
 .rodata.tripAMaxSpeedField
                0x00000000080458e8       0x2c _build/../../common/src/mainscreen.o
                0x00000000080458e8                tripAMaxSpeedField
 .rodata.tripBDistanceField
                0x0000000008045914       0x2c _build/../../common/src/mainscreen.o
                0x0000000008045914                tripBDistanceField
 .rodata.tripBTimeField
                0x0000000008045940       0x2c _build/../../common/src/mainscreen.o
                0x0000000008045940                tripBTimeField
 .rodata.tripBAvgSpeedField
                0x000000000804596c       0x2c _build/../../common/src/mainscreen.o
                0x000000000804596c                tripBAvgSpeedField
 .rodata.tripBMaxSpeedField
                0x0000000008045998       0x2c _build/../../common/src/mainscreen.o
                0x0000000008045998                tripBMaxSpeedField
 .rodata.odoField
                0x00000000080459c4       0x2c _build/../../common/src/mainscreen.o
                0x00000000080459c4                odoField
 .rodata.cadenceField